<html>
<body>
<pre>
<h1>µVision Build Log</h1>
<h2>Project:</h2>
C:\Users\mui-pc\Desktop\VBEB\VBEBProject\Understanding\trunk\TCPnet_ILI9341_15072012_Ver2\Http_demo\Http_demo.uvproj
Project File Date:  08/30/2012

<h2>Output:</h2>
Build target 'STM3210C'
linking...
Program Size: Code=13948 RO-data=7188 RW-data=5492 ZI-data=18756  
FromELF: creating hex file...
".\Obj\Http_demo.axf" - 0 Error(s), 0 Warning(s).
Load "C:\\Users\\mui-pc\\Desktop\\VBEB\\VBEBProject\\Understanding\\trunk\\TCPnet_ILI9341_15072012_Ver2\\Http_demo\\Obj\\Http_demo.AXF" 
* JLink Info: Device "STM32F107VC" selected (256 KB flash, 20 KB RAM).
Set JLink Project File to "C:\Users\mui-pc\Desktop\VBEB\VBEBProject\Understanding\trunk\TCPnet_ILI9341_15072012_Ver2\Http_demo\JLinkSettings.ini"
 
JLink info:
------------
DLL: V4.50j, compiled Jun 26 2012 09:19:07
Firmware: J-Link ARM V7 compiled Jun 20 2012 19:45:53
Hardware: V7.00
S/N : 11111117 
Feature(s) : RDI, FlashBP, FlashDL, JFlash, GDBFull 
 
* JLink Info: Found SWD-DP with ID 0x1BA01477
* JLink Info: Found SWD-DP with ID 0x1BA01477
* JLink Info: TPIU fitted.
* JLink Info: ETM fitted.
* JLink Info: FPUnit: 6 code (BP) slots and 2 literal slots
* JLink Info: Found Cortex-M3 r1p1, Little endian.
ROMTableAddr = 0xE00FF003
 
Target info:
------------
Device: STM32F107VC
VTarget = 3.229V
State of Pins: 
TCK: 0, TDI: 1, TDO: 0, TMS: 0, TRES: 1, TRST: 1
Hardware-Breakpoints: 6
Software-Breakpoints: 8192
Watchpoints:          4
JTAG speed: 9600 kHz
 
Erase Done.
Programming Done.
Verify OK.
Application running ...
Build target 'STM3210C'
compiling HTTP_demo.c...
logo_RGB565.h(320): warning:  #1-D: last line of file ends without a newline
HTTP_demo.c(41): warning:  #1295-D: Deprecated declaration send_datalog - give arg types
HTTP_demo.c(307): warning:  #550-D: variable "bcount" was set but never used
HTTP_demo.c(359): warning:  #550-D: variable "data_get" was set but never used
HTTP_demo.c(226): warning:  #177-D: function "dhcp_check" was declared but never referenced
HTTP_demo.c(262): warning:  #177-D: function "blink_led" was declared but never referenced
linking...
Program Size: Code=13948 RO-data=7188 RW-data=5492 ZI-data=18756  
FromELF: creating hex file...
".\Obj\Http_demo.axf" - 0 Error(s), 6 Warning(s).
Load "C:\\Users\\mui-pc\\Desktop\\VBEB\\VBEBProject\\Understanding\\trunk\\TCPnet_ILI9341_15072012_Ver2\\Http_demo\\Obj\\Http_demo.AXF" 
* JLink Info: Device "STM32F107VC" selected (256 KB flash, 20 KB RAM).
Set JLink Project File to "C:\Users\mui-pc\Desktop\VBEB\VBEBProject\Understanding\trunk\TCPnet_ILI9341_15072012_Ver2\Http_demo\JLinkSettings.ini"
 
JLink info:
------------
DLL: V4.50j, compiled Jun 26 2012 09:19:07
Firmware: J-Link ARM V7 compiled Jun 20 2012 19:45:53
Hardware: V7.00
S/N : 11111117 
Feature(s) : RDI, FlashBP, FlashDL, JFlash, GDBFull 
 
* JLink Info: Found SWD-DP with ID 0x1BA01477
* JLink Info: Found SWD-DP with ID 0x1BA01477
* JLink Info: TPIU fitted.
* JLink Info: ETM fitted.
* JLink Info: FPUnit: 6 code (BP) slots and 2 literal slots
* JLink Info: Found Cortex-M3 r1p1, Little endian.
ROMTableAddr = 0xE00FF003
 
Target info:
------------
Device: STM32F107VC
VTarget = 3.229V
State of Pins: 
TCK: 0, TDI: 1, TDO: 0, TMS: 0, TRES: 1, TRST: 1
Hardware-Breakpoints: 6
Software-Breakpoints: 8192
Watchpoints:          4
JTAG speed: 9600 kHz
 
Erase Done.
Programming Done.
Verify OK.
Application running ...
Build target 'STM3210C'
compiling HTTP_demo.c...
logo_RGB565.h(320): warning:  #1-D: last line of file ends without a newline
HTTP_demo.c(41): warning:  #1295-D: Deprecated declaration send_datalog - give arg types
HTTP_demo.c(308): warning:  #550-D: variable "bcount" was set but never used
HTTP_demo.c(360): warning:  #550-D: variable "data_get" was set but never used
HTTP_demo.c(226): warning:  #177-D: function "dhcp_check" was declared but never referenced
HTTP_demo.c(262): warning:  #177-D: function "blink_led" was declared but never referenced
linking...
Program Size: Code=13948 RO-data=7188 RW-data=5492 ZI-data=18756  
FromELF: creating hex file...
".\Obj\Http_demo.axf" - 0 Error(s), 6 Warning(s).
Load "C:\\Users\\mui-pc\\Desktop\\VBEB\\VBEBProject\\Understanding\\trunk\\TCPnet_ILI9341_15072012_Ver2\\Http_demo\\Obj\\Http_demo.AXF" 
* JLink Info: Device "STM32F107VC" selected (256 KB flash, 20 KB RAM).
Set JLink Project File to "C:\Users\mui-pc\Desktop\VBEB\VBEBProject\Understanding\trunk\TCPnet_ILI9341_15072012_Ver2\Http_demo\JLinkSettings.ini"
 
JLink info:
------------
DLL: V4.50j, compiled Jun 26 2012 09:19:07
Firmware: J-Link ARM V7 compiled Jun 20 2012 19:45:53
Hardware: V7.00
S/N : 11111117 
Feature(s) : RDI, FlashBP, FlashDL, JFlash, GDBFull 
 
* JLink Info: Found SWD-DP with ID 0x1BA01477
* JLink Info: Found SWD-DP with ID 0x1BA01477
* JLink Info: TPIU fitted.
* JLink Info: ETM fitted.
* JLink Info: FPUnit: 6 code (BP) slots and 2 literal slots
* JLink Info: Found Cortex-M3 r1p1, Little endian.
ROMTableAddr = 0xE00FF003
 
Target info:
------------
Device: STM32F107VC
VTarget = 3.229V
State of Pins: 
TCK: 0, TDI: 1, TDO: 0, TMS: 0, TRES: 1, TRST: 1
Hardware-Breakpoints: 6
Software-Breakpoints: 8192
Watchpoints:          4
JTAG speed: 9600 kHz
 
Erase Done.
Programming Done.
Verify OK.
Application running ...
Build target 'STM3210C'
compiling HTTP_demo.c...
logo_RGB565.h(320): warning:  #1-D: last line of file ends without a newline
HTTP_demo.c(41): warning:  #1295-D: Deprecated declaration send_datalog - give arg types
HTTP_demo.c(308): warning:  #550-D: variable "bcount" was set but never used
HTTP_demo.c(360): warning:  #550-D: variable "data_get" was set but never used
HTTP_demo.c(226): warning:  #177-D: function "dhcp_check" was declared but never referenced
HTTP_demo.c(262): warning:  #177-D: function "blink_led" was declared but never referenced
linking...
Program Size: Code=13948 RO-data=7188 RW-data=5492 ZI-data=18756  
FromELF: creating hex file...
".\Obj\Http_demo.axf" - 0 Error(s), 6 Warning(s).
Load "C:\\Users\\mui-pc\\Desktop\\VBEB\\VBEBProject\\Understanding\\trunk\\TCPnet_ILI9341_15072012_Ver2\\Http_demo\\Obj\\Http_demo.AXF" 
* JLink Info: Device "STM32F107VC" selected (256 KB flash, 20 KB RAM).
Set JLink Project File to "C:\Users\mui-pc\Desktop\VBEB\VBEBProject\Understanding\trunk\TCPnet_ILI9341_15072012_Ver2\Http_demo\JLinkSettings.ini"
 
JLink info:
------------
DLL: V4.50j, compiled Jun 26 2012 09:19:07
Firmware: J-Link ARM V7 compiled Jun 20 2012 19:45:53
Hardware: V7.00
S/N : 11111117 
Feature(s) : RDI, FlashBP, FlashDL, JFlash, GDBFull 
 
* JLink Info: Found SWD-DP with ID 0x1BA01477
* JLink Info: Found SWD-DP with ID 0x1BA01477
* JLink Info: TPIU fitted.
* JLink Info: ETM fitted.
* JLink Info: FPUnit: 6 code (BP) slots and 2 literal slots
* JLink Info: Found Cortex-M3 r1p1, Little endian.
ROMTableAddr = 0xE00FF003
 
Target info:
------------
Device: STM32F107VC
VTarget = 3.229V
State of Pins: 
TCK: 0, TDI: 1, TDO: 0, TMS: 0, TRES: 1, TRST: 1
Hardware-Breakpoints: 6
Software-Breakpoints: 8192
Watchpoints:          4
JTAG speed: 9600 kHz
 
Erase Done.
Programming Done.
Verify OK.
Application running ...
Build target 'STM3210C'
compiling HTTP_demo.c...
logo_RGB565.h(320): warning:  #1-D: last line of file ends without a newline
HTTP_demo.c(41): warning:  #1295-D: Deprecated declaration send_datalog - give arg types
HTTP_demo.c(313): warning:  #550-D: variable "bcount" was set but never used
HTTP_demo.c(365): warning:  #550-D: variable "data_get" was set but never used
HTTP_demo.c(226): warning:  #177-D: function "dhcp_check" was declared but never referenced
HTTP_demo.c(262): warning:  #177-D: function "blink_led" was declared but never referenced
linking...
Program Size: Code=13956 RO-data=7188 RW-data=5492 ZI-data=18756  
FromELF: creating hex file...
".\Obj\Http_demo.axf" - 0 Error(s), 6 Warning(s).
Load "C:\\Users\\mui-pc\\Desktop\\VBEB\\VBEBProject\\Understanding\\trunk\\TCPnet_ILI9341_15072012_Ver2\\Http_demo\\Obj\\Http_demo.AXF" 
* JLink Info: Device "STM32F107VC" selected (256 KB flash, 20 KB RAM).
Set JLink Project File to "C:\Users\mui-pc\Desktop\VBEB\VBEBProject\Understanding\trunk\TCPnet_ILI9341_15072012_Ver2\Http_demo\JLinkSettings.ini"
 
JLink info:
------------
DLL: V4.50j, compiled Jun 26 2012 09:19:07
Firmware: J-Link ARM V7 compiled Jun 20 2012 19:45:53
Hardware: V7.00
S/N : 11111117 
Feature(s) : RDI, FlashBP, FlashDL, JFlash, GDBFull 
 
* JLink Info: Found SWD-DP with ID 0x1BA01477
* JLink Info: Found SWD-DP with ID 0x1BA01477
* JLink Info: TPIU fitted.
* JLink Info: ETM fitted.
* JLink Info: FPUnit: 6 code (BP) slots and 2 literal slots
* JLink Info: Found Cortex-M3 r1p1, Little endian.
ROMTableAddr = 0xE00FF003
 
Target info:
------------
Device: STM32F107VC
VTarget = 3.229V
State of Pins: 
TCK: 0, TDI: 1, TDO: 0, TMS: 0, TRES: 1, TRST: 1
Hardware-Breakpoints: 6
Software-Breakpoints: 8192
Watchpoints:          4
JTAG speed: 9600 kHz
 
Erase Done.
Programming Done.
Verify OK.
Application running ...
Build target 'STM3210C'
compiling HTTP_demo.c...
logo_RGB565.h(320): warning:  #1-D: last line of file ends without a newline
HTTP_demo.c(41): warning:  #1295-D: Deprecated declaration send_datalog - give arg types
HTTP_demo.c(286): warning:  #177-D: variable "i" was declared but never referenced
HTTP_demo.c(311): warning:  #550-D: variable "bcount" was set but never used
HTTP_demo.c(363): warning:  #550-D: variable "data_get" was set but never used
HTTP_demo.c(226): warning:  #177-D: function "dhcp_check" was declared but never referenced
HTTP_demo.c(262): warning:  #177-D: function "blink_led" was declared but never referenced
linking...
Program Size: Code=13948 RO-data=7188 RW-data=5492 ZI-data=18756  
FromELF: creating hex file...
".\Obj\Http_demo.axf" - 0 Error(s), 7 Warning(s).
Load "C:\\Users\\mui-pc\\Desktop\\VBEB\\VBEBProject\\Understanding\\trunk\\TCPnet_ILI9341_15072012_Ver2\\Http_demo\\Obj\\Http_demo.AXF" 
* JLink Info: Device "STM32F107VC" selected (256 KB flash, 20 KB RAM).
Set JLink Project File to "C:\Users\mui-pc\Desktop\VBEB\VBEBProject\Understanding\trunk\TCPnet_ILI9341_15072012_Ver2\Http_demo\JLinkSettings.ini"
 
JLink info:
------------
DLL: V4.50j, compiled Jun 26 2012 09:19:07
Firmware: J-Link ARM V7 compiled Jun 20 2012 19:45:53
Hardware: V7.00
S/N : 11111117 
Feature(s) : RDI, FlashBP, FlashDL, JFlash, GDBFull 
 
* JLink Info: Found SWD-DP with ID 0x1BA01477
* JLink Info: Found SWD-DP with ID 0x1BA01477
* JLink Info: TPIU fitted.
* JLink Info: ETM fitted.
* JLink Info: FPUnit: 6 code (BP) slots and 2 literal slots
* JLink Info: Found Cortex-M3 r1p1, Little endian.
ROMTableAddr = 0xE00FF003
 
Target info:
------------
Device: STM32F107VC
VTarget = 3.229V
State of Pins: 
TCK: 0, TDI: 1, TDO: 0, TMS: 0, TRES: 1, TRST: 1
Hardware-Breakpoints: 6
Software-Breakpoints: 8192
Watchpoints:          4
JTAG speed: 9600 kHz
 
Erase Done.
Programming Done.
Verify OK.
Application running ...
Build target 'STM3210C'
compiling HTTP_demo.c...
logo_RGB565.h(320): warning:  #1-D: last line of file ends without a newline
HTTP_demo.c(41): warning:  #1295-D: Deprecated declaration send_datalog - give arg types
HTTP_demo.c(286): warning:  #177-D: variable "i" was declared but never referenced
HTTP_demo.c(311): warning:  #550-D: variable "bcount" was set but never used
HTTP_demo.c(363): warning:  #550-D: variable "data_get" was set but never used
HTTP_demo.c(226): warning:  #177-D: function "dhcp_check" was declared but never referenced
HTTP_demo.c(262): warning:  #177-D: function "blink_led" was declared but never referenced
linking...
Program Size: Code=13944 RO-data=7188 RW-data=5492 ZI-data=18756  
FromELF: creating hex file...
".\Obj\Http_demo.axf" - 0 Error(s), 7 Warning(s).
Load "C:\\Users\\mui-pc\\Desktop\\VBEB\\VBEBProject\\Understanding\\trunk\\TCPnet_ILI9341_15072012_Ver2\\Http_demo\\Obj\\Http_demo.AXF" 
* JLink Info: Device "STM32F107VC" selected (256 KB flash, 20 KB RAM).
Set JLink Project File to "C:\Users\mui-pc\Desktop\VBEB\VBEBProject\Understanding\trunk\TCPnet_ILI9341_15072012_Ver2\Http_demo\JLinkSettings.ini"
 
JLink info:
------------
DLL: V4.50j, compiled Jun 26 2012 09:19:07
Firmware: J-Link ARM V7 compiled Jun 20 2012 19:45:53
Hardware: V7.00
S/N : 11111117 
Feature(s) : RDI, FlashBP, FlashDL, JFlash, GDBFull 
 
* JLink Info: Found SWD-DP with ID 0x1BA01477
* JLink Info: Found SWD-DP with ID 0x1BA01477
* JLink Info: TPIU fitted.
* JLink Info: ETM fitted.
* JLink Info: FPUnit: 6 code (BP) slots and 2 literal slots
* JLink Info: Found Cortex-M3 r1p1, Little endian.
ROMTableAddr = 0xE00FF003
 
Target info:
------------
Device: STM32F107VC
VTarget = 3.229V
State of Pins: 
TCK: 0, TDI: 1, TDO: 0, TMS: 0, TRES: 1, TRST: 1
Hardware-Breakpoints: 6
Software-Breakpoints: 8192
Watchpoints:          4
JTAG speed: 9600 kHz
 
Erase Done.
Programming Done.
Verify OK.
Application running ...
Build target 'STM3210C'
linking...
Program Size: Code=13944 RO-data=7188 RW-data=5492 ZI-data=18756  
FromELF: creating hex file...
".\Obj\Http_demo.axf" - 0 Error(s), 0 Warning(s).
Rebuild target 'STM3210C'
compiling HTTP_demo.c...
logo_RGB565.h(320): warning:  #1-D: last line of file ends without a newline
HTTP_demo.c(41): warning:  #1295-D: Deprecated declaration send_datalog - give arg types
HTTP_demo.c(286): warning:  #177-D: variable "i" was declared but never referenced
HTTP_demo.c(311): warning:  #550-D: variable "bcount" was set but never used
HTTP_demo.c(363): warning:  #550-D: variable "data_get" was set but never used
HTTP_demo.c(226): warning:  #177-D: function "dhcp_check" was declared but never referenced
HTTP_demo.c(262): warning:  #177-D: function "blink_led" was declared but never referenced
compiling Net_Config.c...
assembling startup_stm32f10x_cl.s...
compiling ETH_STM32x.c...
compiling system_stm32f10x_cl.c...
compiling GLCD.c...
linking...
Program Size: Code=13944 RO-data=7188 RW-data=5492 ZI-data=18756  
FromELF: creating hex file...
".\Obj\Http_demo.axf" - 0 Error(s), 7 Warning(s).
Load "C:\\Users\\mui-pc\\Desktop\\VBEB\\VBEBProject\\Understanding\\trunk\\TCPnet_ILI9341_15072012_Ver2\\Http_demo\\Obj\\Http_demo.AXF" 
* JLink Info: Device "STM32F107VC" selected (256 KB flash, 20 KB RAM).
Set JLink Project File to "C:\Users\mui-pc\Desktop\VBEB\VBEBProject\Understanding\trunk\TCPnet_ILI9341_15072012_Ver2\Http_demo\JLinkSettings.ini"
 
JLink info:
------------
DLL: V4.50j, compiled Jun 26 2012 09:19:07
Firmware: J-Link ARM V7 compiled Jun 20 2012 19:45:53
Hardware: V7.00
S/N : 11111117 
Feature(s) : RDI, FlashBP, FlashDL, JFlash, GDBFull 
 
* JLink Info: Found SWD-DP with ID 0x1BA01477
* JLink Info: Found SWD-DP with ID 0x1BA01477
* JLink Info: TPIU fitted.
* JLink Info: ETM fitted.
* JLink Info: FPUnit: 6 code (BP) slots and 2 literal slots
* JLink Info: Found Cortex-M3 r1p1, Little endian.
ROMTableAddr = 0xE00FF003
 
Target info:
------------
Device: STM32F107VC
VTarget = 3.229V
State of Pins: 
TCK: 0, TDI: 1, TDO: 0, TMS: 0, TRES: 1, TRST: 1
Hardware-Breakpoints: 6
Software-Breakpoints: 8192
Watchpoints:          4
JTAG speed: 9600 kHz
 
Erase Done.
Programming Done.
Verify OK.
Application running ...
Build target 'STM3210C'
compiling HTTP_demo.c...
logo_RGB565.h(320): warning:  #1-D: last line of file ends without a newline
HTTP_demo.c(41): warning:  #1295-D: Deprecated declaration send_datalog - give arg types
HTTP_demo.c(286): warning:  #177-D: variable "i" was declared but never referenced
HTTP_demo.c(311): warning:  #550-D: variable "bcount" was set but never used
HTTP_demo.c(363): warning:  #550-D: variable "data_get" was set but never used
HTTP_demo.c(226): warning:  #177-D: function "dhcp_check" was declared but never referenced
HTTP_demo.c(262): warning:  #177-D: function "blink_led" was declared but never referenced
linking...
Program Size: Code=13948 RO-data=7188 RW-data=5492 ZI-data=18756  
FromELF: creating hex file...
".\Obj\Http_demo.axf" - 0 Error(s), 7 Warning(s).
Load "C:\\Users\\mui-pc\\Desktop\\VBEB\\VBEBProject\\Understanding\\trunk\\TCPnet_ILI9341_15072012_Ver2\\Http_demo\\Obj\\Http_demo.AXF" 
* JLink Info: Device "STM32F107VC" selected (256 KB flash, 20 KB RAM).
Set JLink Project File to "C:\Users\mui-pc\Desktop\VBEB\VBEBProject\Understanding\trunk\TCPnet_ILI9341_15072012_Ver2\Http_demo\JLinkSettings.ini"
 
JLink info:
------------
DLL: V4.50j, compiled Jun 26 2012 09:19:07
Firmware: J-Link ARM V7 compiled Jun 20 2012 19:45:53
Hardware: V7.00
S/N : 11111117 
Feature(s) : RDI, FlashBP, FlashDL, JFlash, GDBFull 
 
* JLink Info: Found SWD-DP with ID 0x1BA01477
* JLink Info: Found SWD-DP with ID 0x1BA01477
* JLink Info: TPIU fitted.
* JLink Info: ETM fitted.
* JLink Info: FPUnit: 6 code (BP) slots and 2 literal slots
* JLink Info: Found Cortex-M3 r1p1, Little endian.
ROMTableAddr = 0xE00FF003
 
Target info:
------------
Device: STM32F107VC
VTarget = 3.229V
State of Pins: 
TCK: 0, TDI: 1, TDO: 0, TMS: 0, TRES: 1, TRST: 1
Hardware-Breakpoints: 6
Software-Breakpoints: 8192
Watchpoints:          4
JTAG speed: 9600 kHz
 
Erase Done.
Programming Done.
Verify OK.
Application running ...
Build target 'STM3210C'
compiling HTTP_demo.c...
logo_RGB565.h(320): warning:  #1-D: last line of file ends without a newline
HTTP_demo.c(41): warning:  #1295-D: Deprecated declaration send_datalog - give arg types
HTTP_demo.c(286): warning:  #177-D: variable "i" was declared but never referenced
HTTP_demo.c(311): warning:  #550-D: variable "bcount" was set but never used
HTTP_demo.c(363): warning:  #550-D: variable "data_get" was set but never used
HTTP_demo.c(226): warning:  #177-D: function "dhcp_check" was declared but never referenced
HTTP_demo.c(262): warning:  #177-D: function "blink_led" was declared but never referenced
linking...
Program Size: Code=13948 RO-data=7188 RW-data=5492 ZI-data=18756  
FromELF: creating hex file...
".\Obj\Http_demo.axf" - 0 Error(s), 7 Warning(s).
Load "C:\\Users\\mui-pc\\Desktop\\VBEB\\VBEBProject\\Understanding\\trunk\\TCPnet_ILI9341_15072012_Ver2\\Http_demo\\Obj\\Http_demo.AXF" 
* JLink Info: Device "STM32F107VC" selected (256 KB flash, 20 KB RAM).
Set JLink Project File to "C:\Users\mui-pc\Desktop\VBEB\VBEBProject\Understanding\trunk\TCPnet_ILI9341_15072012_Ver2\Http_demo\JLinkSettings.ini"
 
JLink info:
------------
DLL: V4.50j, compiled Jun 26 2012 09:19:07
Firmware: J-Link ARM V7 compiled Jun 20 2012 19:45:53
Hardware: V7.00
S/N : 11111117 
Feature(s) : RDI, FlashBP, FlashDL, JFlash, GDBFull 
 
* JLink Info: Found SWD-DP with ID 0x1BA01477
* JLink Info: Found SWD-DP with ID 0x1BA01477
* JLink Info: TPIU fitted.
* JLink Info: ETM fitted.
* JLink Info: FPUnit: 6 code (BP) slots and 2 literal slots
* JLink Info: Found Cortex-M3 r1p1, Little endian.
ROMTableAddr = 0xE00FF003
 
Target info:
------------
Device: STM32F107VC
VTarget = 3.235V
State of Pins: 
TCK: 0, TDI: 1, TDO: 0, TMS: 0, TRES: 1, TRST: 1
Hardware-Breakpoints: 6
Software-Breakpoints: 8192
Watchpoints:          4
JTAG speed: 9600 kHz
 
Erase Done.
Programming Done.
Verify OK.
Application running ...
Build target 'STM3210C'
compiling HTTP_demo.c...
logo_RGB565.h(320): warning:  #1-D: last line of file ends without a newline
HTTP_demo.c(41): warning:  #1295-D: Deprecated declaration send_datalog - give arg types
HTTP_demo.c(286): warning:  #177-D: variable "i" was declared but never referenced
HTTP_demo.c(311): warning:  #550-D: variable "bcount" was set but never used
HTTP_demo.c(363): warning:  #550-D: variable "data_get" was set but never used
HTTP_demo.c(226): warning:  #177-D: function "dhcp_check" was declared but never referenced
HTTP_demo.c(262): warning:  #177-D: function "blink_led" was declared but never referenced
linking...
Program Size: Code=13948 RO-data=7188 RW-data=5492 ZI-data=18756  
FromELF: creating hex file...
".\Obj\Http_demo.axf" - 0 Error(s), 7 Warning(s).
Build target 'STM3210C'
compiling HTTP_demo.c...
logo_RGB565.h(320): warning:  #1-D: last line of file ends without a newline
HTTP_demo.c(41): warning:  #1295-D: Deprecated declaration send_datalog - give arg types
HTTP_demo.c(286): warning:  #177-D: variable "i" was declared but never referenced
HTTP_demo.c(311): warning:  #550-D: variable "bcount" was set but never used
HTTP_demo.c(363): warning:  #550-D: variable "data_get" was set but never used
HTTP_demo.c(226): warning:  #177-D: function "dhcp_check" was declared but never referenced
HTTP_demo.c(262): warning:  #177-D: function "blink_led" was declared but never referenced
linking...
Program Size: Code=13940 RO-data=7188 RW-data=5492 ZI-data=18756  
FromELF: creating hex file...
".\Obj\Http_demo.axf" - 0 Error(s), 7 Warning(s).
Load "C:\\Users\\mui-pc\\Desktop\\VBEB\\VBEBProject\\Understanding\\trunk\\TCPnet_ILI9341_15072012_Ver2\\Http_demo\\Obj\\Http_demo.AXF" 
* JLink Info: Device "STM32F107VC" selected (256 KB flash, 20 KB RAM).
Set JLink Project File to "C:\Users\mui-pc\Desktop\VBEB\VBEBProject\Understanding\trunk\TCPnet_ILI9341_15072012_Ver2\Http_demo\JLinkSettings.ini"
 
JLink info:
------------
DLL: V4.50j, compiled Jun 26 2012 09:19:07
Firmware: J-Link ARM V7 compiled Jun 20 2012 19:45:53
Hardware: V7.00
S/N : 11111117 
Feature(s) : RDI, FlashBP, FlashDL, JFlash, GDBFull 
 
* JLink Info: Found SWD-DP with ID 0x1BA01477
* JLink Info: Found SWD-DP with ID 0x1BA01477
* JLink Info: TPIU fitted.
* JLink Info: ETM fitted.
* JLink Info: FPUnit: 6 code (BP) slots and 2 literal slots
* JLink Info: Found Cortex-M3 r1p1, Little endian.
ROMTableAddr = 0xE00FF003
 
Target info:
------------
Device: STM32F107VC
VTarget = 3.222V
State of Pins: 
TCK: 0, TDI: 1, TDO: 0, TMS: 0, TRES: 1, TRST: 1
Hardware-Breakpoints: 6
Software-Breakpoints: 8192
Watchpoints:          4
JTAG speed: 9600 kHz
 
Erase Done.
Programming Done.
Verify OK.
Application running ...
Build target 'STM3210C'
compiling HTTP_demo.c...
logo_RGB565.h(320): warning:  #1-D: last line of file ends without a newline
HTTP_demo.c(41): warning:  #1295-D: Deprecated declaration send_datalog - give arg types
HTTP_demo.c(286): warning:  #177-D: variable "i" was declared but never referenced
HTTP_demo.c(311): warning:  #550-D: variable "bcount" was set but never used
HTTP_demo.c(363): warning:  #550-D: variable "data_get" was set but never used
HTTP_demo.c(226): warning:  #177-D: function "dhcp_check" was declared but never referenced
HTTP_demo.c(262): warning:  #177-D: function "blink_led" was declared but never referenced
linking...
Program Size: Code=13948 RO-data=7188 RW-data=5492 ZI-data=18756  
FromELF: creating hex file...
".\Obj\Http_demo.axf" - 0 Error(s), 7 Warning(s).
Load "C:\\Users\\mui-pc\\Desktop\\VBEB\\VBEBProject\\Understanding\\trunk\\TCPnet_ILI9341_15072012_Ver2\\Http_demo\\Obj\\Http_demo.AXF" 
* JLink Info: Device "STM32F107VC" selected (256 KB flash, 20 KB RAM).
Set JLink Project File to "C:\Users\mui-pc\Desktop\VBEB\VBEBProject\Understanding\trunk\TCPnet_ILI9341_15072012_Ver2\Http_demo\JLinkSettings.ini"
 
JLink info:
------------
DLL: V4.50j, compiled Jun 26 2012 09:19:07
Firmware: J-Link ARM V7 compiled Jun 20 2012 19:45:53
Hardware: V7.00
S/N : 11111117 
Feature(s) : RDI, FlashBP, FlashDL, JFlash, GDBFull 
 
* JLink Info: Found SWD-DP with ID 0x1BA01477
* JLink Info: Found SWD-DP with ID 0x1BA01477
* JLink Info: TPIU fitted.
* JLink Info: ETM fitted.
* JLink Info: FPUnit: 6 code (BP) slots and 2 literal slots
* JLink Info: Found Cortex-M3 r1p1, Little endian.
ROMTableAddr = 0xE00FF003
 
Target info:
------------
Device: STM32F107VC
VTarget = 3.222V
State of Pins: 
TCK: 0, TDI: 1, TDO: 0, TMS: 0, TRES: 1, TRST: 1
Hardware-Breakpoints: 6
Software-Breakpoints: 8192
Watchpoints:          4
JTAG speed: 9600 kHz
 
Erase Done.
Programming Done.
Verify OK.
Application running ...
Build target 'STM3210C'
compiling HTTP_demo.c...
logo_RGB565.h(320): warning:  #1-D: last line of file ends without a newline
HTTP_demo.c(41): warning:  #1295-D: Deprecated declaration send_datalog - give arg types
HTTP_demo.c(293): warning:  #177-D: variable "i" was declared but never referenced
HTTP_demo.c(316): warning:  #550-D: variable "bcount" was set but never used
HTTP_demo.c(318): warning:  #177-D: variable "max" was declared but never referenced
HTTP_demo.c(369): warning:  #550-D: variable "data_get" was set but never used
HTTP_demo.c(230): warning:  #177-D: function "dhcp_check" was declared but never referenced
HTTP_demo.c(267): warning:  #177-D: function "blink_led" was declared but never referenced
linking...
Program Size: Code=13928 RO-data=7188 RW-data=5492 ZI-data=18756  
FromELF: creating hex file...
".\Obj\Http_demo.axf" - 0 Error(s), 8 Warning(s).
Load "C:\\Users\\mui-pc\\Desktop\\VBEB\\VBEBProject\\Understanding\\trunk\\TCPnet_ILI9341_15072012_Ver2\\Http_demo\\Obj\\Http_demo.AXF" 
* JLink Info: Device "STM32F107VC" selected (256 KB flash, 20 KB RAM).
Set JLink Project File to "C:\Users\mui-pc\Desktop\VBEB\VBEBProject\Understanding\trunk\TCPnet_ILI9341_15072012_Ver2\Http_demo\JLinkSettings.ini"
 
JLink info:
------------
DLL: V4.50j, compiled Jun 26 2012 09:19:07
Firmware: J-Link ARM V7 compiled Jun 20 2012 19:45:53
Hardware: V7.00
S/N : 11111117 
Feature(s) : RDI, FlashBP, FlashDL, JFlash, GDBFull 
 
* JLink Info: Found SWD-DP with ID 0x1BA01477
* JLink Info: Found SWD-DP with ID 0x1BA01477
* JLink Info: TPIU fitted.
* JLink Info: ETM fitted.
* JLink Info: FPUnit: 6 code (BP) slots and 2 literal slots
* JLink Info: Found Cortex-M3 r1p1, Little endian.
ROMTableAddr = 0xE00FF003
 
Target info:
------------
Device: STM32F107VC
VTarget = 3.222V
State of Pins: 
TCK: 0, TDI: 1, TDO: 0, TMS: 0, TRES: 1, TRST: 1
Hardware-Breakpoints: 6
Software-Breakpoints: 8192
Watchpoints:          4
JTAG speed: 9600 kHz
 
Erase Done.
Programming Done.
Verify OK.
Application running ...
Build target 'STM3210C'
compiling HTTP_demo.c...
logo_RGB565.h(320): warning:  #1-D: last line of file ends without a newline
HTTP_demo.c(41): warning:  #1295-D: Deprecated declaration send_datalog - give arg types
HTTP_demo.c(309): warning:  #187-D: use of "=" where "==" may have been intended
HTTP_demo.c(293): warning:  #550-D: variable "i" was set but never used
HTTP_demo.c(320): warning:  #550-D: variable "bcount" was set but never used
HTTP_demo.c(322): warning:  #177-D: variable "max" was declared but never referenced
HTTP_demo.c(373): warning:  #550-D: variable "data_get" was set but never used
HTTP_demo.c(230): warning:  #177-D: function "dhcp_check" was declared but never referenced
HTTP_demo.c(267): warning:  #177-D: function "blink_led" was declared but never referenced
linking...
Program Size: Code=13928 RO-data=7188 RW-data=5492 ZI-data=18756  
FromELF: creating hex file...
".\Obj\Http_demo.axf" - 0 Error(s), 9 Warning(s).
Load "C:\\Users\\mui-pc\\Desktop\\VBEB\\VBEBProject\\Understanding\\trunk\\TCPnet_ILI9341_15072012_Ver2\\Http_demo\\Obj\\Http_demo.AXF" 
* JLink Info: Device "STM32F107VC" selected (256 KB flash, 20 KB RAM).
Set JLink Project File to "C:\Users\mui-pc\Desktop\VBEB\VBEBProject\Understanding\trunk\TCPnet_ILI9341_15072012_Ver2\Http_demo\JLinkSettings.ini"
 
JLink info:
------------
DLL: V4.50j, compiled Jun 26 2012 09:19:07
Firmware: J-Link ARM V7 compiled Jun 20 2012 19:45:53
Hardware: V7.00
S/N : 11111117 
Feature(s) : RDI, FlashBP, FlashDL, JFlash, GDBFull 
 
* JLink Info: Found SWD-DP with ID 0x1BA01477
* JLink Info: Found SWD-DP with ID 0x1BA01477
* JLink Info: TPIU fitted.
* JLink Info: ETM fitted.
* JLink Info: FPUnit: 6 code (BP) slots and 2 literal slots
* JLink Info: Found Cortex-M3 r1p1, Little endian.
ROMTableAddr = 0xE00FF003
 
Target info:
------------
Device: STM32F107VC
VTarget = 3.229V
State of Pins: 
TCK: 0, TDI: 1, TDO: 0, TMS: 0, TRES: 1, TRST: 1
Hardware-Breakpoints: 6
Software-Breakpoints: 8192
Watchpoints:          4
JTAG speed: 9600 kHz
 
Erase Done.
Programming Done.
Verify OK.
Application running ...
Build target 'STM3210C'
compiling HTTP_demo.c...
logo_RGB565.h(320): warning:  #1-D: last line of file ends without a newline
HTTP_demo.c(41): warning:  #1295-D: Deprecated declaration send_datalog - give arg types
HTTP_demo.c(309): error:  #42: operand types are incompatible ("U8 (*)(void)" and "int")
HTTP_demo.c(293): warning:  #177-D: variable "i" was declared but never referenced
HTTP_demo.c(320): warning:  #550-D: variable "bcount" was set but never used
HTTP_demo.c(322): warning:  #177-D: variable "max" was declared but never referenced
HTTP_demo.c(373): warning:  #550-D: variable "data_get" was set but never used
HTTP_demo.c(230): warning:  #177-D: function "dhcp_check" was declared but never referenced
HTTP_demo.c(267): warning:  #177-D: function "blink_led" was declared but never referenced
Target not created
Build target 'STM3210C'
compiling HTTP_demo.c...
logo_RGB565.h(320): warning:  #1-D: last line of file ends without a newline
HTTP_demo.c(41): warning:  #1295-D: Deprecated declaration send_datalog - give arg types
HTTP_demo.c(293): warning:  #177-D: variable "i" was declared but never referenced
HTTP_demo.c(320): warning:  #550-D: variable "bcount" was set but never used
HTTP_demo.c(322): warning:  #177-D: variable "max" was declared but never referenced
HTTP_demo.c(373): warning:  #550-D: variable "data_get" was set but never used
HTTP_demo.c(230): warning:  #177-D: function "dhcp_check" was declared but never referenced
HTTP_demo.c(267): warning:  #177-D: function "blink_led" was declared but never referenced
linking...
Program Size: Code=13936 RO-data=7188 RW-data=5492 ZI-data=18756  
FromELF: creating hex file...
".\Obj\Http_demo.axf" - 0 Error(s), 8 Warning(s).
Load "C:\\Users\\mui-pc\\Desktop\\VBEB\\VBEBProject\\Understanding\\trunk\\TCPnet_ILI9341_15072012_Ver2\\Http_demo\\Obj\\Http_demo.AXF" 
* JLink Info: Device "STM32F107VC" selected (256 KB flash, 20 KB RAM).
Set JLink Project File to "C:\Users\mui-pc\Desktop\VBEB\VBEBProject\Understanding\trunk\TCPnet_ILI9341_15072012_Ver2\Http_demo\JLinkSettings.ini"
 
JLink info:
------------
DLL: V4.50j, compiled Jun 26 2012 09:19:07
Firmware: J-Link ARM V7 compiled Jun 20 2012 19:45:53
Hardware: V7.00
S/N : 11111117 
Feature(s) : RDI, FlashBP, FlashDL, JFlash, GDBFull 
 
* JLink Info: Found SWD-DP with ID 0x1BA01477
* JLink Info: Found SWD-DP with ID 0x1BA01477
* JLink Info: TPIU fitted.
* JLink Info: ETM fitted.
* JLink Info: FPUnit: 6 code (BP) slots and 2 literal slots
* JLink Info: Found Cortex-M3 r1p1, Little endian.
ROMTableAddr = 0xE00FF003
 
Target info:
------------
Device: STM32F107VC
VTarget = 3.222V
State of Pins: 
TCK: 0, TDI: 1, TDO: 0, TMS: 0, TRES: 1, TRST: 1
Hardware-Breakpoints: 6
Software-Breakpoints: 8192
Watchpoints:          4
JTAG speed: 9600 kHz
 
Erase Done.
Programming Done.
Verify OK.
Application running ...
Build target 'STM3210C'
compiling HTTP_demo.c...
logo_RGB565.h(320): warning:  #1-D: last line of file ends without a newline
HTTP_demo.c(41): warning:  #1295-D: Deprecated declaration send_datalog - give arg types
HTTP_demo.c(293): warning:  #177-D: variable "i" was declared but never referenced
HTTP_demo.c(322): warning:  #550-D: variable "bcount" was set but never used
HTTP_demo.c(324): warning:  #177-D: variable "max" was declared but never referenced
HTTP_demo.c(375): warning:  #550-D: variable "data_get" was set but never used
HTTP_demo.c(230): warning:  #177-D: function "dhcp_check" was declared but never referenced
HTTP_demo.c(267): warning:  #177-D: function "blink_led" was declared but never referenced
linking...
Program Size: Code=13936 RO-data=7188 RW-data=5492 ZI-data=18756  
FromELF: creating hex file...
".\Obj\Http_demo.axf" - 0 Error(s), 8 Warning(s).
Load "C:\\Users\\mui-pc\\Desktop\\VBEB\\VBEBProject\\Understanding\\trunk\\TCPnet_ILI9341_15072012_Ver2\\Http_demo\\Obj\\Http_demo.AXF" 
* JLink Info: Device "STM32F107VC" selected (256 KB flash, 20 KB RAM).
Set JLink Project File to "C:\Users\mui-pc\Desktop\VBEB\VBEBProject\Understanding\trunk\TCPnet_ILI9341_15072012_Ver2\Http_demo\JLinkSettings.ini"
 
JLink info:
------------
DLL: V4.50j, compiled Jun 26 2012 09:19:07
Firmware: J-Link ARM V7 compiled Jun 20 2012 19:45:53
Hardware: V7.00
S/N : 11111117 
Feature(s) : RDI, FlashBP, FlashDL, JFlash, GDBFull 
 
* JLink Info: Found SWD-DP with ID 0x1BA01477
* JLink Info: Found SWD-DP with ID 0x1BA01477
* JLink Info: TPIU fitted.
* JLink Info: ETM fitted.
* JLink Info: FPUnit: 6 code (BP) slots and 2 literal slots
* JLink Info: Found Cortex-M3 r1p1, Little endian.
ROMTableAddr = 0xE00FF003
 
Target info:
------------
Device: STM32F107VC
VTarget = 3.222V
State of Pins: 
TCK: 0, TDI: 1, TDO: 0, TMS: 0, TRES: 1, TRST: 1
Hardware-Breakpoints: 6
Software-Breakpoints: 8192
Watchpoints:          4
JTAG speed: 9600 kHz
 
Erase Done.
Programming Done.
Verify OK.
Application running ...
Build target 'STM3210C'
compiling HTTP_demo.c...
logo_RGB565.h(320): warning:  #1-D: last line of file ends without a newline
HTTP_demo.c(41): warning:  #1295-D: Deprecated declaration send_datalog - give arg types
HTTP_demo.c(292): warning:  #177-D: variable "i" was declared but never referenced
HTTP_demo.c(321): warning:  #550-D: variable "bcount" was set but never used
HTTP_demo.c(323): warning:  #177-D: variable "max" was declared but never referenced
HTTP_demo.c(374): warning:  #550-D: variable "data_get" was set but never used
HTTP_demo.c(229): warning:  #177-D: function "dhcp_check" was declared but never referenced
HTTP_demo.c(266): warning:  #177-D: function "blink_led" was declared but never referenced
linking...
Program Size: Code=13924 RO-data=7188 RW-data=5492 ZI-data=18756  
FromELF: creating hex file...
".\Obj\Http_demo.axf" - 0 Error(s), 8 Warning(s).
Load "C:\\Users\\mui-pc\\Desktop\\VBEB\\VBEBProject\\Understanding\\trunk\\TCPnet_ILI9341_15072012_Ver2\\Http_demo\\Obj\\Http_demo.AXF" 
* JLink Info: Device "STM32F107VC" selected (256 KB flash, 20 KB RAM).
Set JLink Project File to "C:\Users\mui-pc\Desktop\VBEB\VBEBProject\Understanding\trunk\TCPnet_ILI9341_15072012_Ver2\Http_demo\JLinkSettings.ini"
 
JLink info:
------------
DLL: V4.50j, compiled Jun 26 2012 09:19:07
Firmware: J-Link ARM V7 compiled Jun 20 2012 19:45:53
Hardware: V7.00
S/N : 11111117 
Feature(s) : RDI, FlashBP, FlashDL, JFlash, GDBFull 
 
* JLink Info: Found SWD-DP with ID 0x1BA01477
* JLink Info: Found SWD-DP with ID 0x1BA01477
* JLink Info: TPIU fitted.
* JLink Info: ETM fitted.
* JLink Info: FPUnit: 6 code (BP) slots and 2 literal slots
* JLink Info: Found Cortex-M3 r1p1, Little endian.
ROMTableAddr = 0xE00FF003
 
Target info:
------------
Device: STM32F107VC
VTarget = 3.229V
State of Pins: 
TCK: 0, TDI: 1, TDO: 0, TMS: 0, TRES: 1, TRST: 1
Hardware-Breakpoints: 6
Software-Breakpoints: 8192
Watchpoints:          4
JTAG speed: 9600 kHz
 
Erase Done.
Programming Done.
Verify OK.
Application running ...
Build target 'STM3210C'
compiling HTTP_demo.c...
logo_RGB565.h(320): warning:  #1-D: last line of file ends without a newline
HTTP_demo.c(41): warning:  #1295-D: Deprecated declaration send_datalog - give arg types
HTTP_demo.c(294): warning:  #177-D: variable "i" was declared but never referenced
HTTP_demo.c(323): warning:  #550-D: variable "bcount" was set but never used
HTTP_demo.c(325): warning:  #177-D: variable "max" was declared but never referenced
HTTP_demo.c(376): warning:  #550-D: variable "data_get" was set but never used
HTTP_demo.c(231): warning:  #177-D: function "dhcp_check" was declared but never referenced
HTTP_demo.c(268): warning:  #177-D: function "blink_led" was declared but never referenced
linking...
Program Size: Code=13924 RO-data=7188 RW-data=5492 ZI-data=18756  
FromELF: creating hex file...
".\Obj\Http_demo.axf" - 0 Error(s), 8 Warning(s).
Load "C:\\Users\\mui-pc\\Desktop\\VBEB\\VBEBProject\\Understanding\\trunk\\TCPnet_ILI9341_15072012_Ver2\\Http_demo\\Obj\\Http_demo.AXF" 
* JLink Info: Device "STM32F107VC" selected (256 KB flash, 20 KB RAM).
Set JLink Project File to "C:\Users\mui-pc\Desktop\VBEB\VBEBProject\Understanding\trunk\TCPnet_ILI9341_15072012_Ver2\Http_demo\JLinkSettings.ini"
 
JLink info:
------------
DLL: V4.50j, compiled Jun 26 2012 09:19:07
Firmware: J-Link ARM V7 compiled Jun 20 2012 19:45:53
Hardware: V7.00
S/N : 11111117 
Feature(s) : RDI, FlashBP, FlashDL, JFlash, GDBFull 
 
* JLink Info: Found SWD-DP with ID 0x1BA01477
* JLink Info: Found SWD-DP with ID 0x1BA01477
* JLink Info: TPIU fitted.
* JLink Info: ETM fitted.
* JLink Info: FPUnit: 6 code (BP) slots and 2 literal slots
* JLink Info: Found Cortex-M3 r1p1, Little endian.
ROMTableAddr = 0xE00FF003
 
Target info:
------------
Device: STM32F107VC
VTarget = 3.229V
State of Pins: 
TCK: 0, TDI: 1, TDO: 0, TMS: 0, TRES: 1, TRST: 1
Hardware-Breakpoints: 6
Software-Breakpoints: 8192
Watchpoints:          4
JTAG speed: 9600 kHz
 
Erase Done.
Programming Done.
Verify OK.
Application running ...
Build target 'STM3210C'
compiling HTTP_demo.c...
logo_RGB565.h(320): warning:  #1-D: last line of file ends without a newline
HTTP_demo.c(41): warning:  #1295-D: Deprecated declaration send_datalog - give arg types
HTTP_demo.c(294): warning:  #177-D: variable "i" was declared but never referenced
HTTP_demo.c(323): warning:  #550-D: variable "bcount" was set but never used
HTTP_demo.c(325): warning:  #177-D: variable "max" was declared but never referenced
HTTP_demo.c(376): warning:  #550-D: variable "data_get" was set but never used
HTTP_demo.c(231): warning:  #177-D: function "dhcp_check" was declared but never referenced
HTTP_demo.c(268): warning:  #177-D: function "blink_led" was declared but never referenced
linking...
Program Size: Code=13924 RO-data=7188 RW-data=5492 ZI-data=18756  
FromELF: creating hex file...
".\Obj\Http_demo.axf" - 0 Error(s), 8 Warning(s).
Load "C:\\Users\\mui-pc\\Desktop\\VBEB\\VBEBProject\\Understanding\\trunk\\TCPnet_ILI9341_15072012_Ver2\\Http_demo\\Obj\\Http_demo.AXF" 
* JLink Info: Device "STM32F107VC" selected (256 KB flash, 20 KB RAM).
Set JLink Project File to "C:\Users\mui-pc\Desktop\VBEB\VBEBProject\Understanding\trunk\TCPnet_ILI9341_15072012_Ver2\Http_demo\JLinkSettings.ini"
 
JLink info:
------------
DLL: V4.50j, compiled Jun 26 2012 09:19:07
Firmware: J-Link ARM V7 compiled Jun 20 2012 19:45:53
Hardware: V7.00
S/N : 11111117 
Feature(s) : RDI, FlashBP, FlashDL, JFlash, GDBFull 
 
* JLink Info: Found SWD-DP with ID 0x1BA01477
* JLink Info: Found SWD-DP with ID 0x1BA01477
* JLink Info: TPIU fitted.
* JLink Info: ETM fitted.
* JLink Info: FPUnit: 6 code (BP) slots and 2 literal slots
* JLink Info: Found Cortex-M3 r1p1, Little endian.
ROMTableAddr = 0xE00FF003
 
Target info:
------------
Device: STM32F107VC
VTarget = 3.222V
State of Pins: 
TCK: 0, TDI: 1, TDO: 0, TMS: 0, TRES: 1, TRST: 1
Hardware-Breakpoints: 6
Software-Breakpoints: 8192
Watchpoints:          4
JTAG speed: 9600 kHz
 
Erase Done.
Programming Done.
Verify OK.
Application running ...
Build target 'STM3210C'
compiling HTTP_demo.c...
logo_RGB565.h(320): warning:  #1-D: last line of file ends without a newline
HTTP_demo.c(41): warning:  #1295-D: Deprecated declaration send_datalog - give arg types
HTTP_demo.c(294): warning:  #177-D: variable "i" was declared but never referenced
HTTP_demo.c(320): error:  #147-D: declaration is incompatible with "void send_data(U8 *)" (declared at line 40)
HTTP_demo.c(323): warning:  #550-D: variable "bcount" was set but never used
HTTP_demo.c(325): warning:  #177-D: variable "max" was declared but never referenced
HTTP_demo.c(376): warning:  #550-D: variable "data_get" was set but never used
HTTP_demo.c(231): warning:  #177-D: function "dhcp_check" was declared but never referenced
HTTP_demo.c(268): warning:  #177-D: function "blink_led" was declared but never referenced
Target not created
Build target 'STM3210C'
compiling HTTP_demo.c...
logo_RGB565.h(320): warning:  #1-D: last line of file ends without a newline
HTTP_demo.c(41): warning:  #1295-D: Deprecated declaration send_datalog - give arg types
HTTP_demo.c(294): warning:  #177-D: variable "i" was declared but never referenced
HTTP_demo.c(323): warning:  #550-D: variable "bcount" was set but never used
HTTP_demo.c(325): warning:  #177-D: variable "max" was declared but never referenced
HTTP_demo.c(376): warning:  #550-D: variable "data_get" was set but never used
HTTP_demo.c(231): warning:  #177-D: function "dhcp_check" was declared but never referenced
HTTP_demo.c(268): warning:  #177-D: function "blink_led" was declared but never referenced
linking...
Program Size: Code=13924 RO-data=7184 RW-data=5488 ZI-data=18752  
FromELF: creating hex file...
".\Obj\Http_demo.axf" - 0 Error(s), 8 Warning(s).
Build target 'STM3210C'
compiling HTTP_demo.c...
logo_RGB565.h(320): warning:  #1-D: last line of file ends without a newline
HTTP_demo.c(41): warning:  #1295-D: Deprecated declaration send_datalog - give arg types
HTTP_demo.c(294): warning:  #177-D: variable "i" was declared but never referenced
HTTP_demo.c(323): warning:  #550-D: variable "bcount" was set but never used
HTTP_demo.c(325): warning:  #177-D: variable "max" was declared but never referenced
HTTP_demo.c(376): warning:  #550-D: variable "data_get" was set but never used
HTTP_demo.c(231): warning:  #177-D: function "dhcp_check" was declared but never referenced
HTTP_demo.c(268): warning:  #177-D: function "blink_led" was declared but never referenced
linking...
Program Size: Code=13944 RO-data=7184 RW-data=5488 ZI-data=18752  
FromELF: creating hex file...
".\Obj\Http_demo.axf" - 0 Error(s), 8 Warning(s).
Load "C:\\Users\\mui-pc\\Desktop\\VBEB\\VBEBProject\\Understanding\\trunk\\TCPnet_ILI9341_15072012_Ver2\\Http_demo\\Obj\\Http_demo.AXF" 
* JLink Info: Device "STM32F107VC" selected (256 KB flash, 20 KB RAM).
Set JLink Project File to "C:\Users\mui-pc\Desktop\VBEB\VBEBProject\Understanding\trunk\TCPnet_ILI9341_15072012_Ver2\Http_demo\JLinkSettings.ini"
 
JLink info:
------------
DLL: V4.50j, compiled Jun 26 2012 09:19:07
Firmware: J-Link ARM V7 compiled Jun 20 2012 19:45:53
Hardware: V7.00
S/N : 11111117 
Feature(s) : RDI, FlashBP, FlashDL, JFlash, GDBFull 
 
* JLink Info: Found SWD-DP with ID 0x1BA01477
* JLink Info: Found SWD-DP with ID 0x1BA01477
* JLink Info: TPIU fitted.
* JLink Info: ETM fitted.
* JLink Info: FPUnit: 6 code (BP) slots and 2 literal slots
* JLink Info: Found Cortex-M3 r1p1, Little endian.
ROMTableAddr = 0xE00FF003
 
Target info:
------------
Device: STM32F107VC
VTarget = 3.222V
State of Pins: 
TCK: 0, TDI: 1, TDO: 0, TMS: 0, TRES: 1, TRST: 1
Hardware-Breakpoints: 6
Software-Breakpoints: 8192
Watchpoints:          4
JTAG speed: 9600 kHz
 
Erase Done.
Programming Done.
Verify OK.
Application running ...
Load "C:\\Users\\mui-pc\\Desktop\\VBEB\\VBEBProject\\Understanding\\trunk\\TCPnet_ILI9341_15072012_Ver2\\Http_demo\\Obj\\Http_demo.AXF" 
* JLink Info: Device "STM32F107VC" selected (256 KB flash, 20 KB RAM).
Set JLink Project File to "C:\Users\mui-pc\Desktop\VBEB\VBEBProject\Understanding\trunk\TCPnet_ILI9341_15072012_Ver2\Http_demo\JLinkSettings.ini"
 
JLink info:
------------
DLL: V4.50j, compiled Jun 26 2012 09:19:07
Firmware: J-Link ARM V7 compiled Jun 20 2012 19:45:53
Hardware: V7.00
S/N : 11111117 
Feature(s) : RDI, FlashBP, FlashDL, JFlash, GDBFull 
 
* JLink Info: Found SWD-DP with ID 0x1BA01477
* JLink Info: Found SWD-DP with ID 0x1BA01477
* JLink Info: TPIU fitted.
* JLink Info: ETM fitted.
* JLink Info: FPUnit: 6 code (BP) slots and 2 literal slots
* JLink Info: Found Cortex-M3 r1p1, Little endian.
ROMTableAddr = 0xE00FF003
 
Target info:
------------
Device: STM32F107VC
VTarget = 3.222V
State of Pins: 
TCK: 0, TDI: 1, TDO: 0, TMS: 0, TRES: 1, TRST: 1
Hardware-Breakpoints: 6
Software-Breakpoints: 8192
Watchpoints:          4
JTAG speed: 9600 kHz
 
Erase Done.
Programming Done.
Verify OK.
Application running ...
