<!doctype html public "-//w3c//dtd html 4.0 transitional//en">
<html><head>
<title>Static Call Graph - [.\Obj\Http_demo.axf]</title></head>
<body><HR>
<H1>Static Call Graph for image .\Obj\Http_demo.axf</H1><HR>
<BR><P>#&#060CALLGRAPH&#062# ARM Linker, 4.1 [Build 894]: Last Updated: Tue Sep 04 16:26:40 2012
<BR><P>
<H3>Maximum Stack Usage =        264 bytes + Unknown(Cycles, Untraceable Function Pointers)</H3><H3>
Call chain for Maximum Stack Depth:</H3>
main &rArr; main_TcpNet &rArr; run_system &rArr; eth_run_link &rArr; tcp_process &rArr; tcp_send_reset &rArr; tcp_send_ctrl &rArr; tcp_send_frame &rArr; ip_send_frame &rArr; eth_send_frame &rArr; arp_cache_find &rArr; arp_send_request &rArr; free_mem
<P>
<H3>
Mutually Recursive functions
</H3> <LI><a href="#[67]">sys_error</a>&nbsp;&nbsp;&nbsp;&rArr;&nbsp;&nbsp;&nbsp;<a href="#[67]">sys_error</a><BR>
 <LI><a href="#[b3]">mem_test</a>&nbsp;&nbsp;&nbsp;&rArr;&nbsp;&nbsp;&nbsp;<a href="#[b3]">mem_test</a><BR>
 <LI><a href="#[b7]">mem_set</a>&nbsp;&nbsp;&nbsp;&rArr;&nbsp;&nbsp;&nbsp;<a href="#[b7]">mem_set</a><BR>
 <LI><a href="#[1]">NMI_Handler</a>&nbsp;&nbsp;&nbsp;&rArr;&nbsp;&nbsp;&nbsp;<a href="#[1]">NMI_Handler</a><BR>
 <LI><a href="#[2]">HardFault_Handler</a>&nbsp;&nbsp;&nbsp;&rArr;&nbsp;&nbsp;&nbsp;<a href="#[2]">HardFault_Handler</a><BR>
 <LI><a href="#[3]">MemManage_Handler</a>&nbsp;&nbsp;&nbsp;&rArr;&nbsp;&nbsp;&nbsp;<a href="#[3]">MemManage_Handler</a><BR>
 <LI><a href="#[4]">BusFault_Handler</a>&nbsp;&nbsp;&nbsp;&rArr;&nbsp;&nbsp;&nbsp;<a href="#[4]">BusFault_Handler</a><BR>
 <LI><a href="#[5]">UsageFault_Handler</a>&nbsp;&nbsp;&nbsp;&rArr;&nbsp;&nbsp;&nbsp;<a href="#[5]">UsageFault_Handler</a><BR>
 <LI><a href="#[6]">SVC_Handler</a>&nbsp;&nbsp;&nbsp;&rArr;&nbsp;&nbsp;&nbsp;<a href="#[6]">SVC_Handler</a><BR>
 <LI><a href="#[7]">DebugMon_Handler</a>&nbsp;&nbsp;&nbsp;&rArr;&nbsp;&nbsp;&nbsp;<a href="#[7]">DebugMon_Handler</a><BR>
 <LI><a href="#[8]">PendSV_Handler</a>&nbsp;&nbsp;&nbsp;&rArr;&nbsp;&nbsp;&nbsp;<a href="#[8]">PendSV_Handler</a><BR>
 <LI><a href="#[9]">SysTick_Handler</a>&nbsp;&nbsp;&nbsp;&rArr;&nbsp;&nbsp;&nbsp;<a href="#[9]">SysTick_Handler</a><BR>
 <LI><a href="#[35]">Default_Handler</a>&nbsp;&nbsp;&nbsp;&rArr;&nbsp;&nbsp;&nbsp;<a href="#[35]">Default_Handler</a><BR>
 <LI><a href="#[ba]">str_up_case</a>&nbsp;&nbsp;&nbsp;&rArr;&nbsp;&nbsp;&nbsp;<a href="#[ba]">str_up_case</a><BR>
</UL>
<P>
<H3>
Function Pointers
</H3><UL>
 <LI><a href="#[1c]">ADC1_2_IRQHandler</a> from startup_stm32f10x_cl.o(.text) referenced from startup_stm32f10x_cl.o(RESET)
 <LI><a href="#[4]">BusFault_Handler</a> from startup_stm32f10x_cl.o(.text) referenced from startup_stm32f10x_cl.o(RESET)
 <LI><a href="#[1e]">CAN1_RX0_IRQHandler</a> from startup_stm32f10x_cl.o(.text) referenced from startup_stm32f10x_cl.o(RESET)
 <LI><a href="#[1f]">CAN1_RX1_IRQHandler</a> from startup_stm32f10x_cl.o(.text) referenced from startup_stm32f10x_cl.o(RESET)
 <LI><a href="#[20]">CAN1_SCE_IRQHandler</a> from startup_stm32f10x_cl.o(.text) referenced from startup_stm32f10x_cl.o(RESET)
 <LI><a href="#[1d]">CAN1_TX_IRQHandler</a> from startup_stm32f10x_cl.o(.text) referenced from startup_stm32f10x_cl.o(RESET)
 <LI><a href="#[44]">CAN2_RX0_IRQHandler</a> from startup_stm32f10x_cl.o(.text) referenced from startup_stm32f10x_cl.o(RESET)
 <LI><a href="#[45]">CAN2_RX1_IRQHandler</a> from startup_stm32f10x_cl.o(.text) referenced from startup_stm32f10x_cl.o(RESET)
 <LI><a href="#[46]">CAN2_SCE_IRQHandler</a> from startup_stm32f10x_cl.o(.text) referenced from startup_stm32f10x_cl.o(RESET)
 <LI><a href="#[43]">CAN2_TX_IRQHandler</a> from startup_stm32f10x_cl.o(.text) referenced from startup_stm32f10x_cl.o(RESET)
 <LI><a href="#[15]">DMA1_Channel1_IRQHandler</a> from startup_stm32f10x_cl.o(.text) referenced from startup_stm32f10x_cl.o(RESET)
 <LI><a href="#[16]">DMA1_Channel2_IRQHandler</a> from startup_stm32f10x_cl.o(.text) referenced from startup_stm32f10x_cl.o(RESET)
 <LI><a href="#[17]">DMA1_Channel3_IRQHandler</a> from startup_stm32f10x_cl.o(.text) referenced from startup_stm32f10x_cl.o(RESET)
 <LI><a href="#[18]">DMA1_Channel4_IRQHandler</a> from startup_stm32f10x_cl.o(.text) referenced from startup_stm32f10x_cl.o(RESET)
 <LI><a href="#[19]">DMA1_Channel5_IRQHandler</a> from startup_stm32f10x_cl.o(.text) referenced from startup_stm32f10x_cl.o(RESET)
 <LI><a href="#[1a]">DMA1_Channel6_IRQHandler</a> from startup_stm32f10x_cl.o(.text) referenced from startup_stm32f10x_cl.o(RESET)
 <LI><a href="#[1b]">DMA1_Channel7_IRQHandler</a> from startup_stm32f10x_cl.o(.text) referenced from startup_stm32f10x_cl.o(RESET)
 <LI><a href="#[3c]">DMA2_Channel1_IRQHandler</a> from startup_stm32f10x_cl.o(.text) referenced from startup_stm32f10x_cl.o(RESET)
 <LI><a href="#[3d]">DMA2_Channel2_IRQHandler</a> from startup_stm32f10x_cl.o(.text) referenced from startup_stm32f10x_cl.o(RESET)
 <LI><a href="#[3e]">DMA2_Channel3_IRQHandler</a> from startup_stm32f10x_cl.o(.text) referenced from startup_stm32f10x_cl.o(RESET)
 <LI><a href="#[3f]">DMA2_Channel4_IRQHandler</a> from startup_stm32f10x_cl.o(.text) referenced from startup_stm32f10x_cl.o(RESET)
 <LI><a href="#[40]">DMA2_Channel5_IRQHandler</a> from startup_stm32f10x_cl.o(.text) referenced from startup_stm32f10x_cl.o(RESET)
 <LI><a href="#[7]">DebugMon_Handler</a> from startup_stm32f10x_cl.o(.text) referenced from startup_stm32f10x_cl.o(RESET)
 <LI><a href="#[35]">Default_Handler</a> from startup_stm32f10x_cl.o(.text) referenced 7 times from startup_stm32f10x_cl.o(RESET)
 <LI><a href="#[41]">ETH_IRQHandler</a> from eth_stm32x.o(.text) referenced from startup_stm32f10x_cl.o(RESET)
 <LI><a href="#[42]">ETH_WKUP_IRQHandler</a> from startup_stm32f10x_cl.o(.text) referenced from startup_stm32f10x_cl.o(RESET)
 <LI><a href="#[10]">EXTI0_IRQHandler</a> from startup_stm32f10x_cl.o(.text) referenced from startup_stm32f10x_cl.o(RESET)
 <LI><a href="#[32]">EXTI15_10_IRQHandler</a> from startup_stm32f10x_cl.o(.text) referenced from startup_stm32f10x_cl.o(RESET)
 <LI><a href="#[11]">EXTI1_IRQHandler</a> from startup_stm32f10x_cl.o(.text) referenced from startup_stm32f10x_cl.o(RESET)
 <LI><a href="#[12]">EXTI2_IRQHandler</a> from startup_stm32f10x_cl.o(.text) referenced from startup_stm32f10x_cl.o(RESET)
 <LI><a href="#[13]">EXTI3_IRQHandler</a> from startup_stm32f10x_cl.o(.text) referenced from startup_stm32f10x_cl.o(RESET)
 <LI><a href="#[14]">EXTI4_IRQHandler</a> from startup_stm32f10x_cl.o(.text) referenced from startup_stm32f10x_cl.o(RESET)
 <LI><a href="#[21]">EXTI9_5_IRQHandler</a> from startup_stm32f10x_cl.o(.text) referenced from startup_stm32f10x_cl.o(RESET)
 <LI><a href="#[e]">FLASH_IRQHandler</a> from startup_stm32f10x_cl.o(.text) referenced from startup_stm32f10x_cl.o(RESET)
 <LI><a href="#[2]">HardFault_Handler</a> from startup_stm32f10x_cl.o(.text) referenced from startup_stm32f10x_cl.o(RESET)
 <LI><a href="#[2a]">I2C1_ER_IRQHandler</a> from startup_stm32f10x_cl.o(.text) referenced from startup_stm32f10x_cl.o(RESET)
 <LI><a href="#[29]">I2C1_EV_IRQHandler</a> from startup_stm32f10x_cl.o(.text) referenced from startup_stm32f10x_cl.o(RESET)
 <LI><a href="#[2c]">I2C2_ER_IRQHandler</a> from startup_stm32f10x_cl.o(.text) referenced from startup_stm32f10x_cl.o(RESET)
 <LI><a href="#[2b]">I2C2_EV_IRQHandler</a> from startup_stm32f10x_cl.o(.text) referenced from startup_stm32f10x_cl.o(RESET)
 <LI><a href="#[3]">MemManage_Handler</a> from startup_stm32f10x_cl.o(.text) referenced from startup_stm32f10x_cl.o(RESET)
 <LI><a href="#[1]">NMI_Handler</a> from startup_stm32f10x_cl.o(.text) referenced from startup_stm32f10x_cl.o(RESET)
 <LI><a href="#[47]">OTG_FS_IRQHandler</a> from startup_stm32f10x_cl.o(.text) referenced from startup_stm32f10x_cl.o(RESET)
 <LI><a href="#[34]">OTG_FS_WKUP_IRQHandler</a> from startup_stm32f10x_cl.o(.text) referenced from startup_stm32f10x_cl.o(RESET)
 <LI><a href="#[b]">PVD_IRQHandler</a> from startup_stm32f10x_cl.o(.text) referenced from startup_stm32f10x_cl.o(RESET)
 <LI><a href="#[8]">PendSV_Handler</a> from startup_stm32f10x_cl.o(.text) referenced from startup_stm32f10x_cl.o(RESET)
 <LI><a href="#[f]">RCC_IRQHandler</a> from startup_stm32f10x_cl.o(.text) referenced from startup_stm32f10x_cl.o(RESET)
 <LI><a href="#[33]">RTCAlarm_IRQHandler</a> from startup_stm32f10x_cl.o(.text) referenced from startup_stm32f10x_cl.o(RESET)
 <LI><a href="#[d]">RTC_IRQHandler</a> from startup_stm32f10x_cl.o(.text) referenced from startup_stm32f10x_cl.o(RESET)
 <LI><a href="#[0]">Reset_Handler</a> from startup_stm32f10x_cl.o(.text) referenced from startup_stm32f10x_cl.o(RESET)
 <LI><a href="#[2d]">SPI1_IRQHandler</a> from startup_stm32f10x_cl.o(.text) referenced from startup_stm32f10x_cl.o(RESET)
 <LI><a href="#[2e]">SPI2_IRQHandler</a> from startup_stm32f10x_cl.o(.text) referenced from startup_stm32f10x_cl.o(RESET)
 <LI><a href="#[37]">SPI3_IRQHandler</a> from startup_stm32f10x_cl.o(.text) referenced from startup_stm32f10x_cl.o(RESET)
 <LI><a href="#[6]">SVC_Handler</a> from startup_stm32f10x_cl.o(.text) referenced from startup_stm32f10x_cl.o(RESET)
 <LI><a href="#[9]">SysTick_Handler</a> from startup_stm32f10x_cl.o(.text) referenced from startup_stm32f10x_cl.o(RESET)
 <LI><a href="#[c]">TAMPER_IRQHandler</a> from startup_stm32f10x_cl.o(.text) referenced from startup_stm32f10x_cl.o(RESET)
 <LI><a href="#[22]">TIM1_BRK_IRQHandler</a> from startup_stm32f10x_cl.o(.text) referenced from startup_stm32f10x_cl.o(RESET)
 <LI><a href="#[25]">TIM1_CC_IRQHandler</a> from startup_stm32f10x_cl.o(.text) referenced from startup_stm32f10x_cl.o(RESET)
 <LI><a href="#[24]">TIM1_TRG_COM_IRQHandler</a> from startup_stm32f10x_cl.o(.text) referenced from startup_stm32f10x_cl.o(RESET)
 <LI><a href="#[23]">TIM1_UP_IRQHandler</a> from startup_stm32f10x_cl.o(.text) referenced from startup_stm32f10x_cl.o(RESET)
 <LI><a href="#[26]">TIM2_IRQHandler</a> from startup_stm32f10x_cl.o(.text) referenced from startup_stm32f10x_cl.o(RESET)
 <LI><a href="#[27]">TIM3_IRQHandler</a> from startup_stm32f10x_cl.o(.text) referenced from startup_stm32f10x_cl.o(RESET)
 <LI><a href="#[28]">TIM4_IRQHandler</a> from startup_stm32f10x_cl.o(.text) referenced from startup_stm32f10x_cl.o(RESET)
 <LI><a href="#[36]">TIM5_IRQHandler</a> from startup_stm32f10x_cl.o(.text) referenced from startup_stm32f10x_cl.o(RESET)
 <LI><a href="#[3a]">TIM6_IRQHandler</a> from startup_stm32f10x_cl.o(.text) referenced from startup_stm32f10x_cl.o(RESET)
 <LI><a href="#[3b]">TIM7_IRQHandler</a> from startup_stm32f10x_cl.o(.text) referenced from startup_stm32f10x_cl.o(RESET)
 <LI><a href="#[38]">UART4_IRQHandler</a> from startup_stm32f10x_cl.o(.text) referenced from startup_stm32f10x_cl.o(RESET)
 <LI><a href="#[39]">UART5_IRQHandler</a> from startup_stm32f10x_cl.o(.text) referenced from startup_stm32f10x_cl.o(RESET)
 <LI><a href="#[2f]">USART1_IRQHandler</a> from startup_stm32f10x_cl.o(.text) referenced from startup_stm32f10x_cl.o(RESET)
 <LI><a href="#[30]">USART2_IRQHandler</a> from startup_stm32f10x_cl.o(.text) referenced from startup_stm32f10x_cl.o(RESET)
 <LI><a href="#[31]">USART3_IRQHandler</a> from startup_stm32f10x_cl.o(.text) referenced from startup_stm32f10x_cl.o(RESET)
 <LI><a href="#[5]">UsageFault_Handler</a> from startup_stm32f10x_cl.o(.text) referenced from startup_stm32f10x_cl.o(RESET)
 <LI><a href="#[a]">WWDG_IRQHandler</a> from startup_stm32f10x_cl.o(.text) referenced from startup_stm32f10x_cl.o(RESET)
 <LI><a href="#[49]">__main</a> from entry.o(.ARM.Collect$$$$00000000) referenced from startup_stm32f10x_cl.o(.text)
 <LI><a href="#[4a]">fputc</a> from http_demo.o(.text) referenced from printf5.o(i.__0printf$5)
 <LI><a href="#[48]">main</a> from http_demo.o(.text) referenced from entry8.o(.ARM.Collect$$$$00000009)
 <LI><a href="#[4b]">nbns_listener</a> from at_nbns.o(i.nbns_listener) referenced from at_nbns.o(i.nbns_init)
 <LI><a href="#[5a]">tcp_callback</a> from http_demo.o(.text) referenced from http_demo.o(.text)
</UL>
<P>
<H3>
Global Symbols
</H3>
<P><STRONG><a name="[49]"></a>__main</STRONG> (Thumb, 0 bytes, Stack size unknown bytes, entry.o(.ARM.Collect$$$$00000000))
<BR>[Address Reference Count : 1]<UL><LI> startup_stm32f10x_cl.o(.text)
</UL>
<P><STRONG><a name="[cb]"></a>_main_stk</STRONG> (Thumb, 0 bytes, Stack size unknown bytes, entry2.o(.ARM.Collect$$$$00000001))

<P><STRONG><a name="[4c]"></a>_main_scatterload</STRONG> (Thumb, 0 bytes, Stack size unknown bytes, entry5.o(.ARM.Collect$$$$00000004))
<BR><BR>[Calls]<UL><LI><a href="#[4d]">&gt;&gt;</a>&nbsp;&nbsp;&nbsp;__scatterload
</UL>

<P><STRONG><a name="[8d]"></a>__main_after_scatterload</STRONG> (Thumb, 0 bytes, Stack size unknown bytes, entry5.o(.ARM.Collect$$$$00000004))
<BR><BR>[Called By]<UL><LI><a href="#[4d]">&gt;&gt;</a>&nbsp;&nbsp;&nbsp;__scatterload
</UL>

<P><STRONG><a name="[cc]"></a>_main_clock</STRONG> (Thumb, 0 bytes, Stack size unknown bytes, entry7b.o(.ARM.Collect$$$$00000008))

<P><STRONG><a name="[cd]"></a>_main_init</STRONG> (Thumb, 0 bytes, Stack size unknown bytes, entry8.o(.ARM.Collect$$$$00000009))

<P><STRONG><a name="[4a]"></a>fputc</STRONG> (Thumb, 32 bytes, Stack size 0 bytes, http_demo.o(.text))
<BR>[Address Reference Count : 1]<UL><LI> printf5.o(i.__0printf$5)
</UL>
<P><STRONG><a name="[ce]"></a>LED_out</STRONG> (Thumb, 70 bytes, Stack size 0 bytes, http_demo.o(.text), UNUSED)

<P><STRONG><a name="[cf]"></a>AD_in</STRONG> (Thumb, 18 bytes, Stack size 0 bytes, http_demo.o(.text), UNUSED)

<P><STRONG><a name="[5e]"></a>get_button</STRONG> (Thumb, 28 bytes, Stack size 0 bytes, http_demo.o(.text))
<BR><BR>[Called By]<UL><LI><a href="#[48]">&gt;&gt;</a>&nbsp;&nbsp;&nbsp;main
</UL>

<P><STRONG><a name="[50]"></a>send_data</STRONG> (Thumb, 146 bytes, Stack size 24 bytes, http_demo.o(.text))
<BR><BR>[Stack]<UL><LI>Max Depth = 224<LI>Call Chain = send_data &rArr; tcp_send &rArr; tcp_send_frame &rArr; ip_send_frame &rArr; eth_send_frame &rArr; arp_cache_find &rArr; arp_send_request &rArr; free_mem
</UL>
<BR>[Calls]<UL><LI><a href="#[56]">&gt;&gt;</a>&nbsp;&nbsp;&nbsp;__aeabi_memcpy
<LI><a href="#[57]">&gt;&gt;</a>&nbsp;&nbsp;&nbsp;tcp_send
<LI><a href="#[55]">&gt;&gt;</a>&nbsp;&nbsp;&nbsp;tcp_get_buf
<LI><a href="#[51]">&gt;&gt;</a>&nbsp;&nbsp;&nbsp;tcp_connect
<LI><a href="#[58]">&gt;&gt;</a>&nbsp;&nbsp;&nbsp;tcp_close
<LI><a href="#[54]">&gt;&gt;</a>&nbsp;&nbsp;&nbsp;tcp_check_send
<LI><a href="#[53]">&gt;&gt;</a>&nbsp;&nbsp;&nbsp;GLCD_displayStringLn
<LI><a href="#[52]">&gt;&gt;</a>&nbsp;&nbsp;&nbsp;GLCD_clearLn
</UL>
<BR>[Called By]<UL><LI><a href="#[48]">&gt;&gt;</a>&nbsp;&nbsp;&nbsp;main
</UL>

<P><STRONG><a name="[5a]"></a>tcp_callback</STRONG> (Thumb, 26 bytes, Stack size 0 bytes, http_demo.o(.text))
<BR>[Address Reference Count : 1]<UL><LI> http_demo.o(.text)
</UL>
<P><STRONG><a name="[48]"></a>main</STRONG> (Thumb, 66 bytes, Stack size 0 bytes, http_demo.o(.text))
<BR><BR>[Stack]<UL><LI>Max Depth = 264<LI>Call Chain = main &rArr; main_TcpNet &rArr; run_system &rArr; eth_run_link &rArr; tcp_process &rArr; tcp_send_reset &rArr; tcp_send_ctrl &rArr; tcp_send_frame &rArr; ip_send_frame &rArr; eth_send_frame &rArr; arp_cache_find &rArr; arp_send_request &rArr; free_mem
</UL>
<BR>[Calls]<UL><LI><a href="#[5c]">&gt;&gt;</a>&nbsp;&nbsp;&nbsp;timer_tick
<LI><a href="#[5b]">&gt;&gt;</a>&nbsp;&nbsp;&nbsp;tcp_get_socket
<LI><a href="#[5d]">&gt;&gt;</a>&nbsp;&nbsp;&nbsp;main_TcpNet
<LI><a href="#[50]">&gt;&gt;</a>&nbsp;&nbsp;&nbsp;send_data
<LI><a href="#[5e]">&gt;&gt;</a>&nbsp;&nbsp;&nbsp;get_button
<LI><a href="#[59]">&gt;&gt;</a>&nbsp;&nbsp;&nbsp;init
</UL>
<BR>[Address Reference Count : 1]<UL><LI> entry8.o(.ARM.Collect$$$$00000009)
</UL>
<P><STRONG><a name="[5f]"></a>send_datalog</STRONG> (Thumb, 50 bytes, Stack size 16 bytes, http_demo.o(.text), UNUSED)
<BR><BR>[Calls]<UL><LI><a href="#[56]">&gt;&gt;</a>&nbsp;&nbsp;&nbsp;__aeabi_memcpy
<LI><a href="#[57]">&gt;&gt;</a>&nbsp;&nbsp;&nbsp;tcp_send
<LI><a href="#[60]">&gt;&gt;</a>&nbsp;&nbsp;&nbsp;tcp_max_dsize
<LI><a href="#[55]">&gt;&gt;</a>&nbsp;&nbsp;&nbsp;tcp_get_buf
<LI><a href="#[54]">&gt;&gt;</a>&nbsp;&nbsp;&nbsp;tcp_check_send
</UL>

<P><STRONG><a name="[67]"></a>sys_error</STRONG> (Thumb, 2 bytes, Stack size 0 bytes, net_config.o(.text))
<BR><BR>[Calls]<UL><LI><a href="#[67]">&gt;&gt;</a>&nbsp;&nbsp;&nbsp;sys_error
</UL>
<BR>[Called By]<UL><LI><a href="#[b8]">&gt;&gt;</a>&nbsp;&nbsp;&nbsp;udp_get_socket
<LI><a href="#[be]">&gt;&gt;</a>&nbsp;&nbsp;&nbsp;resize_mem
<LI><a href="#[ab]">&gt;&gt;</a>&nbsp;&nbsp;&nbsp;tcp_process
<LI><a href="#[a1]">&gt;&gt;</a>&nbsp;&nbsp;&nbsp;free_mem
<LI><a href="#[79]">&gt;&gt;</a>&nbsp;&nbsp;&nbsp;alloc_mem
<LI><a href="#[67]">&gt;&gt;</a>&nbsp;&nbsp;&nbsp;sys_error
<LI><a href="#[5b]">&gt;&gt;</a>&nbsp;&nbsp;&nbsp;tcp_get_socket
</UL>

<P><STRONG><a name="[68]"></a>init_system</STRONG> (Thumb, 34 bytes, Stack size 8 bytes, net_config.o(.text))
<BR><BR>[Stack]<UL><LI>Max Depth = 132<LI>Call Chain = init_system &rArr; eth_init_link &rArr; init_ethernet &rArr; GLCD_displayStringLn &rArr; GLCD_displayChar &rArr; GLCD_drawChar &rArr; ili9341_set_window &rArr; wr_cmd
</UL>
<BR>[Calls]<UL><LI><a href="#[6c]">&gt;&gt;</a>&nbsp;&nbsp;&nbsp;udp_init
<LI><a href="#[6d]">&gt;&gt;</a>&nbsp;&nbsp;&nbsp;tcp_init
<LI><a href="#[6e]">&gt;&gt;</a>&nbsp;&nbsp;&nbsp;nbns_init
<LI><a href="#[6a]">&gt;&gt;</a>&nbsp;&nbsp;&nbsp;ip_init
<LI><a href="#[6b]">&gt;&gt;</a>&nbsp;&nbsp;&nbsp;icmp_init
<LI><a href="#[69]">&gt;&gt;</a>&nbsp;&nbsp;&nbsp;eth_init_link
<LI><a href="#[6f]">&gt;&gt;</a>&nbsp;&nbsp;&nbsp;arp_notify
</UL>
<BR>[Called By]<UL><LI><a href="#[66]">&gt;&gt;</a>&nbsp;&nbsp;&nbsp;init_TcpNet
</UL>

<P><STRONG><a name="[70]"></a>run_system</STRONG> (Thumb, 22 bytes, Stack size 8 bytes, net_config.o(.text))
<BR><BR>[Stack]<UL><LI>Max Depth = 256<LI>Call Chain = run_system &rArr; eth_run_link &rArr; tcp_process &rArr; tcp_send_reset &rArr; tcp_send_ctrl &rArr; tcp_send_frame &rArr; ip_send_frame &rArr; eth_send_frame &rArr; arp_cache_find &rArr; arp_send_request &rArr; free_mem
</UL>
<BR>[Calls]<UL><LI><a href="#[74]">&gt;&gt;</a>&nbsp;&nbsp;&nbsp;tcp_poll_sockets
<LI><a href="#[72]">&gt;&gt;</a>&nbsp;&nbsp;&nbsp;ip_run_local
<LI><a href="#[73]">&gt;&gt;</a>&nbsp;&nbsp;&nbsp;icmp_run_engine
<LI><a href="#[71]">&gt;&gt;</a>&nbsp;&nbsp;&nbsp;eth_run_link
</UL>
<BR>[Called By]<UL><LI><a href="#[5d]">&gt;&gt;</a>&nbsp;&nbsp;&nbsp;main_TcpNet
</UL>

<P><STRONG><a name="[b0]"></a>igmp_is_member</STRONG> (Thumb, 4 bytes, Stack size 0 bytes, net_config.o(.text))
<BR><BR>[Called By]<UL><LI><a href="#[a7]">&gt;&gt;</a>&nbsp;&nbsp;&nbsp;ip_chk_frame
</UL>

<P><STRONG><a name="[a9]"></a>igmp_process</STRONG> (Thumb, 2 bytes, Stack size 0 bytes, net_config.o(.text))
<BR><BR>[Called By]<UL><LI><a href="#[71]">&gt;&gt;</a>&nbsp;&nbsp;&nbsp;eth_run_link
</UL>

<P><STRONG><a name="[d0]"></a>dhcp_disable</STRONG> (Thumb, 2 bytes, Stack size 0 bytes, net_config.o(.text), UNUSED)

<P><STRONG><a name="[b4]"></a>ppp_send_frame</STRONG> (Thumb, 4 bytes, Stack size 0 bytes, net_config.o(.text))
<BR><BR>[Called By]<UL><LI><a href="#[ad]">&gt;&gt;</a>&nbsp;&nbsp;&nbsp;ip_send_frame
</UL>

<P><STRONG><a name="[b5]"></a>slip_send_frame</STRONG> (Thumb, 4 bytes, Stack size 0 bytes, net_config.o(.text))
<BR><BR>[Called By]<UL><LI><a href="#[ad]">&gt;&gt;</a>&nbsp;&nbsp;&nbsp;ip_send_frame
</UL>

<P><STRONG><a name="[0]"></a>Reset_Handler</STRONG> (Thumb, 4 bytes, Stack size 0 bytes, startup_stm32f10x_cl.o(.text))
<BR>[Address Reference Count : 1]<UL><LI> startup_stm32f10x_cl.o(RESET)
</UL>
<P><STRONG><a name="[1]"></a>NMI_Handler</STRONG> (Thumb, 2 bytes, Stack size 0 bytes, startup_stm32f10x_cl.o(.text))
<BR><BR>[Calls]<UL><LI><a href="#[1]">&gt;&gt;</a>&nbsp;&nbsp;&nbsp;NMI_Handler
</UL>
<BR>[Called By]<UL><LI><a href="#[1]">&gt;&gt;</a>&nbsp;&nbsp;&nbsp;NMI_Handler
</UL>
<BR>[Address Reference Count : 1]<UL><LI> startup_stm32f10x_cl.o(RESET)
</UL>
<P><STRONG><a name="[2]"></a>HardFault_Handler</STRONG> (Thumb, 2 bytes, Stack size 0 bytes, startup_stm32f10x_cl.o(.text))
<BR><BR>[Calls]<UL><LI><a href="#[2]">&gt;&gt;</a>&nbsp;&nbsp;&nbsp;HardFault_Handler
</UL>
<BR>[Called By]<UL><LI><a href="#[2]">&gt;&gt;</a>&nbsp;&nbsp;&nbsp;HardFault_Handler
</UL>
<BR>[Address Reference Count : 1]<UL><LI> startup_stm32f10x_cl.o(RESET)
</UL>
<P><STRONG><a name="[3]"></a>MemManage_Handler</STRONG> (Thumb, 2 bytes, Stack size 0 bytes, startup_stm32f10x_cl.o(.text))
<BR><BR>[Calls]<UL><LI><a href="#[3]">&gt;&gt;</a>&nbsp;&nbsp;&nbsp;MemManage_Handler
</UL>
<BR>[Called By]<UL><LI><a href="#[3]">&gt;&gt;</a>&nbsp;&nbsp;&nbsp;MemManage_Handler
</UL>
<BR>[Address Reference Count : 1]<UL><LI> startup_stm32f10x_cl.o(RESET)
</UL>
<P><STRONG><a name="[4]"></a>BusFault_Handler</STRONG> (Thumb, 2 bytes, Stack size 0 bytes, startup_stm32f10x_cl.o(.text))
<BR><BR>[Calls]<UL><LI><a href="#[4]">&gt;&gt;</a>&nbsp;&nbsp;&nbsp;BusFault_Handler
</UL>
<BR>[Called By]<UL><LI><a href="#[4]">&gt;&gt;</a>&nbsp;&nbsp;&nbsp;BusFault_Handler
</UL>
<BR>[Address Reference Count : 1]<UL><LI> startup_stm32f10x_cl.o(RESET)
</UL>
<P><STRONG><a name="[5]"></a>UsageFault_Handler</STRONG> (Thumb, 2 bytes, Stack size 0 bytes, startup_stm32f10x_cl.o(.text))
<BR><BR>[Calls]<UL><LI><a href="#[5]">&gt;&gt;</a>&nbsp;&nbsp;&nbsp;UsageFault_Handler
</UL>
<BR>[Called By]<UL><LI><a href="#[5]">&gt;&gt;</a>&nbsp;&nbsp;&nbsp;UsageFault_Handler
</UL>
<BR>[Address Reference Count : 1]<UL><LI> startup_stm32f10x_cl.o(RESET)
</UL>
<P><STRONG><a name="[6]"></a>SVC_Handler</STRONG> (Thumb, 2 bytes, Stack size 0 bytes, startup_stm32f10x_cl.o(.text))
<BR><BR>[Calls]<UL><LI><a href="#[6]">&gt;&gt;</a>&nbsp;&nbsp;&nbsp;SVC_Handler
</UL>
<BR>[Called By]<UL><LI><a href="#[6]">&gt;&gt;</a>&nbsp;&nbsp;&nbsp;SVC_Handler
</UL>
<BR>[Address Reference Count : 1]<UL><LI> startup_stm32f10x_cl.o(RESET)
</UL>
<P><STRONG><a name="[7]"></a>DebugMon_Handler</STRONG> (Thumb, 2 bytes, Stack size 0 bytes, startup_stm32f10x_cl.o(.text))
<BR><BR>[Calls]<UL><LI><a href="#[7]">&gt;&gt;</a>&nbsp;&nbsp;&nbsp;DebugMon_Handler
</UL>
<BR>[Called By]<UL><LI><a href="#[7]">&gt;&gt;</a>&nbsp;&nbsp;&nbsp;DebugMon_Handler
</UL>
<BR>[Address Reference Count : 1]<UL><LI> startup_stm32f10x_cl.o(RESET)
</UL>
<P><STRONG><a name="[8]"></a>PendSV_Handler</STRONG> (Thumb, 2 bytes, Stack size 0 bytes, startup_stm32f10x_cl.o(.text))
<BR><BR>[Calls]<UL><LI><a href="#[8]">&gt;&gt;</a>&nbsp;&nbsp;&nbsp;PendSV_Handler
</UL>
<BR>[Called By]<UL><LI><a href="#[8]">&gt;&gt;</a>&nbsp;&nbsp;&nbsp;PendSV_Handler
</UL>
<BR>[Address Reference Count : 1]<UL><LI> startup_stm32f10x_cl.o(RESET)
</UL>
<P><STRONG><a name="[9]"></a>SysTick_Handler</STRONG> (Thumb, 2 bytes, Stack size 0 bytes, startup_stm32f10x_cl.o(.text))
<BR><BR>[Calls]<UL><LI><a href="#[9]">&gt;&gt;</a>&nbsp;&nbsp;&nbsp;SysTick_Handler
</UL>
<BR>[Called By]<UL><LI><a href="#[9]">&gt;&gt;</a>&nbsp;&nbsp;&nbsp;SysTick_Handler
</UL>
<BR>[Address Reference Count : 1]<UL><LI> startup_stm32f10x_cl.o(RESET)
</UL>
<P><STRONG><a name="[1c]"></a>ADC1_2_IRQHandler</STRONG> (Thumb, 0 bytes, Stack size 0 bytes, startup_stm32f10x_cl.o(.text))
<BR>[Address Reference Count : 1]<UL><LI> startup_stm32f10x_cl.o(RESET)
</UL>
<P><STRONG><a name="[1e]"></a>CAN1_RX0_IRQHandler</STRONG> (Thumb, 0 bytes, Stack size 0 bytes, startup_stm32f10x_cl.o(.text))
<BR>[Address Reference Count : 1]<UL><LI> startup_stm32f10x_cl.o(RESET)
</UL>
<P><STRONG><a name="[1f]"></a>CAN1_RX1_IRQHandler</STRONG> (Thumb, 0 bytes, Stack size 0 bytes, startup_stm32f10x_cl.o(.text))
<BR>[Address Reference Count : 1]<UL><LI> startup_stm32f10x_cl.o(RESET)
</UL>
<P><STRONG><a name="[20]"></a>CAN1_SCE_IRQHandler</STRONG> (Thumb, 0 bytes, Stack size 0 bytes, startup_stm32f10x_cl.o(.text))
<BR>[Address Reference Count : 1]<UL><LI> startup_stm32f10x_cl.o(RESET)
</UL>
<P><STRONG><a name="[1d]"></a>CAN1_TX_IRQHandler</STRONG> (Thumb, 0 bytes, Stack size 0 bytes, startup_stm32f10x_cl.o(.text))
<BR>[Address Reference Count : 1]<UL><LI> startup_stm32f10x_cl.o(RESET)
</UL>
<P><STRONG><a name="[44]"></a>CAN2_RX0_IRQHandler</STRONG> (Thumb, 0 bytes, Stack size 0 bytes, startup_stm32f10x_cl.o(.text))
<BR>[Address Reference Count : 1]<UL><LI> startup_stm32f10x_cl.o(RESET)
</UL>
<P><STRONG><a name="[45]"></a>CAN2_RX1_IRQHandler</STRONG> (Thumb, 0 bytes, Stack size 0 bytes, startup_stm32f10x_cl.o(.text))
<BR>[Address Reference Count : 1]<UL><LI> startup_stm32f10x_cl.o(RESET)
</UL>
<P><STRONG><a name="[46]"></a>CAN2_SCE_IRQHandler</STRONG> (Thumb, 0 bytes, Stack size 0 bytes, startup_stm32f10x_cl.o(.text))
<BR>[Address Reference Count : 1]<UL><LI> startup_stm32f10x_cl.o(RESET)
</UL>
<P><STRONG><a name="[43]"></a>CAN2_TX_IRQHandler</STRONG> (Thumb, 0 bytes, Stack size 0 bytes, startup_stm32f10x_cl.o(.text))
<BR>[Address Reference Count : 1]<UL><LI> startup_stm32f10x_cl.o(RESET)
</UL>
<P><STRONG><a name="[15]"></a>DMA1_Channel1_IRQHandler</STRONG> (Thumb, 0 bytes, Stack size 0 bytes, startup_stm32f10x_cl.o(.text))
<BR>[Address Reference Count : 1]<UL><LI> startup_stm32f10x_cl.o(RESET)
</UL>
<P><STRONG><a name="[16]"></a>DMA1_Channel2_IRQHandler</STRONG> (Thumb, 0 bytes, Stack size 0 bytes, startup_stm32f10x_cl.o(.text))
<BR>[Address Reference Count : 1]<UL><LI> startup_stm32f10x_cl.o(RESET)
</UL>
<P><STRONG><a name="[17]"></a>DMA1_Channel3_IRQHandler</STRONG> (Thumb, 0 bytes, Stack size 0 bytes, startup_stm32f10x_cl.o(.text))
<BR>[Address Reference Count : 1]<UL><LI> startup_stm32f10x_cl.o(RESET)
</UL>
<P><STRONG><a name="[18]"></a>DMA1_Channel4_IRQHandler</STRONG> (Thumb, 0 bytes, Stack size 0 bytes, startup_stm32f10x_cl.o(.text))
<BR>[Address Reference Count : 1]<UL><LI> startup_stm32f10x_cl.o(RESET)
</UL>
<P><STRONG><a name="[19]"></a>DMA1_Channel5_IRQHandler</STRONG> (Thumb, 0 bytes, Stack size 0 bytes, startup_stm32f10x_cl.o(.text))
<BR>[Address Reference Count : 1]<UL><LI> startup_stm32f10x_cl.o(RESET)
</UL>
<P><STRONG><a name="[1a]"></a>DMA1_Channel6_IRQHandler</STRONG> (Thumb, 0 bytes, Stack size 0 bytes, startup_stm32f10x_cl.o(.text))
<BR>[Address Reference Count : 1]<UL><LI> startup_stm32f10x_cl.o(RESET)
</UL>
<P><STRONG><a name="[1b]"></a>DMA1_Channel7_IRQHandler</STRONG> (Thumb, 0 bytes, Stack size 0 bytes, startup_stm32f10x_cl.o(.text))
<BR>[Address Reference Count : 1]<UL><LI> startup_stm32f10x_cl.o(RESET)
</UL>
<P><STRONG><a name="[3c]"></a>DMA2_Channel1_IRQHandler</STRONG> (Thumb, 0 bytes, Stack size 0 bytes, startup_stm32f10x_cl.o(.text))
<BR>[Address Reference Count : 1]<UL><LI> startup_stm32f10x_cl.o(RESET)
</UL>
<P><STRONG><a name="[3d]"></a>DMA2_Channel2_IRQHandler</STRONG> (Thumb, 0 bytes, Stack size 0 bytes, startup_stm32f10x_cl.o(.text))
<BR>[Address Reference Count : 1]<UL><LI> startup_stm32f10x_cl.o(RESET)
</UL>
<P><STRONG><a name="[3e]"></a>DMA2_Channel3_IRQHandler</STRONG> (Thumb, 0 bytes, Stack size 0 bytes, startup_stm32f10x_cl.o(.text))
<BR>[Address Reference Count : 1]<UL><LI> startup_stm32f10x_cl.o(RESET)
</UL>
<P><STRONG><a name="[3f]"></a>DMA2_Channel4_IRQHandler</STRONG> (Thumb, 0 bytes, Stack size 0 bytes, startup_stm32f10x_cl.o(.text))
<BR>[Address Reference Count : 1]<UL><LI> startup_stm32f10x_cl.o(RESET)
</UL>
<P><STRONG><a name="[40]"></a>DMA2_Channel5_IRQHandler</STRONG> (Thumb, 0 bytes, Stack size 0 bytes, startup_stm32f10x_cl.o(.text))
<BR>[Address Reference Count : 1]<UL><LI> startup_stm32f10x_cl.o(RESET)
</UL>
<P><STRONG><a name="[42]"></a>ETH_WKUP_IRQHandler</STRONG> (Thumb, 0 bytes, Stack size 0 bytes, startup_stm32f10x_cl.o(.text))
<BR>[Address Reference Count : 1]<UL><LI> startup_stm32f10x_cl.o(RESET)
</UL>
<P><STRONG><a name="[10]"></a>EXTI0_IRQHandler</STRONG> (Thumb, 0 bytes, Stack size 0 bytes, startup_stm32f10x_cl.o(.text))
<BR>[Address Reference Count : 1]<UL><LI> startup_stm32f10x_cl.o(RESET)
</UL>
<P><STRONG><a name="[32]"></a>EXTI15_10_IRQHandler</STRONG> (Thumb, 0 bytes, Stack size 0 bytes, startup_stm32f10x_cl.o(.text))
<BR>[Address Reference Count : 1]<UL><LI> startup_stm32f10x_cl.o(RESET)
</UL>
<P><STRONG><a name="[11]"></a>EXTI1_IRQHandler</STRONG> (Thumb, 0 bytes, Stack size 0 bytes, startup_stm32f10x_cl.o(.text))
<BR>[Address Reference Count : 1]<UL><LI> startup_stm32f10x_cl.o(RESET)
</UL>
<P><STRONG><a name="[12]"></a>EXTI2_IRQHandler</STRONG> (Thumb, 0 bytes, Stack size 0 bytes, startup_stm32f10x_cl.o(.text))
<BR>[Address Reference Count : 1]<UL><LI> startup_stm32f10x_cl.o(RESET)
</UL>
<P><STRONG><a name="[13]"></a>EXTI3_IRQHandler</STRONG> (Thumb, 0 bytes, Stack size 0 bytes, startup_stm32f10x_cl.o(.text))
<BR>[Address Reference Count : 1]<UL><LI> startup_stm32f10x_cl.o(RESET)
</UL>
<P><STRONG><a name="[14]"></a>EXTI4_IRQHandler</STRONG> (Thumb, 0 bytes, Stack size 0 bytes, startup_stm32f10x_cl.o(.text))
<BR>[Address Reference Count : 1]<UL><LI> startup_stm32f10x_cl.o(RESET)
</UL>
<P><STRONG><a name="[21]"></a>EXTI9_5_IRQHandler</STRONG> (Thumb, 0 bytes, Stack size 0 bytes, startup_stm32f10x_cl.o(.text))
<BR>[Address Reference Count : 1]<UL><LI> startup_stm32f10x_cl.o(RESET)
</UL>
<P><STRONG><a name="[e]"></a>FLASH_IRQHandler</STRONG> (Thumb, 0 bytes, Stack size 0 bytes, startup_stm32f10x_cl.o(.text))
<BR>[Address Reference Count : 1]<UL><LI> startup_stm32f10x_cl.o(RESET)
</UL>
<P><STRONG><a name="[2a]"></a>I2C1_ER_IRQHandler</STRONG> (Thumb, 0 bytes, Stack size 0 bytes, startup_stm32f10x_cl.o(.text))
<BR>[Address Reference Count : 1]<UL><LI> startup_stm32f10x_cl.o(RESET)
</UL>
<P><STRONG><a name="[29]"></a>I2C1_EV_IRQHandler</STRONG> (Thumb, 0 bytes, Stack size 0 bytes, startup_stm32f10x_cl.o(.text))
<BR>[Address Reference Count : 1]<UL><LI> startup_stm32f10x_cl.o(RESET)
</UL>
<P><STRONG><a name="[2c]"></a>I2C2_ER_IRQHandler</STRONG> (Thumb, 0 bytes, Stack size 0 bytes, startup_stm32f10x_cl.o(.text))
<BR>[Address Reference Count : 1]<UL><LI> startup_stm32f10x_cl.o(RESET)
</UL>
<P><STRONG><a name="[2b]"></a>I2C2_EV_IRQHandler</STRONG> (Thumb, 0 bytes, Stack size 0 bytes, startup_stm32f10x_cl.o(.text))
<BR>[Address Reference Count : 1]<UL><LI> startup_stm32f10x_cl.o(RESET)
</UL>
<P><STRONG><a name="[47]"></a>OTG_FS_IRQHandler</STRONG> (Thumb, 0 bytes, Stack size 0 bytes, startup_stm32f10x_cl.o(.text))
<BR>[Address Reference Count : 1]<UL><LI> startup_stm32f10x_cl.o(RESET)
</UL>
<P><STRONG><a name="[34]"></a>OTG_FS_WKUP_IRQHandler</STRONG> (Thumb, 0 bytes, Stack size 0 bytes, startup_stm32f10x_cl.o(.text))
<BR>[Address Reference Count : 1]<UL><LI> startup_stm32f10x_cl.o(RESET)
</UL>
<P><STRONG><a name="[b]"></a>PVD_IRQHandler</STRONG> (Thumb, 0 bytes, Stack size 0 bytes, startup_stm32f10x_cl.o(.text))
<BR>[Address Reference Count : 1]<UL><LI> startup_stm32f10x_cl.o(RESET)
</UL>
<P><STRONG><a name="[f]"></a>RCC_IRQHandler</STRONG> (Thumb, 0 bytes, Stack size 0 bytes, startup_stm32f10x_cl.o(.text))
<BR>[Address Reference Count : 1]<UL><LI> startup_stm32f10x_cl.o(RESET)
</UL>
<P><STRONG><a name="[33]"></a>RTCAlarm_IRQHandler</STRONG> (Thumb, 0 bytes, Stack size 0 bytes, startup_stm32f10x_cl.o(.text))
<BR>[Address Reference Count : 1]<UL><LI> startup_stm32f10x_cl.o(RESET)
</UL>
<P><STRONG><a name="[d]"></a>RTC_IRQHandler</STRONG> (Thumb, 0 bytes, Stack size 0 bytes, startup_stm32f10x_cl.o(.text))
<BR>[Address Reference Count : 1]<UL><LI> startup_stm32f10x_cl.o(RESET)
</UL>
<P><STRONG><a name="[2d]"></a>SPI1_IRQHandler</STRONG> (Thumb, 0 bytes, Stack size 0 bytes, startup_stm32f10x_cl.o(.text))
<BR>[Address Reference Count : 1]<UL><LI> startup_stm32f10x_cl.o(RESET)
</UL>
<P><STRONG><a name="[2e]"></a>SPI2_IRQHandler</STRONG> (Thumb, 0 bytes, Stack size 0 bytes, startup_stm32f10x_cl.o(.text))
<BR>[Address Reference Count : 1]<UL><LI> startup_stm32f10x_cl.o(RESET)
</UL>
<P><STRONG><a name="[37]"></a>SPI3_IRQHandler</STRONG> (Thumb, 0 bytes, Stack size 0 bytes, startup_stm32f10x_cl.o(.text))
<BR>[Address Reference Count : 1]<UL><LI> startup_stm32f10x_cl.o(RESET)
</UL>
<P><STRONG><a name="[c]"></a>TAMPER_IRQHandler</STRONG> (Thumb, 0 bytes, Stack size 0 bytes, startup_stm32f10x_cl.o(.text))
<BR>[Address Reference Count : 1]<UL><LI> startup_stm32f10x_cl.o(RESET)
</UL>
<P><STRONG><a name="[22]"></a>TIM1_BRK_IRQHandler</STRONG> (Thumb, 0 bytes, Stack size 0 bytes, startup_stm32f10x_cl.o(.text))
<BR>[Address Reference Count : 1]<UL><LI> startup_stm32f10x_cl.o(RESET)
</UL>
<P><STRONG><a name="[25]"></a>TIM1_CC_IRQHandler</STRONG> (Thumb, 0 bytes, Stack size 0 bytes, startup_stm32f10x_cl.o(.text))
<BR>[Address Reference Count : 1]<UL><LI> startup_stm32f10x_cl.o(RESET)
</UL>
<P><STRONG><a name="[24]"></a>TIM1_TRG_COM_IRQHandler</STRONG> (Thumb, 0 bytes, Stack size 0 bytes, startup_stm32f10x_cl.o(.text))
<BR>[Address Reference Count : 1]<UL><LI> startup_stm32f10x_cl.o(RESET)
</UL>
<P><STRONG><a name="[23]"></a>TIM1_UP_IRQHandler</STRONG> (Thumb, 0 bytes, Stack size 0 bytes, startup_stm32f10x_cl.o(.text))
<BR>[Address Reference Count : 1]<UL><LI> startup_stm32f10x_cl.o(RESET)
</UL>
<P><STRONG><a name="[26]"></a>TIM2_IRQHandler</STRONG> (Thumb, 0 bytes, Stack size 0 bytes, startup_stm32f10x_cl.o(.text))
<BR>[Address Reference Count : 1]<UL><LI> startup_stm32f10x_cl.o(RESET)
</UL>
<P><STRONG><a name="[27]"></a>TIM3_IRQHandler</STRONG> (Thumb, 0 bytes, Stack size 0 bytes, startup_stm32f10x_cl.o(.text))
<BR>[Address Reference Count : 1]<UL><LI> startup_stm32f10x_cl.o(RESET)
</UL>
<P><STRONG><a name="[28]"></a>TIM4_IRQHandler</STRONG> (Thumb, 0 bytes, Stack size 0 bytes, startup_stm32f10x_cl.o(.text))
<BR>[Address Reference Count : 1]<UL><LI> startup_stm32f10x_cl.o(RESET)
</UL>
<P><STRONG><a name="[36]"></a>TIM5_IRQHandler</STRONG> (Thumb, 0 bytes, Stack size 0 bytes, startup_stm32f10x_cl.o(.text))
<BR>[Address Reference Count : 1]<UL><LI> startup_stm32f10x_cl.o(RESET)
</UL>
<P><STRONG><a name="[3a]"></a>TIM6_IRQHandler</STRONG> (Thumb, 0 bytes, Stack size 0 bytes, startup_stm32f10x_cl.o(.text))
<BR>[Address Reference Count : 1]<UL><LI> startup_stm32f10x_cl.o(RESET)
</UL>
<P><STRONG><a name="[3b]"></a>TIM7_IRQHandler</STRONG> (Thumb, 0 bytes, Stack size 0 bytes, startup_stm32f10x_cl.o(.text))
<BR>[Address Reference Count : 1]<UL><LI> startup_stm32f10x_cl.o(RESET)
</UL>
<P><STRONG><a name="[38]"></a>UART4_IRQHandler</STRONG> (Thumb, 0 bytes, Stack size 0 bytes, startup_stm32f10x_cl.o(.text))
<BR>[Address Reference Count : 1]<UL><LI> startup_stm32f10x_cl.o(RESET)
</UL>
<P><STRONG><a name="[39]"></a>UART5_IRQHandler</STRONG> (Thumb, 0 bytes, Stack size 0 bytes, startup_stm32f10x_cl.o(.text))
<BR>[Address Reference Count : 1]<UL><LI> startup_stm32f10x_cl.o(RESET)
</UL>
<P><STRONG><a name="[2f]"></a>USART1_IRQHandler</STRONG> (Thumb, 0 bytes, Stack size 0 bytes, startup_stm32f10x_cl.o(.text))
<BR>[Address Reference Count : 1]<UL><LI> startup_stm32f10x_cl.o(RESET)
</UL>
<P><STRONG><a name="[30]"></a>USART2_IRQHandler</STRONG> (Thumb, 0 bytes, Stack size 0 bytes, startup_stm32f10x_cl.o(.text))
<BR>[Address Reference Count : 1]<UL><LI> startup_stm32f10x_cl.o(RESET)
</UL>
<P><STRONG><a name="[31]"></a>USART3_IRQHandler</STRONG> (Thumb, 0 bytes, Stack size 0 bytes, startup_stm32f10x_cl.o(.text))
<BR>[Address Reference Count : 1]<UL><LI> startup_stm32f10x_cl.o(RESET)
</UL>
<P><STRONG><a name="[a]"></a>WWDG_IRQHandler</STRONG> (Thumb, 0 bytes, Stack size 0 bytes, startup_stm32f10x_cl.o(.text))
<BR>[Address Reference Count : 1]<UL><LI> startup_stm32f10x_cl.o(RESET)
</UL>
<P><STRONG><a name="[75]"></a>init_ethernet</STRONG> (Thumb, 458 bytes, Stack size 32 bytes, eth_stm32x.o(.text))
<BR><BR>[Stack]<UL><LI>Max Depth = 116<LI>Call Chain = init_ethernet &rArr; GLCD_displayStringLn &rArr; GLCD_displayChar &rArr; GLCD_drawChar &rArr; ili9341_set_window &rArr; wr_cmd
</UL>
<BR>[Calls]<UL><LI><a href="#[76]">&gt;&gt;</a>&nbsp;&nbsp;&nbsp;write_PHY
<LI><a href="#[77]">&gt;&gt;</a>&nbsp;&nbsp;&nbsp;read_PHY
<LI><a href="#[78]">&gt;&gt;</a>&nbsp;&nbsp;&nbsp;rx_descr_init
<LI><a href="#[53]">&gt;&gt;</a>&nbsp;&nbsp;&nbsp;GLCD_displayStringLn
</UL>
<BR>[Called By]<UL><LI><a href="#[69]">&gt;&gt;</a>&nbsp;&nbsp;&nbsp;eth_init_link
</UL>

<P><STRONG><a name="[91]"></a>int_enable_eth</STRONG> (Thumb, 10 bytes, Stack size 0 bytes, eth_stm32x.o(.text))
<BR><BR>[Called By]<UL><LI><a href="#[be]">&gt;&gt;</a>&nbsp;&nbsp;&nbsp;resize_mem
<LI><a href="#[a1]">&gt;&gt;</a>&nbsp;&nbsp;&nbsp;free_mem
<LI><a href="#[79]">&gt;&gt;</a>&nbsp;&nbsp;&nbsp;alloc_mem
<LI><a href="#[69]">&gt;&gt;</a>&nbsp;&nbsp;&nbsp;eth_init_link
</UL>

<P><STRONG><a name="[90]"></a>int_disable_eth</STRONG> (Thumb, 10 bytes, Stack size 0 bytes, eth_stm32x.o(.text))
<BR><BR>[Called By]<UL><LI><a href="#[af]">&gt;&gt;</a>&nbsp;&nbsp;&nbsp;init_mem
<LI><a href="#[be]">&gt;&gt;</a>&nbsp;&nbsp;&nbsp;resize_mem
<LI><a href="#[a1]">&gt;&gt;</a>&nbsp;&nbsp;&nbsp;free_mem
<LI><a href="#[79]">&gt;&gt;</a>&nbsp;&nbsp;&nbsp;alloc_mem
<LI><a href="#[69]">&gt;&gt;</a>&nbsp;&nbsp;&nbsp;eth_init_link
</UL>

<P><STRONG><a name="[a0]"></a>send_frame</STRONG> (Thumb, 76 bytes, Stack size 20 bytes, eth_stm32x.o(.text))
<BR><BR>[Stack]<UL><LI>Max Depth = 20<LI>Call Chain = send_frame
</UL>
<BR>[Called By]<UL><LI><a href="#[ac]">&gt;&gt;</a>&nbsp;&nbsp;&nbsp;eth_send_frame
<LI><a href="#[9a]">&gt;&gt;</a>&nbsp;&nbsp;&nbsp;arp_send_request
<LI><a href="#[9f]">&gt;&gt;</a>&nbsp;&nbsp;&nbsp;arp_send_reply
</UL>

<P><STRONG><a name="[41]"></a>ETH_IRQHandler</STRONG> (Thumb, 134 bytes, Stack size 32 bytes, eth_stm32x.o(.text))
<BR><BR>[Stack]<UL><LI>Max Depth = 56<LI>Call Chain = ETH_IRQHandler &rArr; alloc_mem
</UL>
<BR>[Calls]<UL><LI><a href="#[7a]">&gt;&gt;</a>&nbsp;&nbsp;&nbsp;put_in_queue
<LI><a href="#[79]">&gt;&gt;</a>&nbsp;&nbsp;&nbsp;alloc_mem
</UL>
<BR>[Address Reference Count : 1]<UL><LI> startup_stm32f10x_cl.o(RESET)
</UL>
<P><STRONG><a name="[4f]"></a>SystemInit</STRONG> (Thumb, 274 bytes, Stack size 16 bytes, system_stm32f10x_cl.o(.text))
<BR><BR>[Stack]<UL><LI>Max Depth = 104<LI>Call Chain = SystemInit &rArr; __aeabi_dmul &rArr; _double_epilogue &rArr; _double_round
</UL>
<BR>[Calls]<UL><LI><a href="#[7b]">&gt;&gt;</a>&nbsp;&nbsp;&nbsp;__aeabi_i2d
<LI><a href="#[7c]">&gt;&gt;</a>&nbsp;&nbsp;&nbsp;__aeabi_dmul
<LI><a href="#[7d]">&gt;&gt;</a>&nbsp;&nbsp;&nbsp;__aeabi_d2uiz
</UL>
<BR>[Called By]<UL><LI><a href="#[4e]">&gt;&gt;</a>&nbsp;&nbsp;&nbsp;init_io
</UL>

<P><STRONG><a name="[61]"></a>GLCD_init</STRONG> (Thumb, 470 bytes, Stack size 24 bytes, glcd.o(.text))
<BR><BR>[Stack]<UL><LI>Max Depth = 48<LI>Call Chain = GLCD_init &rArr; __2printf
</UL>
<BR>[Calls]<UL><LI><a href="#[81]">&gt;&gt;</a>&nbsp;&nbsp;&nbsp;delay
<LI><a href="#[82]">&gt;&gt;</a>&nbsp;&nbsp;&nbsp;rd_dat
<LI><a href="#[7f]">&gt;&gt;</a>&nbsp;&nbsp;&nbsp;wr_cmd
<LI><a href="#[80]">&gt;&gt;</a>&nbsp;&nbsp;&nbsp;wr_dat
<LI><a href="#[83]">&gt;&gt;</a>&nbsp;&nbsp;&nbsp;__2printf
</UL>
<BR>[Called By]<UL><LI><a href="#[59]">&gt;&gt;</a>&nbsp;&nbsp;&nbsp;init
</UL>

<P><STRONG><a name="[84]"></a>GLCD_SetCursor</STRONG> (Thumb, 8 bytes, Stack size 0 bytes, glcd.o(.text), UNUSED)
<BR><BR>[Calls]<UL><LI><a href="#[7e]">&gt;&gt;</a>&nbsp;&nbsp;&nbsp;ili9341_set_window
</UL>
<BR>[Called By]<UL><LI><a href="#[85]">&gt;&gt;</a>&nbsp;&nbsp;&nbsp;GLCD_putPixel
</UL>

<P><STRONG><a name="[85]"></a>GLCD_putPixel</STRONG> (Thumb, 20 bytes, Stack size 8 bytes, glcd.o(.text), UNUSED)
<BR><BR>[Calls]<UL><LI><a href="#[84]">&gt;&gt;</a>&nbsp;&nbsp;&nbsp;GLCD_SetCursor
<LI><a href="#[80]">&gt;&gt;</a>&nbsp;&nbsp;&nbsp;wr_dat
</UL>

<P><STRONG><a name="[64]"></a>GLCD_setTextColor</STRONG> (Thumb, 6 bytes, Stack size 0 bytes, glcd.o(.text))
<BR><BR>[Called By]<UL><LI><a href="#[59]">&gt;&gt;</a>&nbsp;&nbsp;&nbsp;init
</UL>

<P><STRONG><a name="[63]"></a>GLCD_setBackColor</STRONG> (Thumb, 6 bytes, Stack size 0 bytes, glcd.o(.text))
<BR><BR>[Called By]<UL><LI><a href="#[59]">&gt;&gt;</a>&nbsp;&nbsp;&nbsp;init
</UL>

<P><STRONG><a name="[62]"></a>GLCD_clear</STRONG> (Thumb, 38 bytes, Stack size 16 bytes, glcd.o(.text))
<BR><BR>[Stack]<UL><LI>Max Depth = 52<LI>Call Chain = GLCD_clear &rArr; ili9341_set_window &rArr; wr_cmd
</UL>
<BR>[Calls]<UL><LI><a href="#[7e]">&gt;&gt;</a>&nbsp;&nbsp;&nbsp;ili9341_set_window
<LI><a href="#[80]">&gt;&gt;</a>&nbsp;&nbsp;&nbsp;wr_dat
</UL>
<BR>[Called By]<UL><LI><a href="#[59]">&gt;&gt;</a>&nbsp;&nbsp;&nbsp;init
</UL>

<P><STRONG><a name="[86]"></a>GLCD_drawChar</STRONG> (Thumb, 76 bytes, Stack size 24 bytes, glcd.o(.text))
<BR><BR>[Stack]<UL><LI>Max Depth = 60<LI>Call Chain = GLCD_drawChar &rArr; ili9341_set_window &rArr; wr_cmd
</UL>
<BR>[Calls]<UL><LI><a href="#[7e]">&gt;&gt;</a>&nbsp;&nbsp;&nbsp;ili9341_set_window
<LI><a href="#[80]">&gt;&gt;</a>&nbsp;&nbsp;&nbsp;wr_dat
</UL>
<BR>[Called By]<UL><LI><a href="#[87]">&gt;&gt;</a>&nbsp;&nbsp;&nbsp;GLCD_displayChar
</UL>

<P><STRONG><a name="[87]"></a>GLCD_displayChar</STRONG> (Thumb, 18 bytes, Stack size 0 bytes, glcd.o(.text))
<BR><BR>[Stack]<UL><LI>Max Depth = 60<LI>Call Chain = GLCD_displayChar &rArr; GLCD_drawChar &rArr; ili9341_set_window &rArr; wr_cmd
</UL>
<BR>[Calls]<UL><LI><a href="#[86]">&gt;&gt;</a>&nbsp;&nbsp;&nbsp;GLCD_drawChar
</UL>
<BR>[Called By]<UL><LI><a href="#[53]">&gt;&gt;</a>&nbsp;&nbsp;&nbsp;GLCD_displayStringLn
</UL>

<P><STRONG><a name="[53]"></a>GLCD_displayStringLn</STRONG> (Thumb, 40 bytes, Stack size 24 bytes, glcd.o(.text))
<BR><BR>[Stack]<UL><LI>Max Depth = 84<LI>Call Chain = GLCD_displayStringLn &rArr; GLCD_displayChar &rArr; GLCD_drawChar &rArr; ili9341_set_window &rArr; wr_cmd
</UL>
<BR>[Calls]<UL><LI><a href="#[87]">&gt;&gt;</a>&nbsp;&nbsp;&nbsp;GLCD_displayChar
</UL>
<BR>[Called By]<UL><LI><a href="#[75]">&gt;&gt;</a>&nbsp;&nbsp;&nbsp;init_ethernet
<LI><a href="#[52]">&gt;&gt;</a>&nbsp;&nbsp;&nbsp;GLCD_clearLn
<LI><a href="#[50]">&gt;&gt;</a>&nbsp;&nbsp;&nbsp;send_data
<LI><a href="#[59]">&gt;&gt;</a>&nbsp;&nbsp;&nbsp;init
</UL>

<P><STRONG><a name="[52]"></a>GLCD_clearLn</STRONG> (Thumb, 4 bytes, Stack size 0 bytes, glcd.o(.text))
<BR><BR>[Stack]<UL><LI>Max Depth = 84<LI>Call Chain = GLCD_clearLn &rArr; GLCD_displayStringLn &rArr; GLCD_displayChar &rArr; GLCD_drawChar &rArr; ili9341_set_window &rArr; wr_cmd
</UL>
<BR>[Calls]<UL><LI><a href="#[53]">&gt;&gt;</a>&nbsp;&nbsp;&nbsp;GLCD_displayStringLn
</UL>
<BR>[Called By]<UL><LI><a href="#[50]">&gt;&gt;</a>&nbsp;&nbsp;&nbsp;send_data
</UL>

<P><STRONG><a name="[65]"></a>GLCD_bitmap</STRONG> (Thumb, 50 bytes, Stack size 16 bytes, glcd.o(.text))
<BR><BR>[Stack]<UL><LI>Max Depth = 52<LI>Call Chain = GLCD_bitmap &rArr; ili9341_set_window &rArr; wr_cmd
</UL>
<BR>[Calls]<UL><LI><a href="#[7e]">&gt;&gt;</a>&nbsp;&nbsp;&nbsp;ili9341_set_window
<LI><a href="#[80]">&gt;&gt;</a>&nbsp;&nbsp;&nbsp;wr_dat
</UL>
<BR>[Called By]<UL><LI><a href="#[59]">&gt;&gt;</a>&nbsp;&nbsp;&nbsp;init
</UL>

<P><STRONG><a name="[56]"></a>__aeabi_memcpy</STRONG> (Thumb, 36 bytes, Stack size 0 bytes, memcpya.o(.text))
<BR><BR>[Called By]<UL><LI><a href="#[5f]">&gt;&gt;</a>&nbsp;&nbsp;&nbsp;send_datalog
<LI><a href="#[50]">&gt;&gt;</a>&nbsp;&nbsp;&nbsp;send_data
</UL>

<P><STRONG><a name="[d1]"></a>__aeabi_memcpy4</STRONG> (Thumb, 0 bytes, Stack size 0 bytes, memcpya.o(.text), UNUSED)

<P><STRONG><a name="[d2]"></a>__aeabi_memcpy8</STRONG> (Thumb, 0 bytes, Stack size 0 bytes, memcpya.o(.text), UNUSED)

<P><STRONG><a name="[7c]"></a>__aeabi_dmul</STRONG> (Thumb, 224 bytes, Stack size 48 bytes, dmul.o(.text))
<BR><BR>[Stack]<UL><LI>Max Depth = 88<LI>Call Chain = __aeabi_dmul &rArr; _double_epilogue &rArr; _double_round
</UL>
<BR>[Calls]<UL><LI><a href="#[88]">&gt;&gt;</a>&nbsp;&nbsp;&nbsp;_double_epilogue
</UL>
<BR>[Called By]<UL><LI><a href="#[4f]">&gt;&gt;</a>&nbsp;&nbsp;&nbsp;SystemInit
</UL>

<P><STRONG><a name="[7b]"></a>__aeabi_i2d</STRONG> (Thumb, 34 bytes, Stack size 16 bytes, dflti.o(.text))
<BR><BR>[Stack]<UL><LI>Max Depth = 56<LI>Call Chain = __aeabi_i2d &rArr; _double_epilogue &rArr; _double_round
</UL>
<BR>[Calls]<UL><LI><a href="#[88]">&gt;&gt;</a>&nbsp;&nbsp;&nbsp;_double_epilogue
</UL>
<BR>[Called By]<UL><LI><a href="#[4f]">&gt;&gt;</a>&nbsp;&nbsp;&nbsp;SystemInit
</UL>

<P><STRONG><a name="[7d]"></a>__aeabi_d2uiz</STRONG> (Thumb, 46 bytes, Stack size 0 bytes, dfixui.o(.text))
<BR><BR>[Calls]<UL><LI><a href="#[89]">&gt;&gt;</a>&nbsp;&nbsp;&nbsp;__aeabi_llsr
</UL>
<BR>[Called By]<UL><LI><a href="#[4f]">&gt;&gt;</a>&nbsp;&nbsp;&nbsp;SystemInit
</UL>

<P><STRONG><a name="[8a]"></a>__aeabi_uldivmod</STRONG> (Thumb, 98 bytes, Stack size 40 bytes, uldiv.o(.text), UNUSED)
<BR><BR>[Calls]<UL><LI><a href="#[8b]">&gt;&gt;</a>&nbsp;&nbsp;&nbsp;__aeabi_llsl
<LI><a href="#[89]">&gt;&gt;</a>&nbsp;&nbsp;&nbsp;__aeabi_llsr
</UL>
<BR>[Called By]<UL><LI><a href="#[8f]">&gt;&gt;</a>&nbsp;&nbsp;&nbsp;_printf_core
</UL>

<P><STRONG><a name="[89]"></a>__aeabi_llsr</STRONG> (Thumb, 32 bytes, Stack size 0 bytes, llushr.o(.text))
<BR><BR>[Called By]<UL><LI><a href="#[7d]">&gt;&gt;</a>&nbsp;&nbsp;&nbsp;__aeabi_d2uiz
<LI><a href="#[8a]">&gt;&gt;</a>&nbsp;&nbsp;&nbsp;__aeabi_uldivmod
<LI><a href="#[88]">&gt;&gt;</a>&nbsp;&nbsp;&nbsp;_double_epilogue
</UL>

<P><STRONG><a name="[d3]"></a>_ll_ushift_r</STRONG> (Thumb, 0 bytes, Stack size 0 bytes, llushr.o(.text), UNUSED)

<P><STRONG><a name="[d4]"></a>__I$use$fp</STRONG> (Thumb, 0 bytes, Stack size 8 bytes, iusefp.o(.text), UNUSED)

<P><STRONG><a name="[8c]"></a>_double_round</STRONG> (Thumb, 26 bytes, Stack size 8 bytes, depilogue.o(.text))
<BR><BR>[Stack]<UL><LI>Max Depth = 8<LI>Call Chain = _double_round
</UL>
<BR>[Called By]<UL><LI><a href="#[88]">&gt;&gt;</a>&nbsp;&nbsp;&nbsp;_double_epilogue
</UL>

<P><STRONG><a name="[88]"></a>_double_epilogue</STRONG> (Thumb, 164 bytes, Stack size 32 bytes, depilogue.o(.text))
<BR><BR>[Stack]<UL><LI>Max Depth = 40<LI>Call Chain = _double_epilogue &rArr; _double_round
</UL>
<BR>[Calls]<UL><LI><a href="#[8b]">&gt;&gt;</a>&nbsp;&nbsp;&nbsp;__aeabi_llsl
<LI><a href="#[8c]">&gt;&gt;</a>&nbsp;&nbsp;&nbsp;_double_round
<LI><a href="#[89]">&gt;&gt;</a>&nbsp;&nbsp;&nbsp;__aeabi_llsr
</UL>
<BR>[Called By]<UL><LI><a href="#[7b]">&gt;&gt;</a>&nbsp;&nbsp;&nbsp;__aeabi_i2d
<LI><a href="#[7c]">&gt;&gt;</a>&nbsp;&nbsp;&nbsp;__aeabi_dmul
</UL>

<P><STRONG><a name="[4d]"></a>__scatterload</STRONG> (Thumb, 28 bytes, Stack size 0 bytes, init.o(.text))
<BR><BR>[Calls]<UL><LI><a href="#[8d]">&gt;&gt;</a>&nbsp;&nbsp;&nbsp;__main_after_scatterload
</UL>
<BR>[Called By]<UL><LI><a href="#[4c]">&gt;&gt;</a>&nbsp;&nbsp;&nbsp;_main_scatterload
</UL>

<P><STRONG><a name="[d5]"></a>__scatterload_rt2</STRONG> (Thumb, 0 bytes, Stack size 0 bytes, init.o(.text), UNUSED)

<P><STRONG><a name="[8b]"></a>__aeabi_llsl</STRONG> (Thumb, 30 bytes, Stack size 0 bytes, llshl.o(.text))
<BR><BR>[Called By]<UL><LI><a href="#[8a]">&gt;&gt;</a>&nbsp;&nbsp;&nbsp;__aeabi_uldivmod
<LI><a href="#[88]">&gt;&gt;</a>&nbsp;&nbsp;&nbsp;_double_epilogue
</UL>

<P><STRONG><a name="[d6]"></a>_ll_shift_l</STRONG> (Thumb, 0 bytes, Stack size 0 bytes, llshl.o(.text), UNUSED)

<P><STRONG><a name="[d7]"></a>__decompress</STRONG> (Thumb, 0 bytes, Stack size unknown bytes, __dclz77c.o(.text), UNUSED)

<P><STRONG><a name="[d8]"></a>__decompress2</STRONG> (Thumb, 96 bytes, Stack size unknown bytes, __dclz77c.o(.text), UNUSED)

<P><STRONG><a name="[8e]"></a>__0printf$5</STRONG> (Thumb, 22 bytes, Stack size 24 bytes, printf5.o(i.__0printf$5), UNUSED)
<BR><BR>[Calls]<UL><LI><a href="#[8f]">&gt;&gt;</a>&nbsp;&nbsp;&nbsp;_printf_core
</UL>

<P><STRONG><a name="[d9]"></a>__1printf$5</STRONG> (Thumb, 0 bytes, Stack size 24 bytes, printf5.o(i.__0printf$5), UNUSED)

<P><STRONG><a name="[83]"></a>__2printf</STRONG> (Thumb, 0 bytes, Stack size 24 bytes, printf5.o(i.__0printf$5))
<BR><BR>[Stack]<UL><LI>Max Depth = 24<LI>Call Chain = __2printf
</UL>
<BR>[Called By]<UL><LI><a href="#[61]">&gt;&gt;</a>&nbsp;&nbsp;&nbsp;GLCD_init
</UL>

<P><STRONG><a name="[da]"></a>__scatterload_copy</STRONG> (Thumb, 14 bytes, Stack size unknown bytes, handlers.o(i.__scatterload_copy), UNUSED)

<P><STRONG><a name="[db]"></a>__scatterload_null</STRONG> (Thumb, 2 bytes, Stack size unknown bytes, handlers.o(i.__scatterload_null), UNUSED)

<P><STRONG><a name="[dc]"></a>__scatterload_zeroinit</STRONG> (Thumb, 14 bytes, Stack size unknown bytes, handlers.o(i.__scatterload_zeroinit), UNUSED)

<P><STRONG><a name="[79]"></a>alloc_mem</STRONG> (Thumb, 180 bytes, Stack size 24 bytes, at_mem.o(i.alloc_mem))
<BR><BR>[Stack]<UL><LI>Max Depth = 24<LI>Call Chain = alloc_mem
</UL>
<BR>[Calls]<UL><LI><a href="#[90]">&gt;&gt;</a>&nbsp;&nbsp;&nbsp;int_disable_eth
<LI><a href="#[91]">&gt;&gt;</a>&nbsp;&nbsp;&nbsp;int_enable_eth
<LI><a href="#[67]">&gt;&gt;</a>&nbsp;&nbsp;&nbsp;sys_error
</UL>
<BR>[Called By]<UL><LI><a href="#[4b]">&gt;&gt;</a>&nbsp;&nbsp;&nbsp;nbns_listener
<LI><a href="#[bb]">&gt;&gt;</a>&nbsp;&nbsp;&nbsp;udp_get_buf
<LI><a href="#[c0]">&gt;&gt;</a>&nbsp;&nbsp;&nbsp;tcp_send_ctrl
<LI><a href="#[ae]">&gt;&gt;</a>&nbsp;&nbsp;&nbsp;icmp_send_message
<LI><a href="#[a8]">&gt;&gt;</a>&nbsp;&nbsp;&nbsp;icmp_process
<LI><a href="#[ad]">&gt;&gt;</a>&nbsp;&nbsp;&nbsp;ip_send_frame
<LI><a href="#[9a]">&gt;&gt;</a>&nbsp;&nbsp;&nbsp;arp_send_request
<LI><a href="#[9f]">&gt;&gt;</a>&nbsp;&nbsp;&nbsp;arp_send_reply
<LI><a href="#[41]">&gt;&gt;</a>&nbsp;&nbsp;&nbsp;ETH_IRQHandler
<LI><a href="#[57]">&gt;&gt;</a>&nbsp;&nbsp;&nbsp;tcp_send
<LI><a href="#[55]">&gt;&gt;</a>&nbsp;&nbsp;&nbsp;tcp_get_buf
</UL>

<P><STRONG><a name="[92]"></a>arp_cache_add</STRONG> (Thumb, 174 bytes, Stack size 24 bytes, at_arp.o(i.arp_cache_add))
<BR><BR>[Stack]<UL><LI>Max Depth = 44<LI>Call Chain = arp_cache_add &rArr; arp_cache_alloc
</UL>
<BR>[Calls]<UL><LI><a href="#[96]">&gt;&gt;</a>&nbsp;&nbsp;&nbsp;nrd_u32be
<LI><a href="#[98]">&gt;&gt;</a>&nbsp;&nbsp;&nbsp;mem_copy
<LI><a href="#[94]">&gt;&gt;</a>&nbsp;&nbsp;&nbsp;mem_comp
<LI><a href="#[95]">&gt;&gt;</a>&nbsp;&nbsp;&nbsp;is_subnet
<LI><a href="#[93]">&gt;&gt;</a>&nbsp;&nbsp;&nbsp;arp_is_cacheable
<LI><a href="#[97]">&gt;&gt;</a>&nbsp;&nbsp;&nbsp;arp_cache_alloc
</UL>
<BR>[Called By]<UL><LI><a href="#[9e]">&gt;&gt;</a>&nbsp;&nbsp;&nbsp;arp_process
<LI><a href="#[71]">&gt;&gt;</a>&nbsp;&nbsp;&nbsp;eth_run_link
</UL>

<P><STRONG><a name="[99]"></a>arp_cache_early</STRONG> (Thumb, 142 bytes, Stack size 24 bytes, at_arp.o(i.arp_cache_early))
<BR><BR>[Stack]<UL><LI>Max Depth = 72<LI>Call Chain = arp_cache_early &rArr; arp_send_request &rArr; free_mem
</UL>
<BR>[Calls]<UL><LI><a href="#[98]">&gt;&gt;</a>&nbsp;&nbsp;&nbsp;mem_copy
<LI><a href="#[94]">&gt;&gt;</a>&nbsp;&nbsp;&nbsp;mem_comp
<LI><a href="#[95]">&gt;&gt;</a>&nbsp;&nbsp;&nbsp;is_subnet
<LI><a href="#[9a]">&gt;&gt;</a>&nbsp;&nbsp;&nbsp;arp_send_request
<LI><a href="#[93]">&gt;&gt;</a>&nbsp;&nbsp;&nbsp;arp_is_cacheable
<LI><a href="#[97]">&gt;&gt;</a>&nbsp;&nbsp;&nbsp;arp_cache_alloc
</UL>
<BR>[Called By]<UL><LI><a href="#[71]">&gt;&gt;</a>&nbsp;&nbsp;&nbsp;eth_run_link
</UL>

<P><STRONG><a name="[9b]"></a>arp_cache_find</STRONG> (Thumb, 168 bytes, Stack size 32 bytes, at_arp.o(i.arp_cache_find))
<BR><BR>[Stack]<UL><LI>Max Depth = 80<LI>Call Chain = arp_cache_find &rArr; arp_send_request &rArr; free_mem
</UL>
<BR>[Calls]<UL><LI><a href="#[96]">&gt;&gt;</a>&nbsp;&nbsp;&nbsp;nrd_u32be
<LI><a href="#[98]">&gt;&gt;</a>&nbsp;&nbsp;&nbsp;mem_copy
<LI><a href="#[94]">&gt;&gt;</a>&nbsp;&nbsp;&nbsp;mem_comp
<LI><a href="#[95]">&gt;&gt;</a>&nbsp;&nbsp;&nbsp;is_subnet
<LI><a href="#[9a]">&gt;&gt;</a>&nbsp;&nbsp;&nbsp;arp_send_request
<LI><a href="#[97]">&gt;&gt;</a>&nbsp;&nbsp;&nbsp;arp_cache_alloc
</UL>
<BR>[Called By]<UL><LI><a href="#[ac]">&gt;&gt;</a>&nbsp;&nbsp;&nbsp;eth_send_frame
</UL>

<P><STRONG><a name="[9c]"></a>arp_cache_update</STRONG> (Thumb, 228 bytes, Stack size 24 bytes, at_arp.o(i.arp_cache_update))
<BR><BR>[Stack]<UL><LI>Max Depth = 72<LI>Call Chain = arp_cache_update &rArr; arp_send_request &rArr; free_mem
</UL>
<BR>[Calls]<UL><LI><a href="#[96]">&gt;&gt;</a>&nbsp;&nbsp;&nbsp;nrd_u32be
<LI><a href="#[94]">&gt;&gt;</a>&nbsp;&nbsp;&nbsp;mem_comp
<LI><a href="#[9a]">&gt;&gt;</a>&nbsp;&nbsp;&nbsp;arp_send_request
</UL>
<BR>[Called By]<UL><LI><a href="#[71]">&gt;&gt;</a>&nbsp;&nbsp;&nbsp;eth_run_link
</UL>

<P><STRONG><a name="[a5]"></a>arp_init</STRONG> (Thumb, 30 bytes, Stack size 12 bytes, at_arp.o(i.arp_init))
<BR><BR>[Stack]<UL><LI>Max Depth = 12<LI>Call Chain = arp_init
</UL>
<BR>[Called By]<UL><LI><a href="#[69]">&gt;&gt;</a>&nbsp;&nbsp;&nbsp;eth_init_link
</UL>

<P><STRONG><a name="[6f]"></a>arp_notify</STRONG> (Thumb, 20 bytes, Stack size 0 bytes, at_arp.o(i.arp_notify))
<BR><BR>[Stack]<UL><LI>Max Depth = 48<LI>Call Chain = arp_notify &rArr; arp_send_request &rArr; free_mem
</UL>
<BR>[Calls]<UL><LI><a href="#[9a]">&gt;&gt;</a>&nbsp;&nbsp;&nbsp;arp_send_request
</UL>
<BR>[Called By]<UL><LI><a href="#[68]">&gt;&gt;</a>&nbsp;&nbsp;&nbsp;init_system
</UL>

<P><STRONG><a name="[9e]"></a>arp_process</STRONG> (Thumb, 272 bytes, Stack size 24 bytes, at_arp.o(i.arp_process))
<BR><BR>[Stack]<UL><LI>Max Depth = 72<LI>Call Chain = arp_process &rArr; arp_send_reply &rArr; free_mem
</UL>
<BR>[Calls]<UL><LI><a href="#[96]">&gt;&gt;</a>&nbsp;&nbsp;&nbsp;nrd_u32be
<LI><a href="#[98]">&gt;&gt;</a>&nbsp;&nbsp;&nbsp;mem_copy
<LI><a href="#[94]">&gt;&gt;</a>&nbsp;&nbsp;&nbsp;mem_comp
<LI><a href="#[92]">&gt;&gt;</a>&nbsp;&nbsp;&nbsp;arp_cache_add
<LI><a href="#[9f]">&gt;&gt;</a>&nbsp;&nbsp;&nbsp;arp_send_reply
<LI><a href="#[9d]">&gt;&gt;</a>&nbsp;&nbsp;&nbsp;arp_proc_response
</UL>
<BR>[Called By]<UL><LI><a href="#[71]">&gt;&gt;</a>&nbsp;&nbsp;&nbsp;eth_run_link
</UL>

<P><STRONG><a name="[a2]"></a>calc_chksum16be</STRONG> (Thumb, 18 bytes, Stack size 4 bytes, at_lib.o(i.calc_chksum16be))
<BR><BR>[Stack]<UL><LI>Max Depth = 4<LI>Call Chain = calc_chksum16be
</UL>
<BR>[Calls]<UL><LI><a href="#[a3]">&gt;&gt;</a>&nbsp;&nbsp;&nbsp;chksum16_buf
</UL>
<BR>[Called By]<UL><LI><a href="#[ae]">&gt;&gt;</a>&nbsp;&nbsp;&nbsp;icmp_send_message
<LI><a href="#[a8]">&gt;&gt;</a>&nbsp;&nbsp;&nbsp;icmp_process
<LI><a href="#[b1]">&gt;&gt;</a>&nbsp;&nbsp;&nbsp;ip_get_chksum
</UL>

<P><STRONG><a name="[a3]"></a>chksum16_buf</STRONG> (Thumb, 40 bytes, Stack size 0 bytes, at_lib.o(i.chksum16_buf))
<BR><BR>[Called By]<UL><LI><a href="#[bc]">&gt;&gt;</a>&nbsp;&nbsp;&nbsp;udp_send
<LI><a href="#[c4]">&gt;&gt;</a>&nbsp;&nbsp;&nbsp;tcp_send_frame
<LI><a href="#[aa]">&gt;&gt;</a>&nbsp;&nbsp;&nbsp;udp_process
<LI><a href="#[ab]">&gt;&gt;</a>&nbsp;&nbsp;&nbsp;tcp_process
<LI><a href="#[a2]">&gt;&gt;</a>&nbsp;&nbsp;&nbsp;calc_chksum16be
</UL>

<P><STRONG><a name="[c6]"></a>chksum16_val</STRONG> (Thumb, 10 bytes, Stack size 0 bytes, at_lib.o(i.chksum16_val))
<BR><BR>[Called By]<UL><LI><a href="#[bc]">&gt;&gt;</a>&nbsp;&nbsp;&nbsp;udp_send
<LI><a href="#[c4]">&gt;&gt;</a>&nbsp;&nbsp;&nbsp;tcp_send_frame
<LI><a href="#[aa]">&gt;&gt;</a>&nbsp;&nbsp;&nbsp;udp_process
<LI><a href="#[ab]">&gt;&gt;</a>&nbsp;&nbsp;&nbsp;tcp_process
</UL>

<P><STRONG><a name="[a4]"></a>eth_chk_adr</STRONG> (Thumb, 10 bytes, Stack size 0 bytes, at_ethernet.o(i.eth_chk_adr))
<BR><BR>[Stack]<UL><LI>Max Depth = 8<LI>Call Chain = eth_chk_adr &rArr; mem_comp
</UL>
<BR>[Calls]<UL><LI><a href="#[94]">&gt;&gt;</a>&nbsp;&nbsp;&nbsp;mem_comp
</UL>
<BR>[Called By]<UL><LI><a href="#[a7]">&gt;&gt;</a>&nbsp;&nbsp;&nbsp;ip_chk_frame
</UL>

<P><STRONG><a name="[69]"></a>eth_init_link</STRONG> (Thumb, 40 bytes, Stack size 8 bytes, at_ethernet.o(i.eth_init_link))
<BR><BR>[Stack]<UL><LI>Max Depth = 124<LI>Call Chain = eth_init_link &rArr; init_ethernet &rArr; GLCD_displayStringLn &rArr; GLCD_displayChar &rArr; GLCD_drawChar &rArr; ili9341_set_window &rArr; wr_cmd
</UL>
<BR>[Calls]<UL><LI><a href="#[a6]">&gt;&gt;</a>&nbsp;&nbsp;&nbsp;mem_crc32
<LI><a href="#[a5]">&gt;&gt;</a>&nbsp;&nbsp;&nbsp;arp_init
<LI><a href="#[90]">&gt;&gt;</a>&nbsp;&nbsp;&nbsp;int_disable_eth
<LI><a href="#[91]">&gt;&gt;</a>&nbsp;&nbsp;&nbsp;int_enable_eth
<LI><a href="#[75]">&gt;&gt;</a>&nbsp;&nbsp;&nbsp;init_ethernet
</UL>
<BR>[Called By]<UL><LI><a href="#[68]">&gt;&gt;</a>&nbsp;&nbsp;&nbsp;init_system
</UL>

<P><STRONG><a name="[71]"></a>eth_run_link</STRONG> (Thumb, 194 bytes, Stack size 16 bytes, at_ethernet.o(i.eth_run_link))
<BR><BR>[Stack]<UL><LI>Max Depth = 248<LI>Call Chain = eth_run_link &rArr; tcp_process &rArr; tcp_send_reset &rArr; tcp_send_ctrl &rArr; tcp_send_frame &rArr; ip_send_frame &rArr; eth_send_frame &rArr; arp_cache_find &rArr; arp_send_request &rArr; free_mem
</UL>
<BR>[Calls]<UL><LI><a href="#[aa]">&gt;&gt;</a>&nbsp;&nbsp;&nbsp;udp_process
<LI><a href="#[ab]">&gt;&gt;</a>&nbsp;&nbsp;&nbsp;tcp_process
<LI><a href="#[a8]">&gt;&gt;</a>&nbsp;&nbsp;&nbsp;icmp_process
<LI><a href="#[a7]">&gt;&gt;</a>&nbsp;&nbsp;&nbsp;ip_chk_frame
<LI><a href="#[96]">&gt;&gt;</a>&nbsp;&nbsp;&nbsp;nrd_u32be
<LI><a href="#[94]">&gt;&gt;</a>&nbsp;&nbsp;&nbsp;mem_comp
<LI><a href="#[a1]">&gt;&gt;</a>&nbsp;&nbsp;&nbsp;free_mem
<LI><a href="#[9e]">&gt;&gt;</a>&nbsp;&nbsp;&nbsp;arp_process
<LI><a href="#[9c]">&gt;&gt;</a>&nbsp;&nbsp;&nbsp;arp_cache_update
<LI><a href="#[99]">&gt;&gt;</a>&nbsp;&nbsp;&nbsp;arp_cache_early
<LI><a href="#[92]">&gt;&gt;</a>&nbsp;&nbsp;&nbsp;arp_cache_add
<LI><a href="#[a9]">&gt;&gt;</a>&nbsp;&nbsp;&nbsp;igmp_process
</UL>
<BR>[Called By]<UL><LI><a href="#[70]">&gt;&gt;</a>&nbsp;&nbsp;&nbsp;run_system
</UL>

<P><STRONG><a name="[ac]"></a>eth_send_frame</STRONG> (Thumb, 150 bytes, Stack size 16 bytes, at_ethernet.o(i.eth_send_frame))
<BR><BR>[Stack]<UL><LI>Max Depth = 96<LI>Call Chain = eth_send_frame &rArr; arp_cache_find &rArr; arp_send_request &rArr; free_mem
</UL>
<BR>[Calls]<UL><LI><a href="#[96]">&gt;&gt;</a>&nbsp;&nbsp;&nbsp;nrd_u32be
<LI><a href="#[98]">&gt;&gt;</a>&nbsp;&nbsp;&nbsp;mem_copy
<LI><a href="#[94]">&gt;&gt;</a>&nbsp;&nbsp;&nbsp;mem_comp
<LI><a href="#[9b]">&gt;&gt;</a>&nbsp;&nbsp;&nbsp;arp_cache_find
<LI><a href="#[a0]">&gt;&gt;</a>&nbsp;&nbsp;&nbsp;send_frame
</UL>
<BR>[Called By]<UL><LI><a href="#[ad]">&gt;&gt;</a>&nbsp;&nbsp;&nbsp;ip_send_frame
</UL>

<P><STRONG><a name="[a1]"></a>free_mem</STRONG> (Thumb, 124 bytes, Stack size 24 bytes, at_mem.o(i.free_mem))
<BR><BR>[Stack]<UL><LI>Max Depth = 24<LI>Call Chain = free_mem
</UL>
<BR>[Calls]<UL><LI><a href="#[90]">&gt;&gt;</a>&nbsp;&nbsp;&nbsp;int_disable_eth
<LI><a href="#[91]">&gt;&gt;</a>&nbsp;&nbsp;&nbsp;int_enable_eth
<LI><a href="#[67]">&gt;&gt;</a>&nbsp;&nbsp;&nbsp;sys_error
</UL>
<BR>[Called By]<UL><LI><a href="#[4b]">&gt;&gt;</a>&nbsp;&nbsp;&nbsp;nbns_listener
<LI><a href="#[bc]">&gt;&gt;</a>&nbsp;&nbsp;&nbsp;udp_send
<LI><a href="#[c5]">&gt;&gt;</a>&nbsp;&nbsp;&nbsp;tcp_set_retransmit
<LI><a href="#[c0]">&gt;&gt;</a>&nbsp;&nbsp;&nbsp;tcp_send_ctrl
<LI><a href="#[ae]">&gt;&gt;</a>&nbsp;&nbsp;&nbsp;icmp_send_message
<LI><a href="#[a8]">&gt;&gt;</a>&nbsp;&nbsp;&nbsp;icmp_process
<LI><a href="#[9a]">&gt;&gt;</a>&nbsp;&nbsp;&nbsp;arp_send_request
<LI><a href="#[9f]">&gt;&gt;</a>&nbsp;&nbsp;&nbsp;arp_send_reply
<LI><a href="#[72]">&gt;&gt;</a>&nbsp;&nbsp;&nbsp;ip_run_local
<LI><a href="#[71]">&gt;&gt;</a>&nbsp;&nbsp;&nbsp;eth_run_link
<LI><a href="#[57]">&gt;&gt;</a>&nbsp;&nbsp;&nbsp;tcp_send
</UL>

<P><STRONG><a name="[c2]"></a>get_rnd32</STRONG> (Thumb, 18 bytes, Stack size 0 bytes, at_system.o(i.get_rnd32))
<BR><BR>[Called By]<UL><LI><a href="#[ab]">&gt;&gt;</a>&nbsp;&nbsp;&nbsp;tcp_process
<LI><a href="#[51]">&gt;&gt;</a>&nbsp;&nbsp;&nbsp;tcp_connect
</UL>

<P><STRONG><a name="[6b]"></a>icmp_init</STRONG> (Thumb, 10 bytes, Stack size 0 bytes, at_icmp.o(i.icmp_init))
<BR><BR>[Called By]<UL><LI><a href="#[68]">&gt;&gt;</a>&nbsp;&nbsp;&nbsp;init_system
</UL>

<P><STRONG><a name="[a8]"></a>icmp_process</STRONG> (Thumb, 198 bytes, Stack size 24 bytes, at_icmp.o(i.icmp_process))
<BR><BR>[Stack]<UL><LI>Max Depth = 152<LI>Call Chain = icmp_process &rArr; ip_send_frame &rArr; eth_send_frame &rArr; arp_cache_find &rArr; arp_send_request &rArr; free_mem
</UL>
<BR>[Calls]<UL><LI><a href="#[a2]">&gt;&gt;</a>&nbsp;&nbsp;&nbsp;calc_chksum16be
<LI><a href="#[ad]">&gt;&gt;</a>&nbsp;&nbsp;&nbsp;ip_send_frame
<LI><a href="#[98]">&gt;&gt;</a>&nbsp;&nbsp;&nbsp;mem_copy
<LI><a href="#[94]">&gt;&gt;</a>&nbsp;&nbsp;&nbsp;mem_comp
<LI><a href="#[a1]">&gt;&gt;</a>&nbsp;&nbsp;&nbsp;free_mem
<LI><a href="#[79]">&gt;&gt;</a>&nbsp;&nbsp;&nbsp;alloc_mem
</UL>
<BR>[Called By]<UL><LI><a href="#[72]">&gt;&gt;</a>&nbsp;&nbsp;&nbsp;ip_run_local
<LI><a href="#[71]">&gt;&gt;</a>&nbsp;&nbsp;&nbsp;eth_run_link
</UL>

<P><STRONG><a name="[73]"></a>icmp_run_engine</STRONG> (Thumb, 58 bytes, Stack size 8 bytes, at_icmp.o(i.icmp_run_engine))
<BR><BR>[Stack]<UL><LI>Max Depth = 152<LI>Call Chain = icmp_run_engine &rArr; icmp_send_message &rArr; ip_send_frame &rArr; eth_send_frame &rArr; arp_cache_find &rArr; arp_send_request &rArr; free_mem
</UL>
<BR>[Calls]<UL><LI><a href="#[ae]">&gt;&gt;</a>&nbsp;&nbsp;&nbsp;icmp_send_message
</UL>
<BR>[Called By]<UL><LI><a href="#[70]">&gt;&gt;</a>&nbsp;&nbsp;&nbsp;run_system
</UL>

<P><STRONG><a name="[bd]"></a>ifree_mem</STRONG> (Thumb, 48 bytes, Stack size 8 bytes, at_mem.o(i.ifree_mem))
<BR><BR>[Stack]<UL><LI>Max Depth = 8<LI>Call Chain = ifree_mem
</UL>
<BR>[Called By]<UL><LI><a href="#[7a]">&gt;&gt;</a>&nbsp;&nbsp;&nbsp;put_in_queue
</UL>

<P><STRONG><a name="[66]"></a>init_TcpNet</STRONG> (Thumb, 34 bytes, Stack size 8 bytes, at_system.o(i.init_TcpNet))
<BR><BR>[Stack]<UL><LI>Max Depth = 140<LI>Call Chain = init_TcpNet &rArr; init_system &rArr; eth_init_link &rArr; init_ethernet &rArr; GLCD_displayStringLn &rArr; GLCD_displayChar &rArr; GLCD_drawChar &rArr; ili9341_set_window &rArr; wr_cmd
</UL>
<BR>[Calls]<UL><LI><a href="#[af]">&gt;&gt;</a>&nbsp;&nbsp;&nbsp;init_mem
<LI><a href="#[98]">&gt;&gt;</a>&nbsp;&nbsp;&nbsp;mem_copy
<LI><a href="#[68]">&gt;&gt;</a>&nbsp;&nbsp;&nbsp;init_system
</UL>
<BR>[Called By]<UL><LI><a href="#[59]">&gt;&gt;</a>&nbsp;&nbsp;&nbsp;init
</UL>

<P><STRONG><a name="[af]"></a>init_mem</STRONG> (Thumb, 36 bytes, Stack size 8 bytes, at_mem.o(i.init_mem))
<BR><BR>[Stack]<UL><LI>Max Depth = 8<LI>Call Chain = init_mem
</UL>
<BR>[Calls]<UL><LI><a href="#[90]">&gt;&gt;</a>&nbsp;&nbsp;&nbsp;int_disable_eth
</UL>
<BR>[Called By]<UL><LI><a href="#[66]">&gt;&gt;</a>&nbsp;&nbsp;&nbsp;init_TcpNet
</UL>

<P><STRONG><a name="[a7]"></a>ip_chk_frame</STRONG> (Thumb, 190 bytes, Stack size 24 bytes, at_ip.o(i.ip_chk_frame))
<BR><BR>[Stack]<UL><LI>Max Depth = 32<LI>Call Chain = ip_chk_frame &rArr; eth_chk_adr &rArr; mem_comp
</UL>
<BR>[Calls]<UL><LI><a href="#[a4]">&gt;&gt;</a>&nbsp;&nbsp;&nbsp;eth_chk_adr
<LI><a href="#[b1]">&gt;&gt;</a>&nbsp;&nbsp;&nbsp;ip_get_chksum
<LI><a href="#[94]">&gt;&gt;</a>&nbsp;&nbsp;&nbsp;mem_comp
<LI><a href="#[b0]">&gt;&gt;</a>&nbsp;&nbsp;&nbsp;igmp_is_member
</UL>
<BR>[Called By]<UL><LI><a href="#[72]">&gt;&gt;</a>&nbsp;&nbsp;&nbsp;ip_run_local
<LI><a href="#[71]">&gt;&gt;</a>&nbsp;&nbsp;&nbsp;eth_run_link
</UL>

<P><STRONG><a name="[b2]"></a>ip_get_locadr</STRONG> (Thumb, 166 bytes, Stack size 24 bytes, at_ip.o(i.ip_get_locadr))
<BR><BR>[Stack]<UL><LI>Max Depth = 32<LI>Call Chain = ip_get_locadr &rArr; mem_comp
</UL>
<BR>[Calls]<UL><LI><a href="#[b3]">&gt;&gt;</a>&nbsp;&nbsp;&nbsp;mem_test
<LI><a href="#[94]">&gt;&gt;</a>&nbsp;&nbsp;&nbsp;mem_comp
<LI><a href="#[95]">&gt;&gt;</a>&nbsp;&nbsp;&nbsp;is_subnet
</UL>
<BR>[Called By]<UL><LI><a href="#[bc]">&gt;&gt;</a>&nbsp;&nbsp;&nbsp;udp_send
<LI><a href="#[c4]">&gt;&gt;</a>&nbsp;&nbsp;&nbsp;tcp_send_frame
<LI><a href="#[ad]">&gt;&gt;</a>&nbsp;&nbsp;&nbsp;ip_send_frame
</UL>

<P><STRONG><a name="[6a]"></a>ip_init</STRONG> (Thumb, 8 bytes, Stack size 0 bytes, at_ip.o(i.ip_init))
<BR><BR>[Called By]<UL><LI><a href="#[68]">&gt;&gt;</a>&nbsp;&nbsp;&nbsp;init_system
</UL>

<P><STRONG><a name="[72]"></a>ip_run_local</STRONG> (Thumb, 82 bytes, Stack size 8 bytes, at_ip.o(i.ip_run_local))
<BR><BR>[Stack]<UL><LI>Max Depth = 240<LI>Call Chain = ip_run_local &rArr; tcp_process &rArr; tcp_send_reset &rArr; tcp_send_ctrl &rArr; tcp_send_frame &rArr; ip_send_frame &rArr; eth_send_frame &rArr; arp_cache_find &rArr; arp_send_request &rArr; free_mem
</UL>
<BR>[Calls]<UL><LI><a href="#[aa]">&gt;&gt;</a>&nbsp;&nbsp;&nbsp;udp_process
<LI><a href="#[ab]">&gt;&gt;</a>&nbsp;&nbsp;&nbsp;tcp_process
<LI><a href="#[a8]">&gt;&gt;</a>&nbsp;&nbsp;&nbsp;icmp_process
<LI><a href="#[a7]">&gt;&gt;</a>&nbsp;&nbsp;&nbsp;ip_chk_frame
<LI><a href="#[a1]">&gt;&gt;</a>&nbsp;&nbsp;&nbsp;free_mem
</UL>
<BR>[Called By]<UL><LI><a href="#[70]">&gt;&gt;</a>&nbsp;&nbsp;&nbsp;run_system
</UL>

<P><STRONG><a name="[ad]"></a>ip_send_frame</STRONG> (Thumb, 324 bytes, Stack size 32 bytes, at_ip.o(i.ip_send_frame))
<BR><BR>[Stack]<UL><LI>Max Depth = 128<LI>Call Chain = ip_send_frame &rArr; eth_send_frame &rArr; arp_cache_find &rArr; arp_send_request &rArr; free_mem
</UL>
<BR>[Calls]<UL><LI><a href="#[ac]">&gt;&gt;</a>&nbsp;&nbsp;&nbsp;eth_send_frame
<LI><a href="#[b2]">&gt;&gt;</a>&nbsp;&nbsp;&nbsp;ip_get_locadr
<LI><a href="#[b1]">&gt;&gt;</a>&nbsp;&nbsp;&nbsp;ip_get_chksum
<LI><a href="#[98]">&gt;&gt;</a>&nbsp;&nbsp;&nbsp;mem_copy
<LI><a href="#[79]">&gt;&gt;</a>&nbsp;&nbsp;&nbsp;alloc_mem
<LI><a href="#[b5]">&gt;&gt;</a>&nbsp;&nbsp;&nbsp;slip_send_frame
<LI><a href="#[b4]">&gt;&gt;</a>&nbsp;&nbsp;&nbsp;ppp_send_frame
</UL>
<BR>[Called By]<UL><LI><a href="#[bc]">&gt;&gt;</a>&nbsp;&nbsp;&nbsp;udp_send
<LI><a href="#[c4]">&gt;&gt;</a>&nbsp;&nbsp;&nbsp;tcp_send_frame
<LI><a href="#[ae]">&gt;&gt;</a>&nbsp;&nbsp;&nbsp;icmp_send_message
<LI><a href="#[a8]">&gt;&gt;</a>&nbsp;&nbsp;&nbsp;icmp_process
</UL>

<P><STRONG><a name="[95]"></a>is_subnet</STRONG> (Thumb, 20 bytes, Stack size 0 bytes, at_lib.o(i.is_subnet))
<BR><BR>[Called By]<UL><LI><a href="#[b2]">&gt;&gt;</a>&nbsp;&nbsp;&nbsp;ip_get_locadr
<LI><a href="#[9b]">&gt;&gt;</a>&nbsp;&nbsp;&nbsp;arp_cache_find
<LI><a href="#[99]">&gt;&gt;</a>&nbsp;&nbsp;&nbsp;arp_cache_early
<LI><a href="#[92]">&gt;&gt;</a>&nbsp;&nbsp;&nbsp;arp_cache_add
</UL>

<P><STRONG><a name="[5d]"></a>main_TcpNet</STRONG> (Thumb, 86 bytes, Stack size 8 bytes, at_system.o(i.main_TcpNet))
<BR><BR>[Stack]<UL><LI>Max Depth = 264<LI>Call Chain = main_TcpNet &rArr; run_system &rArr; eth_run_link &rArr; tcp_process &rArr; tcp_send_reset &rArr; tcp_send_ctrl &rArr; tcp_send_frame &rArr; ip_send_frame &rArr; eth_send_frame &rArr; arp_cache_find &rArr; arp_send_request &rArr; free_mem
</UL>
<BR>[Calls]<UL><LI><a href="#[70]">&gt;&gt;</a>&nbsp;&nbsp;&nbsp;run_system
</UL>
<BR>[Called By]<UL><LI><a href="#[48]">&gt;&gt;</a>&nbsp;&nbsp;&nbsp;main
</UL>

<P><STRONG><a name="[94]"></a>mem_comp</STRONG> (Thumb, 22 bytes, Stack size 8 bytes, at_lib.o(i.mem_comp))
<BR><BR>[Stack]<UL><LI>Max Depth = 8<LI>Call Chain = mem_comp
</UL>
<BR>[Called By]<UL><LI><a href="#[4b]">&gt;&gt;</a>&nbsp;&nbsp;&nbsp;nbns_listener
<LI><a href="#[c3]">&gt;&gt;</a>&nbsp;&nbsp;&nbsp;tcp_map_socket
<LI><a href="#[a8]">&gt;&gt;</a>&nbsp;&nbsp;&nbsp;icmp_process
<LI><a href="#[ac]">&gt;&gt;</a>&nbsp;&nbsp;&nbsp;eth_send_frame
<LI><a href="#[a4]">&gt;&gt;</a>&nbsp;&nbsp;&nbsp;eth_chk_adr
<LI><a href="#[b2]">&gt;&gt;</a>&nbsp;&nbsp;&nbsp;ip_get_locadr
<LI><a href="#[a7]">&gt;&gt;</a>&nbsp;&nbsp;&nbsp;ip_chk_frame
<LI><a href="#[9e]">&gt;&gt;</a>&nbsp;&nbsp;&nbsp;arp_process
<LI><a href="#[9c]">&gt;&gt;</a>&nbsp;&nbsp;&nbsp;arp_cache_update
<LI><a href="#[9b]">&gt;&gt;</a>&nbsp;&nbsp;&nbsp;arp_cache_find
<LI><a href="#[99]">&gt;&gt;</a>&nbsp;&nbsp;&nbsp;arp_cache_early
<LI><a href="#[92]">&gt;&gt;</a>&nbsp;&nbsp;&nbsp;arp_cache_add
<LI><a href="#[9d]">&gt;&gt;</a>&nbsp;&nbsp;&nbsp;arp_proc_response
<LI><a href="#[71]">&gt;&gt;</a>&nbsp;&nbsp;&nbsp;eth_run_link
</UL>

<P><STRONG><a name="[98]"></a>mem_copy</STRONG> (Thumb, 22 bytes, Stack size 8 bytes, at_lib.o(i.mem_copy))
<BR><BR>[Stack]<UL><LI>Max Depth = 8<LI>Call Chain = mem_copy
</UL>
<BR>[Called By]<UL><LI><a href="#[4b]">&gt;&gt;</a>&nbsp;&nbsp;&nbsp;nbns_listener
<LI><a href="#[c7]">&gt;&gt;</a>&nbsp;&nbsp;&nbsp;tcp_send_reset
<LI><a href="#[c3]">&gt;&gt;</a>&nbsp;&nbsp;&nbsp;tcp_map_socket
<LI><a href="#[ab]">&gt;&gt;</a>&nbsp;&nbsp;&nbsp;tcp_process
<LI><a href="#[a8]">&gt;&gt;</a>&nbsp;&nbsp;&nbsp;icmp_process
<LI><a href="#[ac]">&gt;&gt;</a>&nbsp;&nbsp;&nbsp;eth_send_frame
<LI><a href="#[ad]">&gt;&gt;</a>&nbsp;&nbsp;&nbsp;ip_send_frame
<LI><a href="#[9e]">&gt;&gt;</a>&nbsp;&nbsp;&nbsp;arp_process
<LI><a href="#[9b]">&gt;&gt;</a>&nbsp;&nbsp;&nbsp;arp_cache_find
<LI><a href="#[99]">&gt;&gt;</a>&nbsp;&nbsp;&nbsp;arp_cache_early
<LI><a href="#[92]">&gt;&gt;</a>&nbsp;&nbsp;&nbsp;arp_cache_add
<LI><a href="#[9a]">&gt;&gt;</a>&nbsp;&nbsp;&nbsp;arp_send_request
<LI><a href="#[9f]">&gt;&gt;</a>&nbsp;&nbsp;&nbsp;arp_send_reply
<LI><a href="#[9d]">&gt;&gt;</a>&nbsp;&nbsp;&nbsp;arp_proc_response
<LI><a href="#[57]">&gt;&gt;</a>&nbsp;&nbsp;&nbsp;tcp_send
<LI><a href="#[51]">&gt;&gt;</a>&nbsp;&nbsp;&nbsp;tcp_connect
<LI><a href="#[66]">&gt;&gt;</a>&nbsp;&nbsp;&nbsp;init_TcpNet
</UL>

<P><STRONG><a name="[a6]"></a>mem_crc32</STRONG> (Thumb, 32 bytes, Stack size 16 bytes, at_lib.o(i.mem_crc32))
<BR><BR>[Stack]<UL><LI>Max Depth = 24<LI>Call Chain = mem_crc32 &rArr; get_crc32
</UL>
<BR>[Calls]<UL><LI><a href="#[b6]">&gt;&gt;</a>&nbsp;&nbsp;&nbsp;get_crc32
</UL>
<BR>[Called By]<UL><LI><a href="#[69]">&gt;&gt;</a>&nbsp;&nbsp;&nbsp;eth_init_link
</UL>

<P><STRONG><a name="[b7]"></a>mem_set</STRONG> (Thumb, 10 bytes, Stack size 0 bytes, at_lib.o(i.mem_set))
<BR><BR>[Calls]<UL><LI><a href="#[b7]">&gt;&gt;</a>&nbsp;&nbsp;&nbsp;mem_set
</UL>
<BR>[Called By]<UL><LI><a href="#[b7]">&gt;&gt;</a>&nbsp;&nbsp;&nbsp;mem_set
<LI><a href="#[6c]">&gt;&gt;</a>&nbsp;&nbsp;&nbsp;udp_init
<LI><a href="#[6d]">&gt;&gt;</a>&nbsp;&nbsp;&nbsp;tcp_init
</UL>

<P><STRONG><a name="[b3]"></a>mem_test</STRONG> (Thumb, 18 bytes, Stack size 0 bytes, at_lib.o(i.mem_test))
<BR><BR>[Calls]<UL><LI><a href="#[b3]">&gt;&gt;</a>&nbsp;&nbsp;&nbsp;mem_test
</UL>
<BR>[Called By]<UL><LI><a href="#[b3]">&gt;&gt;</a>&nbsp;&nbsp;&nbsp;mem_test
<LI><a href="#[b2]">&gt;&gt;</a>&nbsp;&nbsp;&nbsp;ip_get_locadr
</UL>

<P><STRONG><a name="[6e]"></a>nbns_init</STRONG> (Thumb, 32 bytes, Stack size 8 bytes, at_nbns.o(i.nbns_init))
<BR><BR>[Stack]<UL><LI>Max Depth = 32<LI>Call Chain = nbns_init &rArr; udp_open &rArr; udp_port_in_use
</UL>
<BR>[Calls]<UL><LI><a href="#[b9]">&gt;&gt;</a>&nbsp;&nbsp;&nbsp;udp_open
<LI><a href="#[b8]">&gt;&gt;</a>&nbsp;&nbsp;&nbsp;udp_get_socket
</UL>
<BR>[Called By]<UL><LI><a href="#[68]">&gt;&gt;</a>&nbsp;&nbsp;&nbsp;init_system
</UL>

<P><STRONG><a name="[96]"></a>nrd_u32be</STRONG> (Thumb, 22 bytes, Stack size 0 bytes, at_lib.o(i.nrd_u32be))
<BR><BR>[Called By]<UL><LI><a href="#[bc]">&gt;&gt;</a>&nbsp;&nbsp;&nbsp;udp_send
<LI><a href="#[c7]">&gt;&gt;</a>&nbsp;&nbsp;&nbsp;tcp_send_reset
<LI><a href="#[ab]">&gt;&gt;</a>&nbsp;&nbsp;&nbsp;tcp_process
<LI><a href="#[ac]">&gt;&gt;</a>&nbsp;&nbsp;&nbsp;eth_send_frame
<LI><a href="#[9e]">&gt;&gt;</a>&nbsp;&nbsp;&nbsp;arp_process
<LI><a href="#[9c]">&gt;&gt;</a>&nbsp;&nbsp;&nbsp;arp_cache_update
<LI><a href="#[9b]">&gt;&gt;</a>&nbsp;&nbsp;&nbsp;arp_cache_find
<LI><a href="#[92]">&gt;&gt;</a>&nbsp;&nbsp;&nbsp;arp_cache_add
<LI><a href="#[71]">&gt;&gt;</a>&nbsp;&nbsp;&nbsp;eth_run_link
<LI><a href="#[51]">&gt;&gt;</a>&nbsp;&nbsp;&nbsp;tcp_connect
</UL>

<P><STRONG><a name="[c9]"></a>nwr_u32be</STRONG> (Thumb, 16 bytes, Stack size 0 bytes, at_lib.o(i.nwr_u32be))
<BR><BR>[Called By]<UL><LI><a href="#[c4]">&gt;&gt;</a>&nbsp;&nbsp;&nbsp;tcp_send_frame
</UL>

<P><STRONG><a name="[7a]"></a>put_in_queue</STRONG> (Thumb, 36 bytes, Stack size 8 bytes, at_ethernet.o(i.put_in_queue))
<BR><BR>[Stack]<UL><LI>Max Depth = 16<LI>Call Chain = put_in_queue &rArr; ifree_mem
</UL>
<BR>[Calls]<UL><LI><a href="#[bd]">&gt;&gt;</a>&nbsp;&nbsp;&nbsp;ifree_mem
</UL>
<BR>[Called By]<UL><LI><a href="#[41]">&gt;&gt;</a>&nbsp;&nbsp;&nbsp;ETH_IRQHandler
</UL>

<P><STRONG><a name="[be]"></a>resize_mem</STRONG> (Thumb, 68 bytes, Stack size 24 bytes, at_mem.o(i.resize_mem))
<BR><BR>[Stack]<UL><LI>Max Depth = 24<LI>Call Chain = resize_mem
</UL>
<BR>[Calls]<UL><LI><a href="#[90]">&gt;&gt;</a>&nbsp;&nbsp;&nbsp;int_disable_eth
<LI><a href="#[91]">&gt;&gt;</a>&nbsp;&nbsp;&nbsp;int_enable_eth
<LI><a href="#[67]">&gt;&gt;</a>&nbsp;&nbsp;&nbsp;sys_error
</UL>
<BR>[Called By]<UL><LI><a href="#[ab]">&gt;&gt;</a>&nbsp;&nbsp;&nbsp;tcp_process
<LI><a href="#[57]">&gt;&gt;</a>&nbsp;&nbsp;&nbsp;tcp_send
</UL>

<P><STRONG><a name="[ba]"></a>str_up_case</STRONG> (Thumb, 26 bytes, Stack size 0 bytes, at_lib.o(i.str_up_case))
<BR><BR>[Calls]<UL><LI><a href="#[ba]">&gt;&gt;</a>&nbsp;&nbsp;&nbsp;str_up_case
</UL>
<BR>[Called By]<UL><LI><a href="#[ba]">&gt;&gt;</a>&nbsp;&nbsp;&nbsp;str_up_case
<LI><a href="#[4b]">&gt;&gt;</a>&nbsp;&nbsp;&nbsp;nbns_listener
</UL>

<P><STRONG><a name="[54]"></a>tcp_check_send</STRONG> (Thumb, 58 bytes, Stack size 0 bytes, at_tcp.o(i.tcp_check_send))
<BR><BR>[Called By]<UL><LI><a href="#[5f]">&gt;&gt;</a>&nbsp;&nbsp;&nbsp;send_datalog
<LI><a href="#[50]">&gt;&gt;</a>&nbsp;&nbsp;&nbsp;send_data
</UL>

<P><STRONG><a name="[58]"></a>tcp_close</STRONG> (Thumb, 126 bytes, Stack size 8 bytes, at_tcp.o(i.tcp_close))
<BR><BR>[Stack]<UL><LI>Max Depth = 184<LI>Call Chain = tcp_close &rArr; tcp_send_ctrl &rArr; tcp_send_frame &rArr; ip_send_frame &rArr; eth_send_frame &rArr; arp_cache_find &rArr; arp_send_request &rArr; free_mem
</UL>
<BR>[Calls]<UL><LI><a href="#[bf]">&gt;&gt;</a>&nbsp;&nbsp;&nbsp;tcp_transit
<LI><a href="#[c0]">&gt;&gt;</a>&nbsp;&nbsp;&nbsp;tcp_send_ctrl
</UL>
<BR>[Called By]<UL><LI><a href="#[50]">&gt;&gt;</a>&nbsp;&nbsp;&nbsp;send_data
</UL>

<P><STRONG><a name="[51]"></a>tcp_connect</STRONG> (Thumb, 160 bytes, Stack size 24 bytes, at_tcp.o(i.tcp_connect))
<BR><BR>[Stack]<UL><LI>Max Depth = 200<LI>Call Chain = tcp_connect &rArr; tcp_send_ctrl &rArr; tcp_send_frame &rArr; ip_send_frame &rArr; eth_send_frame &rArr; arp_cache_find &rArr; arp_send_request &rArr; free_mem
</UL>
<BR>[Calls]<UL><LI><a href="#[c1]">&gt;&gt;</a>&nbsp;&nbsp;&nbsp;tcp_get_free_port
<LI><a href="#[bf]">&gt;&gt;</a>&nbsp;&nbsp;&nbsp;tcp_transit
<LI><a href="#[c0]">&gt;&gt;</a>&nbsp;&nbsp;&nbsp;tcp_send_ctrl
<LI><a href="#[c2]">&gt;&gt;</a>&nbsp;&nbsp;&nbsp;get_rnd32
<LI><a href="#[96]">&gt;&gt;</a>&nbsp;&nbsp;&nbsp;nrd_u32be
<LI><a href="#[98]">&gt;&gt;</a>&nbsp;&nbsp;&nbsp;mem_copy
</UL>
<BR>[Called By]<UL><LI><a href="#[50]">&gt;&gt;</a>&nbsp;&nbsp;&nbsp;send_data
</UL>

<P><STRONG><a name="[55]"></a>tcp_get_buf</STRONG> (Thumb, 16 bytes, Stack size 8 bytes, at_tcp.o(i.tcp_get_buf))
<BR><BR>[Stack]<UL><LI>Max Depth = 32<LI>Call Chain = tcp_get_buf &rArr; alloc_mem
</UL>
<BR>[Calls]<UL><LI><a href="#[79]">&gt;&gt;</a>&nbsp;&nbsp;&nbsp;alloc_mem
</UL>
<BR>[Called By]<UL><LI><a href="#[5f]">&gt;&gt;</a>&nbsp;&nbsp;&nbsp;send_datalog
<LI><a href="#[50]">&gt;&gt;</a>&nbsp;&nbsp;&nbsp;send_data
</UL>

<P><STRONG><a name="[c1]"></a>tcp_get_free_port</STRONG> (Thumb, 58 bytes, Stack size 16 bytes, at_tcp.o(i.tcp_get_free_port))
<BR><BR>[Stack]<UL><LI>Max Depth = 16<LI>Call Chain = tcp_get_free_port
</UL>
<BR>[Called By]<UL><LI><a href="#[51]">&gt;&gt;</a>&nbsp;&nbsp;&nbsp;tcp_connect
</UL>

<P><STRONG><a name="[5b]"></a>tcp_get_socket</STRONG> (Thumb, 68 bytes, Stack size 24 bytes, at_tcp.o(i.tcp_get_socket))
<BR><BR>[Stack]<UL><LI>Max Depth = 24<LI>Call Chain = tcp_get_socket
</UL>
<BR>[Calls]<UL><LI><a href="#[67]">&gt;&gt;</a>&nbsp;&nbsp;&nbsp;sys_error
</UL>
<BR>[Called By]<UL><LI><a href="#[48]">&gt;&gt;</a>&nbsp;&nbsp;&nbsp;main
</UL>

<P><STRONG><a name="[6d]"></a>tcp_init</STRONG> (Thumb, 16 bytes, Stack size 0 bytes, at_tcp.o(i.tcp_init))
<BR><BR>[Calls]<UL><LI><a href="#[b7]">&gt;&gt;</a>&nbsp;&nbsp;&nbsp;mem_set
</UL>
<BR>[Called By]<UL><LI><a href="#[68]">&gt;&gt;</a>&nbsp;&nbsp;&nbsp;init_system
</UL>

<P><STRONG><a name="[60]"></a>tcp_max_dsize</STRONG> (Thumb, 36 bytes, Stack size 0 bytes, at_tcp.o(i.tcp_max_dsize), UNUSED)
<BR><BR>[Called By]<UL><LI><a href="#[5f]">&gt;&gt;</a>&nbsp;&nbsp;&nbsp;send_datalog
</UL>

<P><STRONG><a name="[74]"></a>tcp_poll_sockets</STRONG> (Thumb, 526 bytes, Stack size 32 bytes, at_tcp.o(i.tcp_poll_sockets))
<BR><BR>[Stack]<UL><LI>Max Depth = 208<LI>Call Chain = tcp_poll_sockets &rArr; tcp_send_ctrl &rArr; tcp_send_frame &rArr; ip_send_frame &rArr; eth_send_frame &rArr; arp_cache_find &rArr; arp_send_request &rArr; free_mem
</UL>
<BR>[Calls]<UL><LI><a href="#[bf]">&gt;&gt;</a>&nbsp;&nbsp;&nbsp;tcp_transit
<LI><a href="#[c5]">&gt;&gt;</a>&nbsp;&nbsp;&nbsp;tcp_set_retransmit
<LI><a href="#[c4]">&gt;&gt;</a>&nbsp;&nbsp;&nbsp;tcp_send_frame
<LI><a href="#[c0]">&gt;&gt;</a>&nbsp;&nbsp;&nbsp;tcp_send_ctrl
</UL>
<BR>[Called By]<UL><LI><a href="#[70]">&gt;&gt;</a>&nbsp;&nbsp;&nbsp;run_system
</UL>

<P><STRONG><a name="[ab]"></a>tcp_process</STRONG> (Thumb, 1134 bytes, Stack size 40 bytes, at_tcp.o(i.tcp_process))
<BR><BR>[Stack]<UL><LI>Max Depth = 232<LI>Call Chain = tcp_process &rArr; tcp_send_reset &rArr; tcp_send_ctrl &rArr; tcp_send_frame &rArr; ip_send_frame &rArr; eth_send_frame &rArr; arp_cache_find &rArr; arp_send_request &rArr; free_mem
</UL>
<BR>[Calls]<UL><LI><a href="#[be]">&gt;&gt;</a>&nbsp;&nbsp;&nbsp;resize_mem
<LI><a href="#[c6]">&gt;&gt;</a>&nbsp;&nbsp;&nbsp;chksum16_val
<LI><a href="#[a3]">&gt;&gt;</a>&nbsp;&nbsp;&nbsp;chksum16_buf
<LI><a href="#[bf]">&gt;&gt;</a>&nbsp;&nbsp;&nbsp;tcp_transit
<LI><a href="#[c5]">&gt;&gt;</a>&nbsp;&nbsp;&nbsp;tcp_set_retransmit
<LI><a href="#[c7]">&gt;&gt;</a>&nbsp;&nbsp;&nbsp;tcp_send_reset
<LI><a href="#[c0]">&gt;&gt;</a>&nbsp;&nbsp;&nbsp;tcp_send_ctrl
<LI><a href="#[c8]">&gt;&gt;</a>&nbsp;&nbsp;&nbsp;tcp_process_opt
<LI><a href="#[c3]">&gt;&gt;</a>&nbsp;&nbsp;&nbsp;tcp_map_socket
<LI><a href="#[c2]">&gt;&gt;</a>&nbsp;&nbsp;&nbsp;get_rnd32
<LI><a href="#[96]">&gt;&gt;</a>&nbsp;&nbsp;&nbsp;nrd_u32be
<LI><a href="#[98]">&gt;&gt;</a>&nbsp;&nbsp;&nbsp;mem_copy
<LI><a href="#[67]">&gt;&gt;</a>&nbsp;&nbsp;&nbsp;sys_error
</UL>
<BR>[Called By]<UL><LI><a href="#[72]">&gt;&gt;</a>&nbsp;&nbsp;&nbsp;ip_run_local
<LI><a href="#[71]">&gt;&gt;</a>&nbsp;&nbsp;&nbsp;eth_run_link
</UL>

<P><STRONG><a name="[57]"></a>tcp_send</STRONG> (Thumb, 264 bytes, Stack size 40 bytes, at_tcp.o(i.tcp_send))
<BR><BR>[Stack]<UL><LI>Max Depth = 200<LI>Call Chain = tcp_send &rArr; tcp_send_frame &rArr; ip_send_frame &rArr; eth_send_frame &rArr; arp_cache_find &rArr; arp_send_request &rArr; free_mem
</UL>
<BR>[Calls]<UL><LI><a href="#[be]">&gt;&gt;</a>&nbsp;&nbsp;&nbsp;resize_mem
<LI><a href="#[c5]">&gt;&gt;</a>&nbsp;&nbsp;&nbsp;tcp_set_retransmit
<LI><a href="#[c4]">&gt;&gt;</a>&nbsp;&nbsp;&nbsp;tcp_send_frame
<LI><a href="#[98]">&gt;&gt;</a>&nbsp;&nbsp;&nbsp;mem_copy
<LI><a href="#[a1]">&gt;&gt;</a>&nbsp;&nbsp;&nbsp;free_mem
<LI><a href="#[79]">&gt;&gt;</a>&nbsp;&nbsp;&nbsp;alloc_mem
</UL>
<BR>[Called By]<UL><LI><a href="#[5f]">&gt;&gt;</a>&nbsp;&nbsp;&nbsp;send_datalog
<LI><a href="#[50]">&gt;&gt;</a>&nbsp;&nbsp;&nbsp;send_data
</UL>

<P><STRONG><a name="[5c]"></a>timer_tick</STRONG> (Thumb, 8 bytes, Stack size 0 bytes, at_system.o(i.timer_tick))
<BR><BR>[Called By]<UL><LI><a href="#[48]">&gt;&gt;</a>&nbsp;&nbsp;&nbsp;main
</UL>

<P><STRONG><a name="[bb]"></a>udp_get_buf</STRONG> (Thumb, 16 bytes, Stack size 8 bytes, at_udp.o(i.udp_get_buf))
<BR><BR>[Stack]<UL><LI>Max Depth = 32<LI>Call Chain = udp_get_buf &rArr; alloc_mem
</UL>
<BR>[Calls]<UL><LI><a href="#[79]">&gt;&gt;</a>&nbsp;&nbsp;&nbsp;alloc_mem
</UL>
<BR>[Called By]<UL><LI><a href="#[4b]">&gt;&gt;</a>&nbsp;&nbsp;&nbsp;nbns_listener
</UL>

<P><STRONG><a name="[b8]"></a>udp_get_socket</STRONG> (Thumb, 62 bytes, Stack size 16 bytes, at_udp.o(i.udp_get_socket))
<BR><BR>[Stack]<UL><LI>Max Depth = 16<LI>Call Chain = udp_get_socket
</UL>
<BR>[Calls]<UL><LI><a href="#[67]">&gt;&gt;</a>&nbsp;&nbsp;&nbsp;sys_error
</UL>
<BR>[Called By]<UL><LI><a href="#[6e]">&gt;&gt;</a>&nbsp;&nbsp;&nbsp;nbns_init
</UL>

<P><STRONG><a name="[6c]"></a>udp_init</STRONG> (Thumb, 18 bytes, Stack size 0 bytes, at_udp.o(i.udp_init))
<BR><BR>[Calls]<UL><LI><a href="#[b7]">&gt;&gt;</a>&nbsp;&nbsp;&nbsp;mem_set
</UL>
<BR>[Called By]<UL><LI><a href="#[68]">&gt;&gt;</a>&nbsp;&nbsp;&nbsp;init_system
</UL>

<P><STRONG><a name="[b9]"></a>udp_open</STRONG> (Thumb, 96 bytes, Stack size 16 bytes, at_udp.o(i.udp_open))
<BR><BR>[Stack]<UL><LI>Max Depth = 24<LI>Call Chain = udp_open &rArr; udp_port_in_use
</UL>
<BR>[Calls]<UL><LI><a href="#[ca]">&gt;&gt;</a>&nbsp;&nbsp;&nbsp;udp_port_in_use
</UL>
<BR>[Called By]<UL><LI><a href="#[6e]">&gt;&gt;</a>&nbsp;&nbsp;&nbsp;nbns_init
</UL>

<P><STRONG><a name="[aa]"></a>udp_process</STRONG> (Thumb, 178 bytes, Stack size 32 bytes, at_udp.o(i.udp_process))
<BR><BR>[Stack]<UL><LI>Max Depth = 32<LI>Call Chain = udp_process
</UL>
<BR>[Calls]<UL><LI><a href="#[c6]">&gt;&gt;</a>&nbsp;&nbsp;&nbsp;chksum16_val
<LI><a href="#[a3]">&gt;&gt;</a>&nbsp;&nbsp;&nbsp;chksum16_buf
</UL>
<BR>[Called By]<UL><LI><a href="#[72]">&gt;&gt;</a>&nbsp;&nbsp;&nbsp;ip_run_local
<LI><a href="#[71]">&gt;&gt;</a>&nbsp;&nbsp;&nbsp;eth_run_link
</UL>

<P><STRONG><a name="[bc]"></a>udp_send</STRONG> (Thumb, 280 bytes, Stack size 32 bytes, at_udp.o(i.udp_send))
<BR><BR>[Stack]<UL><LI>Max Depth = 160<LI>Call Chain = udp_send &rArr; ip_send_frame &rArr; eth_send_frame &rArr; arp_cache_find &rArr; arp_send_request &rArr; free_mem
</UL>
<BR>[Calls]<UL><LI><a href="#[c6]">&gt;&gt;</a>&nbsp;&nbsp;&nbsp;chksum16_val
<LI><a href="#[a3]">&gt;&gt;</a>&nbsp;&nbsp;&nbsp;chksum16_buf
<LI><a href="#[ad]">&gt;&gt;</a>&nbsp;&nbsp;&nbsp;ip_send_frame
<LI><a href="#[b2]">&gt;&gt;</a>&nbsp;&nbsp;&nbsp;ip_get_locadr
<LI><a href="#[96]">&gt;&gt;</a>&nbsp;&nbsp;&nbsp;nrd_u32be
<LI><a href="#[a1]">&gt;&gt;</a>&nbsp;&nbsp;&nbsp;free_mem
</UL>
<BR>[Called By]<UL><LI><a href="#[4b]">&gt;&gt;</a>&nbsp;&nbsp;&nbsp;nbns_listener
</UL>
<P>
<H3>
Local Symbols
</H3>
<P><STRONG><a name="[4e]"></a>init_io</STRONG> (Thumb, 256 bytes, Stack size 8 bytes, http_demo.o(.text))
<BR><BR>[Stack]<UL><LI>Max Depth = 112<LI>Call Chain = init_io &rArr; SystemInit &rArr; __aeabi_dmul &rArr; _double_epilogue &rArr; _double_round
</UL>
<BR>[Calls]<UL><LI><a href="#[4f]">&gt;&gt;</a>&nbsp;&nbsp;&nbsp;SystemInit
</UL>
<BR>[Called By]<UL><LI><a href="#[59]">&gt;&gt;</a>&nbsp;&nbsp;&nbsp;init
</UL>

<P><STRONG><a name="[59]"></a>init</STRONG> (Thumb, 90 bytes, Stack size 8 bytes, http_demo.o(.text))
<BR><BR>[Stack]<UL><LI>Max Depth = 148<LI>Call Chain = init &rArr; init_TcpNet &rArr; init_system &rArr; eth_init_link &rArr; init_ethernet &rArr; GLCD_displayStringLn &rArr; GLCD_displayChar &rArr; GLCD_drawChar &rArr; ili9341_set_window &rArr; wr_cmd
</UL>
<BR>[Calls]<UL><LI><a href="#[66]">&gt;&gt;</a>&nbsp;&nbsp;&nbsp;init_TcpNet
<LI><a href="#[64]">&gt;&gt;</a>&nbsp;&nbsp;&nbsp;GLCD_setTextColor
<LI><a href="#[63]">&gt;&gt;</a>&nbsp;&nbsp;&nbsp;GLCD_setBackColor
<LI><a href="#[61]">&gt;&gt;</a>&nbsp;&nbsp;&nbsp;GLCD_init
<LI><a href="#[53]">&gt;&gt;</a>&nbsp;&nbsp;&nbsp;GLCD_displayStringLn
<LI><a href="#[62]">&gt;&gt;</a>&nbsp;&nbsp;&nbsp;GLCD_clear
<LI><a href="#[65]">&gt;&gt;</a>&nbsp;&nbsp;&nbsp;GLCD_bitmap
<LI><a href="#[4e]">&gt;&gt;</a>&nbsp;&nbsp;&nbsp;init_io
</UL>
<BR>[Called By]<UL><LI><a href="#[48]">&gt;&gt;</a>&nbsp;&nbsp;&nbsp;main
</UL>

<P><STRONG><a name="[35]"></a>Default_Handler</STRONG> (Thumb, 2 bytes, Stack size 0 bytes, startup_stm32f10x_cl.o(.text))
<BR><BR>[Calls]<UL><LI><a href="#[35]">&gt;&gt;</a>&nbsp;&nbsp;&nbsp;Default_Handler
</UL>
<BR>[Called By]<UL><LI><a href="#[35]">&gt;&gt;</a>&nbsp;&nbsp;&nbsp;Default_Handler
</UL>
<BR>[Address Reference Count : 1]<UL><LI> startup_stm32f10x_cl.o(RESET)
</UL>
<P><STRONG><a name="[78]"></a>rx_descr_init</STRONG> (Thumb, 70 bytes, Stack size 20 bytes, eth_stm32x.o(.text))
<BR><BR>[Stack]<UL><LI>Max Depth = 20<LI>Call Chain = rx_descr_init
</UL>
<BR>[Called By]<UL><LI><a href="#[75]">&gt;&gt;</a>&nbsp;&nbsp;&nbsp;init_ethernet
</UL>

<P><STRONG><a name="[77]"></a>read_PHY</STRONG> (Thumb, 36 bytes, Stack size 0 bytes, eth_stm32x.o(.text))
<BR><BR>[Called By]<UL><LI><a href="#[75]">&gt;&gt;</a>&nbsp;&nbsp;&nbsp;init_ethernet
</UL>

<P><STRONG><a name="[76]"></a>write_PHY</STRONG> (Thumb, 34 bytes, Stack size 0 bytes, eth_stm32x.o(.text))
<BR><BR>[Called By]<UL><LI><a href="#[75]">&gt;&gt;</a>&nbsp;&nbsp;&nbsp;init_ethernet
</UL>

<P><STRONG><a name="[80]"></a>wr_dat</STRONG> (Thumb, 36 bytes, Stack size 12 bytes, glcd.o(.text))
<BR><BR>[Stack]<UL><LI>Max Depth = 12<LI>Call Chain = wr_dat
</UL>
<BR>[Called By]<UL><LI><a href="#[86]">&gt;&gt;</a>&nbsp;&nbsp;&nbsp;GLCD_drawChar
<LI><a href="#[85]">&gt;&gt;</a>&nbsp;&nbsp;&nbsp;GLCD_putPixel
<LI><a href="#[7e]">&gt;&gt;</a>&nbsp;&nbsp;&nbsp;ili9341_set_window
<LI><a href="#[61]">&gt;&gt;</a>&nbsp;&nbsp;&nbsp;GLCD_init
<LI><a href="#[62]">&gt;&gt;</a>&nbsp;&nbsp;&nbsp;GLCD_clear
<LI><a href="#[65]">&gt;&gt;</a>&nbsp;&nbsp;&nbsp;GLCD_bitmap
</UL>

<P><STRONG><a name="[7f]"></a>wr_cmd</STRONG> (Thumb, 38 bytes, Stack size 12 bytes, glcd.o(.text))
<BR><BR>[Stack]<UL><LI>Max Depth = 12<LI>Call Chain = wr_cmd
</UL>
<BR>[Called By]<UL><LI><a href="#[7e]">&gt;&gt;</a>&nbsp;&nbsp;&nbsp;ili9341_set_window
<LI><a href="#[61]">&gt;&gt;</a>&nbsp;&nbsp;&nbsp;GLCD_init
</UL>

<P><STRONG><a name="[82]"></a>rd_dat</STRONG> (Thumb, 58 bytes, Stack size 16 bytes, glcd.o(.text))
<BR><BR>[Stack]<UL><LI>Max Depth = 16<LI>Call Chain = rd_dat
</UL>
<BR>[Called By]<UL><LI><a href="#[61]">&gt;&gt;</a>&nbsp;&nbsp;&nbsp;GLCD_init
</UL>

<P><STRONG><a name="[7e]"></a>ili9341_set_window</STRONG> (Thumb, 80 bytes, Stack size 24 bytes, glcd.o(.text))
<BR><BR>[Stack]<UL><LI>Max Depth = 36<LI>Call Chain = ili9341_set_window &rArr; wr_cmd
</UL>
<BR>[Calls]<UL><LI><a href="#[7f]">&gt;&gt;</a>&nbsp;&nbsp;&nbsp;wr_cmd
<LI><a href="#[80]">&gt;&gt;</a>&nbsp;&nbsp;&nbsp;wr_dat
</UL>
<BR>[Called By]<UL><LI><a href="#[86]">&gt;&gt;</a>&nbsp;&nbsp;&nbsp;GLCD_drawChar
<LI><a href="#[84]">&gt;&gt;</a>&nbsp;&nbsp;&nbsp;GLCD_SetCursor
<LI><a href="#[62]">&gt;&gt;</a>&nbsp;&nbsp;&nbsp;GLCD_clear
<LI><a href="#[65]">&gt;&gt;</a>&nbsp;&nbsp;&nbsp;GLCD_bitmap
</UL>

<P><STRONG><a name="[81]"></a>delay</STRONG> (Thumb, 24 bytes, Stack size 0 bytes, glcd.o(.text))
<BR><BR>[Called By]<UL><LI><a href="#[61]">&gt;&gt;</a>&nbsp;&nbsp;&nbsp;GLCD_init
</UL>

<P><STRONG><a name="[97]"></a>arp_cache_alloc</STRONG> (Thumb, 142 bytes, Stack size 20 bytes, at_arp.o(i.arp_cache_alloc))
<BR><BR>[Stack]<UL><LI>Max Depth = 20<LI>Call Chain = arp_cache_alloc
</UL>
<BR>[Called By]<UL><LI><a href="#[9b]">&gt;&gt;</a>&nbsp;&nbsp;&nbsp;arp_cache_find
<LI><a href="#[99]">&gt;&gt;</a>&nbsp;&nbsp;&nbsp;arp_cache_early
<LI><a href="#[92]">&gt;&gt;</a>&nbsp;&nbsp;&nbsp;arp_cache_add
</UL>

<P><STRONG><a name="[93]"></a>arp_is_cacheable</STRONG> (Thumb, 48 bytes, Stack size 0 bytes, at_arp.o(i.arp_is_cacheable))
<BR><BR>[Called By]<UL><LI><a href="#[99]">&gt;&gt;</a>&nbsp;&nbsp;&nbsp;arp_cache_early
<LI><a href="#[92]">&gt;&gt;</a>&nbsp;&nbsp;&nbsp;arp_cache_add
</UL>

<P><STRONG><a name="[9d]"></a>arp_proc_response</STRONG> (Thumb, 130 bytes, Stack size 32 bytes, at_arp.o(i.arp_proc_response))
<BR><BR>[Stack]<UL><LI>Max Depth = 40<LI>Call Chain = arp_proc_response &rArr; mem_copy
</UL>
<BR>[Calls]<UL><LI><a href="#[98]">&gt;&gt;</a>&nbsp;&nbsp;&nbsp;mem_copy
<LI><a href="#[94]">&gt;&gt;</a>&nbsp;&nbsp;&nbsp;mem_comp
</UL>
<BR>[Called By]<UL><LI><a href="#[9e]">&gt;&gt;</a>&nbsp;&nbsp;&nbsp;arp_process
</UL>

<P><STRONG><a name="[9f]"></a>arp_send_reply</STRONG> (Thumb, 150 bytes, Stack size 24 bytes, at_arp.o(i.arp_send_reply))
<BR><BR>[Stack]<UL><LI>Max Depth = 48<LI>Call Chain = arp_send_reply &rArr; free_mem
</UL>
<BR>[Calls]<UL><LI><a href="#[98]">&gt;&gt;</a>&nbsp;&nbsp;&nbsp;mem_copy
<LI><a href="#[a1]">&gt;&gt;</a>&nbsp;&nbsp;&nbsp;free_mem
<LI><a href="#[79]">&gt;&gt;</a>&nbsp;&nbsp;&nbsp;alloc_mem
<LI><a href="#[a0]">&gt;&gt;</a>&nbsp;&nbsp;&nbsp;send_frame
</UL>
<BR>[Called By]<UL><LI><a href="#[9e]">&gt;&gt;</a>&nbsp;&nbsp;&nbsp;arp_process
</UL>

<P><STRONG><a name="[9a]"></a>arp_send_request</STRONG> (Thumb, 170 bytes, Stack size 24 bytes, at_arp.o(i.arp_send_request))
<BR><BR>[Stack]<UL><LI>Max Depth = 48<LI>Call Chain = arp_send_request &rArr; free_mem
</UL>
<BR>[Calls]<UL><LI><a href="#[98]">&gt;&gt;</a>&nbsp;&nbsp;&nbsp;mem_copy
<LI><a href="#[a1]">&gt;&gt;</a>&nbsp;&nbsp;&nbsp;free_mem
<LI><a href="#[79]">&gt;&gt;</a>&nbsp;&nbsp;&nbsp;alloc_mem
<LI><a href="#[a0]">&gt;&gt;</a>&nbsp;&nbsp;&nbsp;send_frame
</UL>
<BR>[Called By]<UL><LI><a href="#[9c]">&gt;&gt;</a>&nbsp;&nbsp;&nbsp;arp_cache_update
<LI><a href="#[9b]">&gt;&gt;</a>&nbsp;&nbsp;&nbsp;arp_cache_find
<LI><a href="#[99]">&gt;&gt;</a>&nbsp;&nbsp;&nbsp;arp_cache_early
<LI><a href="#[6f]">&gt;&gt;</a>&nbsp;&nbsp;&nbsp;arp_notify
</UL>

<P><STRONG><a name="[b1]"></a>ip_get_chksum</STRONG> (Thumb, 10 bytes, Stack size 0 bytes, at_ip.o(i.ip_get_chksum))
<BR><BR>[Stack]<UL><LI>Max Depth = 4<LI>Call Chain = ip_get_chksum &rArr; calc_chksum16be
</UL>
<BR>[Calls]<UL><LI><a href="#[a2]">&gt;&gt;</a>&nbsp;&nbsp;&nbsp;calc_chksum16be
</UL>
<BR>[Called By]<UL><LI><a href="#[ad]">&gt;&gt;</a>&nbsp;&nbsp;&nbsp;ip_send_frame
<LI><a href="#[a7]">&gt;&gt;</a>&nbsp;&nbsp;&nbsp;ip_chk_frame
</UL>

<P><STRONG><a name="[ae]"></a>icmp_send_message</STRONG> (Thumb, 108 bytes, Stack size 16 bytes, at_icmp.o(i.icmp_send_message))
<BR><BR>[Stack]<UL><LI>Max Depth = 144<LI>Call Chain = icmp_send_message &rArr; ip_send_frame &rArr; eth_send_frame &rArr; arp_cache_find &rArr; arp_send_request &rArr; free_mem
</UL>
<BR>[Calls]<UL><LI><a href="#[a2]">&gt;&gt;</a>&nbsp;&nbsp;&nbsp;calc_chksum16be
<LI><a href="#[ad]">&gt;&gt;</a>&nbsp;&nbsp;&nbsp;ip_send_frame
<LI><a href="#[a1]">&gt;&gt;</a>&nbsp;&nbsp;&nbsp;free_mem
<LI><a href="#[79]">&gt;&gt;</a>&nbsp;&nbsp;&nbsp;alloc_mem
</UL>
<BR>[Called By]<UL><LI><a href="#[73]">&gt;&gt;</a>&nbsp;&nbsp;&nbsp;icmp_run_engine
</UL>

<P><STRONG><a name="[c3]"></a>tcp_map_socket</STRONG> (Thumb, 150 bytes, Stack size 24 bytes, at_tcp.o(i.tcp_map_socket))
<BR><BR>[Stack]<UL><LI>Max Depth = 32<LI>Call Chain = tcp_map_socket &rArr; mem_copy
</UL>
<BR>[Calls]<UL><LI><a href="#[98]">&gt;&gt;</a>&nbsp;&nbsp;&nbsp;mem_copy
<LI><a href="#[94]">&gt;&gt;</a>&nbsp;&nbsp;&nbsp;mem_comp
</UL>
<BR>[Called By]<UL><LI><a href="#[ab]">&gt;&gt;</a>&nbsp;&nbsp;&nbsp;tcp_process
</UL>

<P><STRONG><a name="[c8]"></a>tcp_process_opt</STRONG> (Thumb, 122 bytes, Stack size 20 bytes, at_tcp.o(i.tcp_process_opt))
<BR><BR>[Stack]<UL><LI>Max Depth = 20<LI>Call Chain = tcp_process_opt
</UL>
<BR>[Called By]<UL><LI><a href="#[ab]">&gt;&gt;</a>&nbsp;&nbsp;&nbsp;tcp_process
</UL>

<P><STRONG><a name="[c0]"></a>tcp_send_ctrl</STRONG> (Thumb, 34 bytes, Stack size 16 bytes, at_tcp.o(i.tcp_send_ctrl))
<BR><BR>[Stack]<UL><LI>Max Depth = 176<LI>Call Chain = tcp_send_ctrl &rArr; tcp_send_frame &rArr; ip_send_frame &rArr; eth_send_frame &rArr; arp_cache_find &rArr; arp_send_request &rArr; free_mem
</UL>
<BR>[Calls]<UL><LI><a href="#[c4]">&gt;&gt;</a>&nbsp;&nbsp;&nbsp;tcp_send_frame
<LI><a href="#[a1]">&gt;&gt;</a>&nbsp;&nbsp;&nbsp;free_mem
<LI><a href="#[79]">&gt;&gt;</a>&nbsp;&nbsp;&nbsp;alloc_mem
</UL>
<BR>[Called By]<UL><LI><a href="#[c7]">&gt;&gt;</a>&nbsp;&nbsp;&nbsp;tcp_send_reset
<LI><a href="#[ab]">&gt;&gt;</a>&nbsp;&nbsp;&nbsp;tcp_process
<LI><a href="#[74]">&gt;&gt;</a>&nbsp;&nbsp;&nbsp;tcp_poll_sockets
<LI><a href="#[51]">&gt;&gt;</a>&nbsp;&nbsp;&nbsp;tcp_connect
<LI><a href="#[58]">&gt;&gt;</a>&nbsp;&nbsp;&nbsp;tcp_close
</UL>

<P><STRONG><a name="[c4]"></a>tcp_send_frame</STRONG> (Thumb, 262 bytes, Stack size 32 bytes, at_tcp.o(i.tcp_send_frame))
<BR><BR>[Stack]<UL><LI>Max Depth = 160<LI>Call Chain = tcp_send_frame &rArr; ip_send_frame &rArr; eth_send_frame &rArr; arp_cache_find &rArr; arp_send_request &rArr; free_mem
</UL>
<BR>[Calls]<UL><LI><a href="#[c9]">&gt;&gt;</a>&nbsp;&nbsp;&nbsp;nwr_u32be
<LI><a href="#[c6]">&gt;&gt;</a>&nbsp;&nbsp;&nbsp;chksum16_val
<LI><a href="#[a3]">&gt;&gt;</a>&nbsp;&nbsp;&nbsp;chksum16_buf
<LI><a href="#[ad]">&gt;&gt;</a>&nbsp;&nbsp;&nbsp;ip_send_frame
<LI><a href="#[b2]">&gt;&gt;</a>&nbsp;&nbsp;&nbsp;ip_get_locadr
</UL>
<BR>[Called By]<UL><LI><a href="#[c0]">&gt;&gt;</a>&nbsp;&nbsp;&nbsp;tcp_send_ctrl
<LI><a href="#[74]">&gt;&gt;</a>&nbsp;&nbsp;&nbsp;tcp_poll_sockets
<LI><a href="#[57]">&gt;&gt;</a>&nbsp;&nbsp;&nbsp;tcp_send
</UL>

<P><STRONG><a name="[c7]"></a>tcp_send_reset</STRONG> (Thumb, 124 bytes, Stack size 16 bytes, at_tcp.o(i.tcp_send_reset))
<BR><BR>[Stack]<UL><LI>Max Depth = 192<LI>Call Chain = tcp_send_reset &rArr; tcp_send_ctrl &rArr; tcp_send_frame &rArr; ip_send_frame &rArr; eth_send_frame &rArr; arp_cache_find &rArr; arp_send_request &rArr; free_mem
</UL>
<BR>[Calls]<UL><LI><a href="#[c0]">&gt;&gt;</a>&nbsp;&nbsp;&nbsp;tcp_send_ctrl
<LI><a href="#[96]">&gt;&gt;</a>&nbsp;&nbsp;&nbsp;nrd_u32be
<LI><a href="#[98]">&gt;&gt;</a>&nbsp;&nbsp;&nbsp;mem_copy
</UL>
<BR>[Called By]<UL><LI><a href="#[ab]">&gt;&gt;</a>&nbsp;&nbsp;&nbsp;tcp_process
</UL>

<P><STRONG><a name="[c5]"></a>tcp_set_retransmit</STRONG> (Thumb, 18 bytes, Stack size 16 bytes, at_tcp.o(i.tcp_set_retransmit))
<BR><BR>[Stack]<UL><LI>Max Depth = 40<LI>Call Chain = tcp_set_retransmit &rArr; free_mem
</UL>
<BR>[Calls]<UL><LI><a href="#[a1]">&gt;&gt;</a>&nbsp;&nbsp;&nbsp;free_mem
</UL>
<BR>[Called By]<UL><LI><a href="#[bf]">&gt;&gt;</a>&nbsp;&nbsp;&nbsp;tcp_transit
<LI><a href="#[ab]">&gt;&gt;</a>&nbsp;&nbsp;&nbsp;tcp_process
<LI><a href="#[74]">&gt;&gt;</a>&nbsp;&nbsp;&nbsp;tcp_poll_sockets
<LI><a href="#[57]">&gt;&gt;</a>&nbsp;&nbsp;&nbsp;tcp_send
</UL>

<P><STRONG><a name="[bf]"></a>tcp_transit</STRONG> (Thumb, 108 bytes, Stack size 8 bytes, at_tcp.o(i.tcp_transit))
<BR><BR>[Stack]<UL><LI>Max Depth = 48<LI>Call Chain = tcp_transit &rArr; tcp_set_retransmit &rArr; free_mem
</UL>
<BR>[Calls]<UL><LI><a href="#[c5]">&gt;&gt;</a>&nbsp;&nbsp;&nbsp;tcp_set_retransmit
</UL>
<BR>[Called By]<UL><LI><a href="#[ab]">&gt;&gt;</a>&nbsp;&nbsp;&nbsp;tcp_process
<LI><a href="#[74]">&gt;&gt;</a>&nbsp;&nbsp;&nbsp;tcp_poll_sockets
<LI><a href="#[51]">&gt;&gt;</a>&nbsp;&nbsp;&nbsp;tcp_connect
<LI><a href="#[58]">&gt;&gt;</a>&nbsp;&nbsp;&nbsp;tcp_close
</UL>

<P><STRONG><a name="[ca]"></a>udp_port_in_use</STRONG> (Thumb, 40 bytes, Stack size 8 bytes, at_udp.o(i.udp_port_in_use))
<BR><BR>[Stack]<UL><LI>Max Depth = 8<LI>Call Chain = udp_port_in_use
</UL>
<BR>[Called By]<UL><LI><a href="#[b9]">&gt;&gt;</a>&nbsp;&nbsp;&nbsp;udp_open
</UL>

<P><STRONG><a name="[4b]"></a>nbns_listener</STRONG> (Thumb, 318 bytes, Stack size 56 bytes, at_nbns.o(i.nbns_listener))
<BR><BR>[Stack]<UL><LI>Max Depth = 216<LI>Call Chain = nbns_listener &rArr; udp_send &rArr; ip_send_frame &rArr; eth_send_frame &rArr; arp_cache_find &rArr; arp_send_request &rArr; free_mem
</UL>
<BR>[Calls]<UL><LI><a href="#[ba]">&gt;&gt;</a>&nbsp;&nbsp;&nbsp;str_up_case
<LI><a href="#[bc]">&gt;&gt;</a>&nbsp;&nbsp;&nbsp;udp_send
<LI><a href="#[bb]">&gt;&gt;</a>&nbsp;&nbsp;&nbsp;udp_get_buf
<LI><a href="#[98]">&gt;&gt;</a>&nbsp;&nbsp;&nbsp;mem_copy
<LI><a href="#[94]">&gt;&gt;</a>&nbsp;&nbsp;&nbsp;mem_comp
<LI><a href="#[a1]">&gt;&gt;</a>&nbsp;&nbsp;&nbsp;free_mem
<LI><a href="#[79]">&gt;&gt;</a>&nbsp;&nbsp;&nbsp;alloc_mem
</UL>
<BR>[Address Reference Count : 1]<UL><LI> at_nbns.o(i.nbns_init)
</UL>
<P><STRONG><a name="[b6]"></a>get_crc32</STRONG> (Thumb, 36 bytes, Stack size 8 bytes, at_lib.o(i.get_crc32))
<BR><BR>[Stack]<UL><LI>Max Depth = 8<LI>Call Chain = get_crc32
</UL>
<BR>[Called By]<UL><LI><a href="#[a6]">&gt;&gt;</a>&nbsp;&nbsp;&nbsp;mem_crc32
</UL>

<P><STRONG><a name="[8f]"></a>_printf_core</STRONG> (Thumb, 676 bytes, Stack size 104 bytes, printf5.o(i._printf_core), UNUSED)
<BR><BR>[Calls]<UL><LI><a href="#[8a]">&gt;&gt;</a>&nbsp;&nbsp;&nbsp;__aeabi_uldivmod
</UL>
<BR>[Called By]<UL><LI><a href="#[8e]">&gt;&gt;</a>&nbsp;&nbsp;&nbsp;__0printf$5
</UL>
<P>
<H3>
Undefined Global Symbols
</H3><HR></body></html>
