ARM Linker, 4.1 [Build 894] [Standard][RL-ARM]

==============================================================================

Section Cross References

    http_demo.o(.text) refers to system_stm32f10x_cl.o(.text) for SystemInit
    http_demo.o(.text) refers to at_tcp.o(i.tcp_connect) for tcp_connect
    http_demo.o(.text) refers to glcd.o(.text) for GLCD_clearLn
    http_demo.o(.text) refers to at_tcp.o(i.tcp_check_send) for tcp_check_send
    http_demo.o(.text) refers to at_tcp.o(i.tcp_get_buf) for tcp_get_buf
    http_demo.o(.text) refers to memcpya.o(.text) for __aeabi_memcpy
    http_demo.o(.text) refers to at_tcp.o(i.tcp_send) for tcp_send
    http_demo.o(.text) refers to at_tcp.o(i.tcp_close) for tcp_close
    http_demo.o(.text) refers to at_tcp.o(i.tcp_get_socket) for tcp_get_socket
    http_demo.o(.text) refers to at_system.o(i.timer_tick) for timer_tick
    http_demo.o(.text) refers to at_system.o(i.main_TcpNet) for main_TcpNet
    http_demo.o(.text) refers to at_tcp.o(i.tcp_max_dsize) for tcp_max_dsize
    http_demo.o(.text) refers to at_system.o(i.init_TcpNet) for init_TcpNet
    http_demo.o(.text) refers to http_demo.o(.data) for .data
    http_demo.o(.text) refers to http_demo.o(.constdata) for .constdata
    http_demo.o(.text) refers to system_stm32f10x_cl.o(.data) for SystemFrequency
    http_demo.o(.data) refers to http_demo.o(.conststring) for .conststring
    net_config.o(.text) refers to at_ethernet.o(i.eth_init_link) for eth_init_link
    net_config.o(.text) refers to at_ip.o(i.ip_init) for ip_init
    net_config.o(.text) refers to at_icmp.o(i.icmp_init) for icmp_init
    net_config.o(.text) refers to at_udp.o(i.udp_init) for udp_init
    net_config.o(.text) refers to at_tcp.o(i.tcp_init) for tcp_init
    net_config.o(.text) refers to at_nbns.o(i.nbns_init) for nbns_init
    net_config.o(.text) refers to at_arp.o(i.arp_notify) for arp_notify
    net_config.o(.text) refers to at_ethernet.o(i.eth_run_link) for eth_run_link
    net_config.o(.text) refers to at_ip.o(i.ip_run_local) for ip_run_local
    net_config.o(.text) refers to at_icmp.o(i.icmp_run_engine) for icmp_run_engine
    net_config.o(.text) refers to at_tcp.o(i.tcp_poll_sockets) for tcp_poll_sockets
    net_config.o(.constdata) refers to net_config.o(.bss) for mem_pool
    net_config.o(.constdata) refers to net_config.o(.data) for lhost_name
    net_config.o(.constdata) refers to net_config.o(.bss) for arp_table
    net_config.o(.constdata) refers to net_config.o(.bss) for udp_scb
    net_config.o(.constdata) refers to net_config.o(.bss) for tcp_scb
    startup_stm32f10x_cl.o(RESET) refers to startup_stm32f10x_cl.o(STACK) for __initial_sp
    startup_stm32f10x_cl.o(RESET) refers to startup_stm32f10x_cl.o(.text) for Reset_Handler
    startup_stm32f10x_cl.o(RESET) refers to eth_stm32x.o(.text) for ETH_IRQHandler
    startup_stm32f10x_cl.o(.text) refers to entry.o(.ARM.Collect$$$$00000000) for __main
    eth_stm32x.o(.text) refers to glcd.o(.text) for GLCD_displayStringLn
    eth_stm32x.o(.text) refers to at_mem.o(i.alloc_mem) for alloc_mem
    eth_stm32x.o(.text) refers to at_ethernet.o(i.put_in_queue) for put_in_queue
    eth_stm32x.o(.text) refers to net_config.o(.data) for own_hw_adr
    eth_stm32x.o(.text) refers to eth_stm32x.o(.data) for .data
    eth_stm32x.o(.text) refers to eth_stm32x.o(.bss) for .bss
    system_stm32f10x_cl.o(.text) refers to dflti.o(.text) for __aeabi_i2d
    system_stm32f10x_cl.o(.text) refers to dmul.o(.text) for __aeabi_dmul
    system_stm32f10x_cl.o(.text) refers to dfixui.o(.text) for __aeabi_d2uiz
    system_stm32f10x_cl.o(.text) refers to system_stm32f10x_cl.o(.data) for .data
    glcd.o(.text) refers to printf5.o(i.__0printf$5) for __2printf
    glcd.o(.text) refers to glcd.o(.data) for .data
    at_arp.o(i.arp_cache_add) refers to at_arp.o(i.arp_is_cacheable) for arp_is_cacheable
    at_arp.o(i.arp_cache_add) refers to at_lib.o(i.mem_comp) for mem_comp
    at_arp.o(i.arp_cache_add) refers to at_lib.o(i.is_subnet) for is_subnet
    at_arp.o(i.arp_cache_add) refers to at_lib.o(i.nrd_u32be) for nrd_u32be
    at_arp.o(i.arp_cache_add) refers to at_arp.o(i.arp_cache_alloc) for arp_cache_alloc
    at_arp.o(i.arp_cache_add) refers to at_lib.o(i.mem_copy) for mem_copy
    at_arp.o(i.arp_cache_add) refers to net_config.o(.constdata) for arp_config
    at_arp.o(i.arp_cache_add) refers to at_system.o(.bss) for localm
    at_arp.o(i.arp_cache_alloc) refers to net_config.o(.constdata) for arp_config
    at_arp.o(i.arp_cache_early) refers to at_lib.o(i.mem_comp) for mem_comp
    at_arp.o(i.arp_cache_early) refers to at_arp.o(i.arp_is_cacheable) for arp_is_cacheable
    at_arp.o(i.arp_cache_early) refers to at_lib.o(i.is_subnet) for is_subnet
    at_arp.o(i.arp_cache_early) refers to at_arp.o(i.arp_cache_alloc) for arp_cache_alloc
    at_arp.o(i.arp_cache_early) refers to at_arp.o(i.arp_send_request) for arp_send_request
[...]
    printf0.o(i.__0fprintf$0) refers to http_demo.o(.text) for fputc
    printf0.o(i.__0printf$0) refers to printf0.o(i._printf_core) for _printf_core
    printf0.o(i.__0printf$0) refers to http_demo.o(.text) for fputc
    printf0.o(i.__0printf$0) refers to stdout.o(.data) for __stdout
    printf0.o(i.__0snprintf$0) refers to printf0.o(i._printf_core) for _printf_core
    printf0.o(i.__0snprintf$0) refers to printf0.o(i._snputc) for _snputc
    printf0.o(i.__0sprintf$0) refers to printf0.o(i._printf_core) for _printf_core
    printf0.o(i.__0sprintf$0) refers to printf0.o(i._sputc) for _sputc
    printf0.o(i.__0vfprintf$0) refers to printf0.o(i._printf_core) for _printf_core
    printf0.o(i.__0vfprintf$0) refers to http_demo.o(.text) for fputc
    printf0.o(i.__0vprintf$0) refers to printf0.o(i._printf_core) for _printf_core
    printf0.o(i.__0vprintf$0) refers to http_demo.o(.text) for fputc
    printf0.o(i.__0vprintf$0) refers to stdout.o(.data) for __stdout
    printf0.o(i.__0vsnprintf$0) refers to printf0.o(i._printf_core) for _printf_core
    printf0.o(i.__0vsnprintf$0) refers to printf0.o(i._snputc) for _snputc
    printf0.o(i.__0vsprintf$0) refers to printf0.o(i._printf_core) for _printf_core
    printf0.o(i.__0vsprintf$0) refers to printf0.o(i._sputc) for _sputc
    printf1.o(i.__0fprintf$1) refers to printf1.o(i._printf_core) for _printf_core
    printf1.o(i.__0fprintf$1) refers to http_demo.o(.text) for fputc
    printf1.o(i.__0printf$1) refers to printf1.o(i._printf_core) for _printf_core
    printf1.o(i.__0printf$1) refers to http_demo.o(.text) for fputc
    printf1.o(i.__0printf$1) refers to stdout.o(.data) for __stdout
    printf1.o(i.__0snprintf$1) refers to printf1.o(i._printf_core) for _printf_core
    printf1.o(i.__0snprintf$1) refers to printf1.o(i._snputc) for _snputc
    printf1.o(i.__0sprintf$1) refers to printf1.o(i._printf_core) for _printf_core
    printf1.o(i.__0sprintf$1) refers to printf1.o(i._sputc) for _sputc
    printf1.o(i.__0vfprintf$1) refers to printf1.o(i._printf_core) for _printf_core
    printf1.o(i.__0vfprintf$1) refers to http_demo.o(.text) for fputc
    printf1.o(i.__0vprintf$1) refers to printf1.o(i._printf_core) for _printf_core
    printf1.o(i.__0vprintf$1) refers to http_demo.o(.text) for fputc
    printf1.o(i.__0vprintf$1) refers to stdout.o(.data) for __stdout
    printf1.o(i.__0vsnprintf$1) refers to printf1.o(i._printf_core) for _printf_core
    printf1.o(i.__0vsnprintf$1) refers to printf1.o(i._snputc) for _snputc
    printf1.o(i.__0vsprintf$1) refers to printf1.o(i._printf_core) for _printf_core
    printf1.o(i.__0vsprintf$1) refers to printf1.o(i._sputc) for _sputc
    printf1.o(i._printf_core) refers to uidiv.o(.text) for __aeabi_uidivmod
    printf2.o(i.__0fprintf$2) refers to printf2.o(i._printf_core) for _printf_core
    printf2.o(i.__0fprintf$2) refers to http_demo.o(.text) for fputc
    printf2.o(i.__0printf$2) refers to printf2.o(i._printf_core) for _printf_core
    printf2.o(i.__0printf$2) refers to http_demo.o(.text) for fputc
    printf2.o(i.__0printf$2) refers to stdout.o(.data) for __stdout
    printf2.o(i.__0snprintf$2) refers to printf2.o(i._printf_core) for _printf_core
    printf2.o(i.__0snprintf$2) refers to printf2.o(i._snputc) for _snputc
    printf2.o(i.__0sprintf$2) refers to printf2.o(i._printf_core) for _printf_core
    printf2.o(i.__0sprintf$2) refers to printf2.o(i._sputc) for _sputc
    printf2.o(i.__0vfprintf$2) refers to printf2.o(i._printf_core) for _printf_core
    printf2.o(i.__0vfprintf$2) refers to http_demo.o(.text) for fputc
    printf2.o(i.__0vprintf$2) refers to printf2.o(i._printf_core) for _printf_core
    printf2.o(i.__0vprintf$2) refers to http_demo.o(.text) for fputc
    printf2.o(i.__0vprintf$2) refers to stdout.o(.data) for __stdout
    printf2.o(i.__0vsnprintf$2) refers to printf2.o(i._printf_core) for _printf_core
    printf2.o(i.__0vsnprintf$2) refers to printf2.o(i._snputc) for _snputc
    printf2.o(i.__0vsprintf$2) refers to printf2.o(i._printf_core) for _printf_core
    printf2.o(i.__0vsprintf$2) refers to printf2.o(i._sputc) for _sputc
    printf3.o(i.__0fprintf$3) refers to printf3.o(i._printf_core) for _printf_core
    printf3.o(i.__0fprintf$3) refers to http_demo.o(.text) for fputc
    printf3.o(i.__0printf$3) refers to printf3.o(i._printf_core) for _printf_core
    printf3.o(i.__0printf$3) refers to http_demo.o(.text) for fputc
    printf3.o(i.__0printf$3) refers to stdout.o(.data) for __stdout
    printf3.o(i.__0snprintf$3) refers to printf3.o(i._printf_core) for _printf_core
    printf3.o(i.__0snprintf$3) refers to printf3.o(i._snputc) for _snputc
    printf3.o(i.__0sprintf$3) refers to printf3.o(i._printf_core) for _printf_core
    printf3.o(i.__0sprintf$3) refers to printf3.o(i._sputc) for _sputc
    printf3.o(i.__0vfprintf$3) refers to printf3.o(i._printf_core) for _printf_core
    printf3.o(i.__0vfprintf$3) refers to http_demo.o(.text) for fputc
    printf3.o(i.__0vprintf$3) refers to printf3.o(i._printf_core) for _printf_core
    printf3.o(i.__0vprintf$3) refers to http_demo.o(.text) for fputc
    printf3.o(i.__0vprintf$3) refers to stdout.o(.data) for __stdout
    printf3.o(i.__0vsnprintf$3) refers to printf3.o(i._printf_core) for _printf_core
    printf3.o(i.__0vsnprintf$3) refers to printf3.o(i._snputc) for _snputc
    printf3.o(i.__0vsprintf$3) refers to printf3.o(i._printf_core) for _printf_core
    printf3.o(i.__0vsprintf$3) refers to printf3.o(i._sputc) for _sputc
    printf3.o(i._printf_core) refers to uidiv.o(.text) for __aeabi_uidivmod
    printf4.o(i.__0fprintf$4) refers to printf4.o(i._printf_core) for _printf_core
    printf4.o(i.__0fprintf$4) refers to http_demo.o(.text) for fputc
    printf4.o(i.__0printf$4) refers to printf4.o(i._printf_core) for _printf_core
    printf4.o(i.__0printf$4) refers to http_demo.o(.text) for fputc
    printf4.o(i.__0printf$4) refers to stdout.o(.data) for __stdout
    printf4.o(i.__0snprintf$4) refers to printf4.o(i._printf_core) for _printf_core
    printf4.o(i.__0snprintf$4) refers to printf4.o(i._snputc) for _snputc
    printf4.o(i.__0sprintf$4) refers to printf4.o(i._printf_core) for _printf_core
    printf4.o(i.__0sprintf$4) refers to printf4.o(i._sputc) for _sputc
    printf4.o(i.__0vfprintf$4) refers to printf4.o(i._printf_core) for _printf_core
    printf4.o(i.__0vfprintf$4) refers to http_demo.o(.text) for fputc
    printf4.o(i.__0vprintf$4) refers to printf4.o(i._printf_core) for _printf_core
    printf4.o(i.__0vprintf$4) refers to http_demo.o(.text) for fputc
    printf4.o(i.__0vprintf$4) refers to stdout.o(.data) for __stdout
    printf4.o(i.__0vsnprintf$4) refers to printf4.o(i._printf_core) for _printf_core
    printf4.o(i.__0vsnprintf$4) refers to printf4.o(i._snputc) for _snputc
    printf4.o(i.__0vsprintf$4) refers to printf4.o(i._printf_core) for _printf_core
    printf4.o(i.__0vsprintf$4) refers to printf4.o(i._sputc) for _sputc
    printf4.o(i._printf_core) refers to uldiv.o(.text) for __aeabi_uldivmod
    printf5.o(i.__0fprintf$5) refers to printf5.o(i._printf_core) for _printf_core
    printf5.o(i.__0fprintf$5) refers to http_demo.o(.text) for fputc
    printf5.o(i.__0printf$5) refers to printf5.o(i._printf_core) for _printf_core
    printf5.o(i.__0printf$5) refers to http_demo.o(.text) for fputc
    printf5.o(i.__0printf$5) refers to stdout.o(.data) for __stdout
    printf5.o(i.__0snprintf$5) refers to printf5.o(i._printf_core) for _printf_core
    printf5.o(i.__0snprintf$5) refers to printf5.o(i._snputc) for _snputc
    printf5.o(i.__0sprintf$5) refers to printf5.o(i._printf_core) for _printf_core
    printf5.o(i.__0sprintf$5) refers to printf5.o(i._sputc) for _sputc
    printf5.o(i.__0vfprintf$5) refers to printf5.o(i._printf_core) for _printf_core
    printf5.o(i.__0vfprintf$5) refers to http_demo.o(.text) for fputc
    printf5.o(i.__0vprintf$5) refers to printf5.o(i._printf_core) for _printf_core
    printf5.o(i.__0vprintf$5) refers to http_demo.o(.text) for fputc
    printf5.o(i.__0vprintf$5) refers to stdout.o(.data) for __stdout
    printf5.o(i.__0vsnprintf$5) refers to printf5.o(i._printf_core) for _printf_core
    printf5.o(i.__0vsnprintf$5) refers to printf5.o(i._snputc) for _snputc
    printf5.o(i.__0vsprintf$5) refers to printf5.o(i._printf_core) for _printf_core
    printf5.o(i.__0vsprintf$5) refers to printf5.o(i._sputc) for _sputc
    printf5.o(i._printf_core) refers to uldiv.o(.text) for __aeabi_uldivmod
    printf6.o(i.__0fprintf$6) refers to printf6.o(i._printf_core) for _printf_core
    printf6.o(i.__0fprintf$6) refers to http_demo.o(.text) for fputc
    printf6.o(i.__0printf$6) refers to printf6.o(i._printf_core) for _printf_core
    printf6.o(i.__0printf$6) refers to http_demo.o(.text) for fputc
    printf6.o(i.__0printf$6) refers to stdout.o(.data) for __stdout
    printf6.o(i.__0snprintf$6) refers to printf6.o(i._printf_core) for _printf_core
    printf6.o(i.__0snprintf$6) refers to printf6.o(i._snputc) for _snputc
    printf6.o(i.__0sprintf$6) refers to printf6.o(i._printf_core) for _printf_core
    printf6.o(i.__0sprintf$6) refers to printf6.o(i._sputc) for _sputc
    printf6.o(i.__0vfprintf$6) refers to printf6.o(i._printf_core) for _printf_core
    printf6.o(i.__0vfprintf$6) refers to http_demo.o(.text) for fputc
    printf6.o(i.__0vprintf$6) refers to printf6.o(i._printf_core) for _printf_core
    printf6.o(i.__0vprintf$6) refers to http_demo.o(.text) for fputc
    printf6.o(i.__0vprintf$6) refers to stdout.o(.data) for __stdout
    printf6.o(i.__0vsnprintf$6) refers to printf6.o(i._printf_core) for _printf_core
    printf6.o(i.__0vsnprintf$6) refers to printf6.o(i._snputc) for _snputc
    printf6.o(i.__0vsprintf$6) refers to printf6.o(i._printf_core) for _printf_core
    printf6.o(i.__0vsprintf$6) refers to printf6.o(i._sputc) for _sputc
    printf6.o(i._printf_core) refers to printf6.o(i._printf_pre_padding) for _printf_pre_padding
    printf6.o(i._printf_core) refers to uidiv.o(.text) for __aeabi_uidivmod
    printf6.o(i._printf_core) refers to printf6.o(i._printf_post_padding) for _printf_post_padding
    printf7.o(i.__0fprintf$7) refers to printf7.o(i._printf_core) for _printf_core
    printf7.o(i.__0fprintf$7) refers to http_demo.o(.text) for fputc
    printf7.o(i.__0printf$7) refers to printf7.o(i._printf_core) for _printf_core
    printf7.o(i.__0printf$7) refers to http_demo.o(.text) for fputc
    printf7.o(i.__0printf$7) refers to stdout.o(.data) for __stdout
    printf7.o(i.__0snprintf$7) refers to printf7.o(i._printf_core) for _printf_core
    printf7.o(i.__0snprintf$7) refers to printf7.o(i._snputc) for _snputc
    printf7.o(i.__0sprintf$7) refers to printf7.o(i._printf_core) for _printf_core
    printf7.o(i.__0sprintf$7) refers to printf7.o(i._sputc) for _sputc
    printf7.o(i.__0vfprintf$7) refers to printf7.o(i._printf_core) for _printf_core
    printf7.o(i.__0vfprintf$7) refers to http_demo.o(.text) for fputc
    printf7.o(i.__0vprintf$7) refers to printf7.o(i._printf_core) for _printf_core
    printf7.o(i.__0vprintf$7) refers to http_demo.o(.text) for fputc
    printf7.o(i.__0vprintf$7) refers to stdout.o(.data) for __stdout
    printf7.o(i.__0vsnprintf$7) refers to printf7.o(i._printf_core) for _printf_core
    printf7.o(i.__0vsnprintf$7) refers to printf7.o(i._snputc) for _snputc
    printf7.o(i.__0vsprintf$7) refers to printf7.o(i._printf_core) for _printf_core
    printf7.o(i.__0vsprintf$7) refers to printf7.o(i._sputc) for _sputc
    printf7.o(i._printf_core) refers to printf7.o(i._printf_pre_padding) for _printf_pre_padding
    printf7.o(i._printf_core) refers to uldiv.o(.text) for __aeabi_uldivmod
    printf7.o(i._printf_core) refers to printf7.o(i._printf_post_padding) for _printf_post_padding
    printf8.o(i.__0fprintf$8) refers to printf8.o(i._printf_core) for _printf_core
    printf8.o(i.__0fprintf$8) refers to http_demo.o(.text) for fputc
    printf8.o(i.__0printf$8) refers to printf8.o(i._printf_core) for _printf_core
    printf8.o(i.__0printf$8) refers to http_demo.o(.text) for fputc
    printf8.o(i.__0printf$8) refers to stdout.o(.data) for __stdout
    printf8.o(i.__0snprintf$8) refers to printf8.o(i._printf_core) for _printf_core
    printf8.o(i.__0snprintf$8) refers to printf8.o(i._snputc) for _snputc
    printf8.o(i.__0sprintf$8) refers to printf8.o(i._printf_core) for _printf_core
    printf8.o(i.__0sprintf$8) refers to printf8.o(i._sputc) for _sputc
    printf8.o(i.__0vfprintf$8) refers to printf8.o(i._printf_core) for _printf_core
    printf8.o(i.__0vfprintf$8) refers to http_demo.o(.text) for fputc
    printf8.o(i.__0vprintf$8) refers to printf8.o(i._printf_core) for _printf_core
    printf8.o(i.__0vprintf$8) refers to http_demo.o(.text) for fputc
    printf8.o(i.__0vprintf$8) refers to stdout.o(.data) for __stdout
    printf8.o(i.__0vsnprintf$8) refers to printf8.o(i._printf_core) for _printf_core
    printf8.o(i.__0vsnprintf$8) refers to printf8.o(i._snputc) for _snputc
    printf8.o(i.__0vsprintf$8) refers to printf8.o(i._printf_core) for _printf_core
    printf8.o(i.__0vsprintf$8) refers to printf8.o(i._sputc) for _sputc
    printf8.o(i._printf_core) refers to printf8.o(i._printf_pre_padding) for _printf_pre_padding
    printf8.o(i._printf_core) refers to uldiv.o(.text) for __aeabi_uldivmod
    printf8.o(i._printf_core) refers to printf8.o(i._printf_post_padding) for _printf_post_padding
    printfa.o(i.__0fprintf) refers (Special) to iusefp.o(.text) for __I$use$fp
    printfa.o(i.__0fprintf) refers to printfa.o(i._printf_core) for _printf_core
    printfa.o(i.__0fprintf) refers to http_demo.o(.text) for fputc
    printfa.o(i.__0printf) refers (Special) to iusefp.o(.text) for __I$use$fp
    printfa.o(i.__0printf) refers to printfa.o(i._printf_core) for _printf_core
    printfa.o(i.__0printf) refers to http_demo.o(.text) for fputc
    printfa.o(i.__0printf) refers to stdout.o(.data) for __stdout
    printfa.o(i.__0snprintf) refers (Special) to iusefp.o(.text) for __I$use$fp
    printfa.o(i.__0snprintf) refers to printfa.o(i._printf_core) for _printf_core
    printfa.o(i.__0snprintf) refers to printfa.o(i._snputc) for _snputc
    printfa.o(i.__0sprintf) refers (Special) to iusefp.o(.text) for __I$use$fp
    printfa.o(i.__0sprintf) refers to printfa.o(i._printf_core) for _printf_core
    printfa.o(i.__0sprintf) refers to printfa.o(i._sputc) for _sputc
    printfa.o(i.__0vfprintf) refers (Special) to iusefp.o(.text) for __I$use$fp
    printfa.o(i.__0vfprintf) refers to printfa.o(i._printf_core) for _printf_core
    printfa.o(i.__0vfprintf) refers to http_demo.o(.text) for fputc
    printfa.o(i.__0vprintf) refers (Special) to iusefp.o(.text) for __I$use$fp
    printfa.o(i.__0vprintf) refers to printfa.o(i._printf_core) for _printf_core
    printfa.o(i.__0vprintf) refers to http_demo.o(.text) for fputc
    printfa.o(i.__0vprintf) refers to stdout.o(.data) for __stdout
    printfa.o(i.__0vsnprintf) refers (Special) to iusefp.o(.text) for __I$use$fp
    printfa.o(i.__0vsnprintf) refers to printfa.o(i._printf_core) for _printf_core
    printfa.o(i.__0vsnprintf) refers to printfa.o(i._snputc) for _snputc
    printfa.o(i.__0vsprintf) refers (Special) to iusefp.o(.text) for __I$use$fp
    printfa.o(i.__0vsprintf) refers to printfa.o(i._printf_core) for _printf_core
    printfa.o(i.__0vsprintf) refers to printfa.o(i._sputc) for _sputc
    printfa.o(i._fp_digits) refers (Special) to iusefp.o(.text) for __I$use$fp
    printfa.o(i._fp_digits) refers to dmul.o(.text) for __aeabi_dmul
    printfa.o(i._fp_digits) refers to ddiv.o(.text) for __aeabi_ddiv
    printfa.o(i._fp_digits) refers to cdrcmple.o(.text) for __aeabi_cdrcmple
    printfa.o(i._fp_digits) refers to dadd.o(.text) for __aeabi_dadd
    printfa.o(i._fp_digits) refers to dfixul.o(.text) for __aeabi_d2ulz
    printfa.o(i._fp_digits) refers to uldiv.o(.text) for __aeabi_uldivmod
    printfa.o(i._printf_core) refers (Special) to iusefp.o(.text) for __I$use$fp
    printfa.o(i._printf_core) refers to printfa.o(i._printf_pre_padding) for _printf_pre_padding
    printfa.o(i._printf_core) refers to uldiv.o(.text) for __aeabi_uldivmod
    printfa.o(i._printf_core) refers to printfa.o(i._printf_post_padding) for _printf_post_padding
    printfa.o(i._printf_core) refers to printfa.o(i._fp_digits) for _fp_digits
    printfa.o(i._printf_core) refers to uidiv.o(.text) for __aeabi_uidivmod
    printfa.o(i._printf_post_padding) refers (Special) to iusefp.o(.text) for __I$use$fp
    printfa.o(i._printf_pre_padding) refers (Special) to iusefp.o(.text) for __I$use$fp
    printfa.o(i._snputc) refers (Special) to iusefp.o(.text) for __I$use$fp
    printfa.o(i._sputc) refers (Special) to iusefp.o(.text) for __I$use$fp
    dmul.o(.text) refers (Special) to iusefp.o(.text) for __I$use$fp
    dmul.o(.text) refers to depilogue.o(.text) for _double_epilogue
    dflti.o(.text) refers (Special) to iusefp.o(.text) for __I$use$fp
    dflti.o(.text) refers to depilogue.o(.text) for _double_epilogue
    dfixui.o(.text) refers (Special) to iusefp.o(.text) for __I$use$fp
    dfixui.o(.text) refers to llushr.o(.text) for __aeabi_llsr
    entry2.o(.ARM.Collect$$$$00000001) refers to entry2.o(.ARM.Collect$$$$00002712) for __lit__00000000
    entry2.o(.ARM.Collect$$$$00002712) refers to startup_stm32f10x_cl.o(STACK) for __initial_sp
    entry2.o(__vectab_stack_and_reset_area) refers to startup_stm32f10x_cl.o(STACK) for __initial_sp
    entry2.o(__vectab_stack_and_reset_area) refers to entry.o(.ARM.Collect$$$$00000000) for __main
    entry5.o(.ARM.Collect$$$$00000004) refers to init.o(.text) for __scatterload
    entry8.o(.ARM.Collect$$$$00000009) refers to http_demo.o(.text) for main
    uldiv.o(.text) refers to llushr.o(.text) for __aeabi_llsr
    uldiv.o(.text) refers to llshl.o(.text) for __aeabi_llsl
    depilogue.o(.text) refers to llshl.o(.text) for __aeabi_llsl
    depilogue.o(.text) refers to llushr.o(.text) for __aeabi_llsr
    dadd.o(.text) refers to llshl.o(.text) for __aeabi_llsl
    dadd.o(.text) refers to llsshr.o(.text) for __aeabi_lasr
    dadd.o(.text) refers to depilogue.o(.text) for _double_epilogue
    ddiv.o(.text) refers to depilogue.o(.text) for _double_round
    dfixul.o(.text) refers to llushr.o(.text) for __aeabi_llsr
    dfixul.o(.text) refers to llshl.o(.text) for __aeabi_llsl
    init.o(.text) refers to entry5.o(.ARM.Collect$$$$00000004) for __main_after_scatterload


==============================================================================

Removing Unused input sections from the image.

    Removing http_demo.o(.rev16_text), (4 bytes).
    Removing http_demo.o(.revsh_text), (4 bytes).
    Removing http_demo.o(.data), (34 bytes).
    Removing http_demo.o(.data), (4 bytes).
    Removing http_demo.o(.data), (4 bytes).
    Removing http_demo.o(.data), (4 bytes).
    Removing startup_stm32f10x_cl.o(HEAP), (0 bytes).
    Removing eth_stm32x.o(.rev16_text), (4 bytes).
    Removing eth_stm32x.o(.revsh_text), (4 bytes).
    Removing system_stm32f10x_cl.o(.rev16_text), (4 bytes).
    Removing system_stm32f10x_cl.o(.revsh_text), (4 bytes).
    Removing glcd.o(.rev16_text), (4 bytes).
    Removing glcd.o(.revsh_text), (4 bytes).
    Removing at_arp.o(i.arp_cache_ip), (52 bytes).
    Removing at_arp.o(i.arp_cache_mac), (136 bytes).
    Removing at_arp.o(i.arp_get_hwadr), (60 bytes).
    Removing at_arp.o(i.arp_get_info), (104 bytes).
    Removing at_arp.o(i.arp_probe), (20 bytes).
    Removing at_icmp.o(i.icmp_ping), (104 bytes).
    Removing at_tcp.o(i.tcp_abort), (88 bytes).
    Removing at_tcp.o(i.tcp_get_adr), (32 bytes).
    Removing at_tcp.o(i.tcp_get_state), (40 bytes).
    Removing at_tcp.o(i.tcp_ioctl_socket), (64 bytes).
    Removing at_tcp.o(i.tcp_listen), (116 bytes).
    Removing at_tcp.o(i.tcp_release_socket), (60 bytes).
    Removing at_tcp.o(i.tcp_reset_tout), (48 bytes).
    Removing at_tcp.o(i.tcp_reset_window), (80 bytes).
    Removing at_udp.o(i.udp_close), (44 bytes).
    Removing at_udp.o(i.udp_free_buf), (6 bytes).
    Removing at_udp.o(i.udp_keep_buf), (60 bytes).
    Removing at_udp.o(i.udp_mcast_ttl), (44 bytes).
    Removing at_udp.o(i.udp_release_socket), (48 bytes).
    Removing at_ethernet.o(i.eth_get_adr), (4 bytes).
    Removing at_system.o(.emb_text), (0 bytes).
    Removing at_lib.o(i.asc_to_b64), (64 bytes).
    Removing at_lib.o(i.b64_to_asc), (120 bytes).
    Removing at_lib.o(i.bin_to_b64), (66 bytes).
    Removing at_lib.o(i.encode_b64), (76 bytes).
    Removing at_lib.o(i.mem_rcopy), (32 bytes).
    Removing at_lib.o(i.nrd_u16be), (10 bytes).
    Removing at_lib.o(i.nwr_u16be), (8 bytes).
    Removing at_lib.o(i.str_copy), (18 bytes).
    Removing at_lib.o(i.str_crc32), (26 bytes).
    Removing at_lib.o(i.str_pos), (22 bytes).
    Removing at_lib.o(i.str_scomp), (26 bytes).
    Removing at_lib.o(i.str_ucomp), (46 bytes).
    Removing dadd.o(.text), (332 bytes).
    Removing ddiv.o(.text), (222 bytes).
    Removing dfixul.o(.text), (48 bytes).
    Removing cdrcmple.o(.text), (40 bytes).

50 unused section(s) (total 2444 bytes) removed from the image.

==============================================================================

Image Symbol Table

    Local Symbols

    Symbol Name                              Value     Ov Type        Size  Object(Section)

    ../../../cmprslib/lz77c.c                0x00000000   Number         0  __dclz77c.o ABSOLUTE
    ../../microlib/division.c                0x00000000   Number         0  uidiv.o ABSOLUTE
    ../../microlib/division.c                0x00000000   Number         0  uldiv.o ABSOLUTE
    ../../microlib/fpadd.c                   0x00000000   Number         0  dadd.o ABSOLUTE
    ../../microlib/fpdiv.c                   0x00000000   Number         0  ddiv.o ABSOLUTE
    ../../microlib/fpepilogue.c              0x00000000   Number         0  depilogue.o ABSOLUTE
    ../../microlib/fpfix.c                   0x00000000   Number         0  dfixul.o ABSOLUTE
    ../../microlib/fpfix.c                   0x00000000   Number         0  dfixui.o ABSOLUTE
    ../../microlib/fpflt.c                   0x00000000   Number         0  dflti.o ABSOLUTE
    ../../microlib/fpmul.c                   0x00000000   Number         0  dmul.o ABSOLUTE
    ../../microlib/init/entry.s              0x00000000   Number         0  entry2.o ABSOLUTE
    ../../microlib/init/entry.s              0x00000000   Number         0  entry5.o ABSOLUTE
    ../../microlib/init/entry.s              0x00000000   Number         0  entry7a.o ABSOLUTE
    ../../microlib/init/entry.s              0x00000000   Number         0  entry7b.o ABSOLUTE
    ../../microlib/init/entry.s              0x00000000   Number         0  entry8.o ABSOLUTE
    ../../microlib/init/entry.s              0x00000000   Number         0  entry.o ABSOLUTE
    ../../microlib/longlong.c                0x00000000   Number         0  llsshr.o ABSOLUTE
    ../../microlib/longlong.c                0x00000000   Number         0  llushr.o ABSOLUTE
    ../../microlib/longlong.c                0x00000000   Number         0  llshl.o ABSOLUTE
    ../../microlib/printf/printf.c           0x00000000   Number         0  printf3.o ABSOLUTE
    ../../microlib/printf/printf.c           0x00000000   Number         0  printf4.o ABSOLUTE
    ../../microlib/printf/printf.c           0x00000000   Number         0  printf0.o ABSOLUTE
    ../../microlib/printf/printf.c           0x00000000   Number         0  printf5.o ABSOLUTE
    ../../microlib/printf/printf.c           0x00000000   Number         0  printf6.o ABSOLUTE
    ../../microlib/printf/printf.c           0x00000000   Number         0  printf7.o ABSOLUTE
    ../../microlib/printf/printf.c           0x00000000   Number         0  printf8.o ABSOLUTE
    ../../microlib/printf/printf.c           0x00000000   Number         0  printfa.o ABSOLUTE
    ../../microlib/printf/printf.c           0x00000000   Number         0  printf1.o ABSOLUTE
    ../../microlib/printf/printf.c           0x00000000   Number         0  printf2.o ABSOLUTE
    ../../microlib/printf/printf.c           0x00000000   Number         0  printfb.o ABSOLUTE
    ../../microlib/printf/stubs.s            0x00000000   Number         0  stubs.o ABSOLUTE
    ../../microlib/stdio/streams.c           0x00000000   Number         0  stdout.o ABSOLUTE
    ../../microlib/string/memcpy.c           0x00000000   Number         0  memcpya.o ABSOLUTE
    ../../microlib/string/memcpy.c           0x00000000   Number         0  memcpyb.o ABSOLUTE
    ../../microlib/stubs.s                   0x00000000   Number         0  iusefp.o ABSOLUTE
    ..\Library\ETH_STM32x.c                  0x00000000   Number         0  eth_stm32x.o ABSOLUTE
    ..\Library\GLCD.c                        0x00000000   Number         0  glcd.o ABSOLUTE
    ..\Library\system_stm32f10x_cl.c         0x00000000   Number         0  system_stm32f10x_cl.o ABSOLUTE
    ..\\Library\\ETH_STM32x.c                0x00000000   Number         0  eth_stm32x.o ABSOLUTE
    ..\\Library\\GLCD.c                      0x00000000   Number         0  glcd.o ABSOLUTE
    ..\\Library\\system_stm32f10x_cl.c       0x00000000   Number         0  system_stm32f10x_cl.o ABSOLUTE
    HTTP_demo.c                              0x00000000   Number         0  http_demo.o ABSOLUTE
    HTTP_demo.c                              0x00000000   Number         0  http_demo.o ABSOLUTE
    Net_Config.c                             0x00000000   Number         0  net_config.o ABSOLUTE
    RL_ARM.s                                 0x00000000   Number         0  at_ip.o ABSOLUTE
    RL_ARM.s                                 0x00000000   Number         0  at_icmp.o ABSOLUTE
    RL_ARM.s                                 0x00000000   Number         0  at_arp.o ABSOLUTE
    RL_ARM.s                                 0x00000000   Number         0  at_mem.o ABSOLUTE
    RL_ARM.s                                 0x00000000   Number         0  at_ethernet.o ABSOLUTE
    RL_ARM.s                                 0x00000000   Number         0  at_udp.o ABSOLUTE
    RL_ARM.s                                 0x00000000   Number         0  at_nbns.o ABSOLUTE
    RL_ARM.s                                 0x00000000   Number         0  at_lib.o ABSOLUTE
    RL_ARM.s                                 0x00000000   Number         0  at_tcp.o ABSOLUTE
    RL_ARM.s                                 0x00000000   Number         0  at_system.o ABSOLUTE
    SRC\\at_System.c                         0x00000000   Number         0  at_system.o ABSOLUTE
    SRC\at_ARP.c                             0x00000000   Number         0  at_arp.o ABSOLUTE
    SRC\at_Ethernet.c                        0x00000000   Number         0  at_ethernet.o ABSOLUTE
    SRC\at_ICMP.c                            0x00000000   Number         0  at_icmp.o ABSOLUTE
    SRC\at_IP.c                              0x00000000   Number         0  at_ip.o ABSOLUTE
    SRC\at_Lib.c                             0x00000000   Number         0  at_lib.o ABSOLUTE
    SRC\at_Mem.c                             0x00000000   Number         0  at_mem.o ABSOLUTE
    SRC\at_NBNS.c                            0x00000000   Number         0  at_nbns.o ABSOLUTE
    SRC\at_System.c                          0x00000000   Number         0  at_system.o ABSOLUTE
    SRC\at_TCP.c                             0x00000000   Number         0  at_tcp.o ABSOLUTE
    SRC\at_UDP.c                             0x00000000   Number         0  at_udp.o ABSOLUTE
    cdrcmple.s                               0x00000000   Number         0  cdrcmple.o ABSOLUTE
    dc.s                                     0x00000000   Number         0  dc.o ABSOLUTE
    handlers.s                               0x00000000   Number         0  handlers.o ABSOLUTE
    init.s                                   0x00000000   Number         0  init.o ABSOLUTE
    startup_stm32f10x_cl.s                   0x00000000   Number         0  startup_stm32f10x_cl.o ABSOLUTE
    RESET                                    0x08000000   Section      336  startup_stm32f10x_cl.o(RESET)
    .ARM.Collect$$$$00000000                 0x08000150   Section        0  entry.o(.ARM.Collect$$$$00000000)
    .ARM.Collect$$$$00000001                 0x08000150   Section        4  entry2.o(.ARM.Collect$$$$00000001)
    .ARM.Collect$$$$00000004                 0x08000154   Section        4  entry5.o(.ARM.Collect$$$$00000004)
    .ARM.Collect$$$$00000008                 0x08000158   Section        0  entry7b.o(.ARM.Collect$$$$00000008)
    .ARM.Collect$$$$00000009                 0x08000158   Section        8  entry8.o(.ARM.Collect$$$$00000009)
    .ARM.Collect$$$$00002712                 0x08000160   Section        4  entry2.o(.ARM.Collect$$$$00002712)
    __lit__00000000                          0x08000160   Data           4  entry2.o(.ARM.Collect$$$$00002712)
    .text                                    0x08000164   Section        0  http_demo.o(.text)
    init_io                                  0x08000165   Thumb Code   256  http_demo.o(.text)
    init                                     0x08000419   Thumb Code    90  http_demo.o(.text)
    .text                                    0x080004f4   Section        0  net_config.o(.text)
    .text                                    0x08000540   Section       28  startup_stm32f10x_cl.o(.text)
    Default_Handler                          0x08000557   Thumb Code     2  startup_stm32f10x_cl.o(.text)
    .text                                    0x0800055c   Section        0  eth_stm32x.o(.text)
    rx_descr_init                            0x0800080d   Thumb Code    70  eth_stm32x.o(.text)
    read_PHY                                 0x08000853   Thumb Code    36  eth_stm32x.o(.text)
    write_PHY                                0x08000877   Thumb Code    34  eth_stm32x.o(.text)
    .text                                    0x0800091c   Section        0  system_stm32f10x_cl.o(.text)
    .text                                    0x08000a58   Section        0  glcd.o(.text)
    wr_dat                                   0x08000a59   Thumb Code    36  glcd.o(.text)
    wr_cmd                                   0x08000a7d   Thumb Code    38  glcd.o(.text)
    rd_dat                                   0x08000aa3   Thumb Code    58  glcd.o(.text)
    ili9341_set_window                       0x08000add   Thumb Code    80  glcd.o(.text)
    delay                                    0x08000e0d   Thumb Code    24  glcd.o(.text)
    .text                                    0x08000e7c   Section        0  memcpya.o(.text)
    .text                                    0x08000ea0   Section        0  dmul.o(.text)
    .text                                    0x08000f80   Section        0  dflti.o(.text)
    .text                                    0x08000fa2   Section        0  dfixui.o(.text)
    .text                                    0x08000fd0   Section        0  uldiv.o(.text)
    .text                                    0x08001032   Section        0  llushr.o(.text)
    .text                                    0x08001052   Section        0  iusefp.o(.text)
    .text                                    0x08001052   Section        0  depilogue.o(.text)
    .text                                    0x08001110   Section       36  init.o(.text)
    .text                                    0x08001134   Section        0  llshl.o(.text)
    .text                                    0x08001152   Section        0  __dclz77c.o(.text)
    i.__0printf$5                            0x080011b4   Section        0  printf5.o(i.__0printf$5)
    i.__scatterload_copy                     0x080011d4   Section       14  handlers.o(i.__scatterload_copy)
    i.__scatterload_null                     0x080011e2   Section        2  handlers.o(i.__scatterload_null)
    i.__scatterload_zeroinit                 0x080011e4   Section       14  handlers.o(i.__scatterload_zeroinit)
    i._printf_core                           0x080011f4   Section        0  printf5.o(i._printf_core)
    _printf_core                             0x080011f5   Thumb Code   676  printf5.o(i._printf_core)
    i.alloc_mem                              0x080014c4   Section        0  at_mem.o(i.alloc_mem)
    i.arp_cache_add                          0x08001580   Section        0  at_arp.o(i.arp_cache_add)
    i.arp_cache_alloc                        0x08001638   Section        0  at_arp.o(i.arp_cache_alloc)
    arp_cache_alloc                          0x08001639   Thumb Code   142  at_arp.o(i.arp_cache_alloc)
    i.arp_cache_early                        0x080016cc   Section        0  at_arp.o(i.arp_cache_early)
    i.arp_cache_find                         0x08001764   Section        0  at_arp.o(i.arp_cache_find)
    i.arp_cache_update                       0x08001818   Section        0  at_arp.o(i.arp_cache_update)
    i.arp_init                               0x0800190c   Section        0  at_arp.o(i.arp_init)
    i.arp_is_cacheable                       0x08001930   Section        0  at_arp.o(i.arp_is_cacheable)
    arp_is_cacheable                         0x08001931   Thumb Code    48  at_arp.o(i.arp_is_cacheable)
    i.arp_notify                             0x08001964   Section        0  at_arp.o(i.arp_notify)
    i.arp_proc_response                      0x08001980   Section        0  at_arp.o(i.arp_proc_response)
    arp_proc_response                        0x08001981   Thumb Code   130  at_arp.o(i.arp_proc_response)
    i.arp_process                            0x08001a08   Section        0  at_arp.o(i.arp_process)
    i.arp_send_reply                         0x08001b28   Section        0  at_arp.o(i.arp_send_reply)
    arp_send_reply                           0x08001b29   Thumb Code   150  at_arp.o(i.arp_send_reply)
    i.arp_send_request                       0x08001bc8   Section        0  at_arp.o(i.arp_send_request)
    arp_send_request                         0x08001bc9   Thumb Code   170  at_arp.o(i.arp_send_request)
    i.calc_chksum16be                        0x08001c80   Section        0  at_lib.o(i.calc_chksum16be)
    i.chksum16_buf                           0x08001c94   Section        0  at_lib.o(i.chksum16_buf)
    i.chksum16_val                           0x08001cbc   Section        0  at_lib.o(i.chksum16_val)
    i.eth_chk_adr                            0x08001cc8   Section        0  at_ethernet.o(i.eth_chk_adr)
    i.eth_init_link                          0x08001cd8   Section        0  at_ethernet.o(i.eth_init_link)
    i.eth_run_link                           0x08001d0c   Section        0  at_ethernet.o(i.eth_run_link)
    i.eth_send_frame                         0x08001de0   Section        0  at_ethernet.o(i.eth_send_frame)
    i.free_mem                               0x08001e88   Section        0  at_mem.o(i.free_mem)
    i.get_crc32                              0x08001f0c   Section        0  at_lib.o(i.get_crc32)
    get_crc32                                0x08001f0d   Thumb Code    36  at_lib.o(i.get_crc32)
    i.get_rnd32                              0x08001f34   Section        0  at_system.o(i.get_rnd32)
    i.icmp_init                              0x08001f50   Section        0  at_icmp.o(i.icmp_init)
    i.icmp_process                           0x08001f60   Section        0  at_icmp.o(i.icmp_process)
    i.icmp_run_engine                        0x0800202c   Section        0  at_icmp.o(i.icmp_run_engine)
    i.icmp_send_message                      0x08002074   Section        0  at_icmp.o(i.icmp_send_message)
    icmp_send_message                        0x08002075   Thumb Code   108  at_icmp.o(i.icmp_send_message)
    i.ifree_mem                              0x080020e4   Section        0  at_mem.o(i.ifree_mem)
    i.init_TcpNet                            0x0800211c   Section        0  at_system.o(i.init_TcpNet)
    i.init_mem                               0x08002148   Section        0  at_mem.o(i.init_mem)
    i.ip_chk_frame                           0x08002174   Section        0  at_ip.o(i.ip_chk_frame)
    i.ip_get_chksum                          0x0800223c   Section        0  at_ip.o(i.ip_get_chksum)
    ip_get_chksum                            0x0800223d   Thumb Code    10  at_ip.o(i.ip_get_chksum)
    i.ip_get_locadr                          0x08002248   Section        0  at_ip.o(i.ip_get_locadr)
    i.ip_init                                0x08002300   Section        0  at_ip.o(i.ip_init)
    i.ip_run_local                           0x0800230c   Section        0  at_ip.o(i.ip_run_local)
    i.ip_send_frame                          0x08002368   Section        0  at_ip.o(i.ip_send_frame)
    i.is_subnet                              0x080024b4   Section        0  at_lib.o(i.is_subnet)
    i.main_TcpNet                            0x080024c8   Section        0  at_system.o(i.main_TcpNet)
    i.mem_comp                               0x0800252c   Section        0  at_lib.o(i.mem_comp)
    i.mem_copy                               0x08002542   Section        0  at_lib.o(i.mem_copy)
    i.mem_crc32                              0x08002558   Section        0  at_lib.o(i.mem_crc32)
    i.mem_set                                0x08002578   Section        0  at_lib.o(i.mem_set)
    i.mem_test                               0x08002582   Section        0  at_lib.o(i.mem_test)
    i.nbns_init                              0x08002594   Section        0  at_nbns.o(i.nbns_init)
    i.nbns_listener                          0x080025bc   Section        0  at_nbns.o(i.nbns_listener)
    nbns_listener                            0x080025bd   Thumb Code   318  at_nbns.o(i.nbns_listener)
    i.nrd_u32be                              0x0800270c   Section        0  at_lib.o(i.nrd_u32be)
    i.nwr_u32be                              0x08002722   Section        0  at_lib.o(i.nwr_u32be)
    i.put_in_queue                           0x08002734   Section        0  at_ethernet.o(i.put_in_queue)
    i.resize_mem                             0x0800275c   Section        0  at_mem.o(i.resize_mem)
    i.str_up_case                            0x080027a4   Section        0  at_lib.o(i.str_up_case)
    i.tcp_check_send                         0x080027c0   Section        0  at_tcp.o(i.tcp_check_send)
    i.tcp_close                              0x08002800   Section        0  at_tcp.o(i.tcp_close)
    i.tcp_connect                            0x08002884   Section        0  at_tcp.o(i.tcp_connect)
    i.tcp_get_buf                            0x08002928   Section        0  at_tcp.o(i.tcp_get_buf)
    i.tcp_get_free_port                      0x08002938   Section        0  at_tcp.o(i.tcp_get_free_port)
    i.tcp_get_socket                         0x0800297c   Section        0  at_tcp.o(i.tcp_get_socket)
    i.tcp_init                               0x080029c4   Section        0  at_tcp.o(i.tcp_init)
    i.tcp_map_socket                         0x080029d8   Section        0  at_tcp.o(i.tcp_map_socket)
    tcp_map_socket                           0x080029d9   Thumb Code   150  at_tcp.o(i.tcp_map_socket)
    i.tcp_max_dsize                          0x08002a74   Section        0  at_tcp.o(i.tcp_max_dsize)
    i.tcp_poll_sockets                       0x08002a9c   Section        0  at_tcp.o(i.tcp_poll_sockets)
    i.tcp_process                            0x08002cb8   Section        0  at_tcp.o(i.tcp_process)
    i.tcp_process_opt                        0x08003128   Section        0  at_tcp.o(i.tcp_process_opt)
    tcp_process_opt                          0x08003129   Thumb Code   122  at_tcp.o(i.tcp_process_opt)
    i.tcp_send                               0x080031a8   Section        0  at_tcp.o(i.tcp_send)
    i.tcp_send_ctrl                          0x080032b4   Section        0  at_tcp.o(i.tcp_send_ctrl)
    tcp_send_ctrl                            0x080032b5   Thumb Code    34  at_tcp.o(i.tcp_send_ctrl)
    i.tcp_send_frame                         0x080032d8   Section        0  at_tcp.o(i.tcp_send_frame)
    tcp_send_frame                           0x080032d9   Thumb Code   262  at_tcp.o(i.tcp_send_frame)
    i.tcp_send_reset                         0x080033e4   Section        0  at_tcp.o(i.tcp_send_reset)
    tcp_send_reset                           0x080033e5   Thumb Code   124  at_tcp.o(i.tcp_send_reset)
    i.tcp_set_retransmit                     0x08003464   Section        0  at_tcp.o(i.tcp_set_retransmit)
    tcp_set_retransmit                       0x08003465   Thumb Code    18  at_tcp.o(i.tcp_set_retransmit)
    i.tcp_transit                            0x08003478   Section        0  at_tcp.o(i.tcp_transit)
    tcp_transit                              0x08003479   Thumb Code   108  at_tcp.o(i.tcp_transit)
    i.timer_tick                             0x080034e8   Section        0  at_system.o(i.timer_tick)
    i.udp_get_buf                            0x080034f4   Section        0  at_udp.o(i.udp_get_buf)
    i.udp_get_socket                         0x08003504   Section        0  at_udp.o(i.udp_get_socket)
    i.udp_init                               0x08003548   Section        0  at_udp.o(i.udp_init)
    i.udp_open                               0x08003560   Section        0  at_udp.o(i.udp_open)
    i.udp_port_in_use                        0x080035c8   Section        0  at_udp.o(i.udp_port_in_use)
    udp_port_in_use                          0x080035c9   Thumb Code    40  at_udp.o(i.udp_port_in_use)
    i.udp_process                            0x080035f4   Section        0  at_udp.o(i.udp_process)
    i.udp_send                               0x080036ac   Section        0  at_udp.o(i.udp_send)
    .constdata                               0x080037c8   Section     6650  http_demo.o(.constdata)
    .constdata                               0x080051c2   Section       60  net_config.o(.constdata)
    .constdata                               0x08005200   Section       16  net_config.o(.constdata)
    .constdata                               0x08005210   Section       12  net_config.o(.constdata)
    .constdata                               0x0800521c   Section        8  net_config.o(.constdata)
    .constdata                               0x08005224   Section       20  net_config.o(.constdata)
    .constdata                               0x08005238   Section        6  at_arp.o(.constdata)
    NullAdr                                  0x08005238   Data           6  at_arp.o(.constdata)
    .constdata                               0x0800523e   Section        8  at_ip.o(.constdata)
    IP_Localhost                             0x08005242   Data           4  at_ip.o(.constdata)
    .constdata                               0x08005246   Section        8  at_nbns.o(.constdata)
    nbns_ttllen                              0x08005246   Data           8  at_nbns.o(.constdata)
    .constdata                               0x0800524e   Section        6  at_ethernet.o(.constdata)
    .conststring                             0x08005254   Section       18  http_demo.o(.conststring)
    .data                                    0x20000000   Section       24  http_demo.o(.data)
    rem_IP                                   0x20000008   Data           4  http_demo.o(.data)
    bcount                                   0x2000000c   Data           4  http_demo.o(.data)
    .data                                    0x20000018   Section       16  net_config.o(.data)
    .data                                    0x20000028   Section        6  net_config.o(.data)
    .data                                    0x2000002e   Section        2  eth_stm32x.o(.data)
    TxBufIndex                               0x2000002e   Data           1  eth_stm32x.o(.data)
    RxBufIndex                               0x2000002f   Data           1  eth_stm32x.o(.data)
    .data                                    0x20000030   Section       20  system_stm32f10x_cl.o(.data)
    .data                                    0x20000044   Section     5380  glcd.o(.data)
    TextColor                                0x20000044   Data           2  glcd.o(.data)
    BackColor                                0x20000046   Data           2  glcd.o(.data)
    .data                                    0x20001548   Section        8  at_arp.o(.data)
    entry                                    0x20001548   Data           1  at_arp.o(.data)
    probe_ip                                 0x2000154c   Data           4  at_arp.o(.data)
    .data                                    0x20001550   Section       12  at_ip.o(.data)
    ip_id                                    0x20001550   Data           2  at_ip.o(.data)
    ip_control                               0x20001554   Data           8  at_ip.o(.data)
    .data                                    0x2000155c   Section        4  at_tcp.o(.data)
    socket                                   0x2000155c   Data           1  at_tcp.o(.data)
    port                                     0x2000155e   Data           2  at_tcp.o(.data)
    .data                                    0x20001560   Section        2  at_udp.o(.data)
    port                                     0x20001560   Data           2  at_udp.o(.data)
    .data                                    0x20001562   Section        1  at_nbns.o(.data)
    nbns_Socket                              0x20001562   Data           1  at_nbns.o(.data)
    .data                                    0x20001564   Section        8  at_mem.o(.data)
    mem_control                              0x20001564   Data           8  at_mem.o(.data)
    .data                                    0x2000156c   Section        4  stdout.o(.data)
    .bss                                     0x20001570   Section     8192  net_config.o(.bss)
    mem_pool                                 0x20001570   Data        8192  net_config.o(.bss)
    .bss                                     0x20003570   Section      140  net_config.o(.bss)
    arp_table                                0x20003570   Data         140  net_config.o(.bss)
    .bss                                     0x200035fc   Section       24  net_config.o(.bss)
    udp_scb                                  0x200035fc   Data          24  net_config.o(.bss)
    .bss                                     0x20003614   Section      352  net_config.o(.bss)
    tcp_scb                                  0x20003614   Data         352  net_config.o(.bss)
    .bss                                     0x20003774   Section     9312  eth_stm32x.o(.bss)
    Rx_Desc                                  0x20003774   Data          64  eth_stm32x.o(.bss)
    Tx_Desc                                  0x200037b4   Data          32  eth_stm32x.o(.bss)
    rx_buf                                   0x200037d4   Data        6144  eth_stm32x.o(.bss)
    tx_buf                                   0x20004fd4   Data        3072  eth_stm32x.o(.bss)
    .bss                                     0x20005bd4   Section       16  at_icmp.o(.bss)
    icmp_control                             0x20005bd4   Data          16  at_icmp.o(.bss)
    .bss                                     0x20005be4   Section      132  at_ethernet.o(.bss)
    eth_control                              0x20005be4   Data         132  at_ethernet.o(.bss)
    .bss                                     0x20005c68   Section       72  at_system.o(.bss)
    STACK                                    0x20005cb0   Section      512  startup_stm32f10x_cl.o(STACK)

    Global Symbols

    Symbol Name                              Value     Ov Type        Size  Object(Section)

    BuildAttributes$$THM_ISAv4$P$D$K$B$S$PE$A:L22UL41UL21$X:L11$S22US41US21$IEEE1$IW$USESV6$~STKCKD$USESV7$~SHL$OSPACE$ROPI$EBA8$MICROLIB$REQ8$PRES8$EABIv2 0x00000000   Number         0  anon$$obj.o ABSOLUTE
    __ARM_use_no_argv                        0x00000000   Number         0  http_demo.o ABSOLUTE
    _printf_a                                0x00000000   Number         0  stubs.o ABSOLUTE
    _printf_c                                0x00000000   Number         0  stubs.o ABSOLUTE
    _printf_charcount                        0x00000000   Number         0  stubs.o ABSOLUTE
    _printf_d                                0x00000000   Number         0  stubs.o ABSOLUTE
    _printf_e                                0x00000000   Number         0  stubs.o ABSOLUTE
    _printf_f                                0x00000000   Number         0  stubs.o ABSOLUTE
    _printf_flags                            0x00000000   Number         0  stubs.o ABSOLUTE
    _printf_fp_dec                           0x00000000   Number         0  stubs.o ABSOLUTE
    _printf_fp_hex                           0x00000000   Number         0  stubs.o ABSOLUTE
    _printf_g                                0x00000000   Number         0  stubs.o ABSOLUTE
    _printf_i                                0x00000000   Number         0  stubs.o ABSOLUTE
    _printf_int_dec                          0x00000000   Number         0  stubs.o ABSOLUTE
    _printf_l                                0x00000000   Number         0  stubs.o ABSOLUTE
    _printf_lc                               0x00000000   Number         0  stubs.o ABSOLUTE
    _printf_ll                               0x00000000   Number         0  stubs.o ABSOLUTE
    _printf_lld                              0x00000000   Number         0  stubs.o ABSOLUTE
    _printf_lli                              0x00000000   Number         0  stubs.o ABSOLUTE
    _printf_llo                              0x00000000   Number         0  stubs.o ABSOLUTE
    _printf_llu                              0x00000000   Number         0  stubs.o ABSOLUTE
    _printf_llx                              0x00000000   Number         0  stubs.o ABSOLUTE
    _printf_longlong_dec                     0x00000000   Number         0  stubs.o ABSOLUTE
    _printf_longlong_hex                     0x00000000   Number         0  stubs.o ABSOLUTE
    _printf_longlong_oct                     0x00000000   Number         0  stubs.o ABSOLUTE
    _printf_ls                               0x00000000   Number         0  stubs.o ABSOLUTE
    _printf_mbtowc                           0x00000000   Number         0  stubs.o ABSOLUTE
    _printf_n                                0x00000000   Number         0  stubs.o ABSOLUTE
    _printf_o                                0x00000000   Number         0  stubs.o ABSOLUTE
    _printf_p                                0x00000000   Number         0  stubs.o ABSOLUTE
    _printf_percent                          0x00000000   Number         0  stubs.o ABSOLUTE
    _printf_pre_padding                      0x00000000   Number         0  stubs.o ABSOLUTE
    _printf_return_value                     0x00000000   Number         0  stubs.o ABSOLUTE
    _printf_s                                0x00000000   Number         0  stubs.o ABSOLUTE
    _printf_sizespec                         0x00000000   Number         0  stubs.o ABSOLUTE
    _printf_str                              0x00000000   Number         0  stubs.o ABSOLUTE
    _printf_truncate_signed                  0x00000000   Number         0  stubs.o ABSOLUTE
    _printf_truncate_unsigned                0x00000000   Number         0  stubs.o ABSOLUTE
    _printf_u                                0x00000000   Number         0  stubs.o ABSOLUTE
    _printf_wc                               0x00000000   Number         0  stubs.o ABSOLUTE
    _printf_wctomb                           0x00000000   Number         0  stubs.o ABSOLUTE
    _printf_widthprec                        0x00000000   Number         0  stubs.o ABSOLUTE
    _printf_x                                0x00000000   Number         0  stubs.o ABSOLUTE
    _clock_init                               - Undefined Weak Reference
    poll_ethernet                             - Undefined Weak Reference
    __Vectors_Size                           0x00000150   Number         0  startup_stm32f10x_cl.o ABSOLUTE
    __RL_TCP_VER                             0x00000454   Number         0  at_system.o ABSOLUTE
    __Vectors                                0x08000000   Data           4  startup_stm32f10x_cl.o(RESET)
    __Vectors_End                            0x08000150   Data           0  startup_stm32f10x_cl.o(RESET)
    __main                                   0x08000151   Thumb Code     0  entry.o(.ARM.Collect$$$$00000000)
    _main_stk                                0x08000151   Thumb Code     0  entry2.o(.ARM.Collect$$$$00000001)
    _main_scatterload                        0x08000155   Thumb Code     0  entry5.o(.ARM.Collect$$$$00000004)
    __main_after_scatterload                 0x08000159   Thumb Code     0  entry5.o(.ARM.Collect$$$$00000004)
    _main_clock                              0x08000159   Thumb Code     0  entry7b.o(.ARM.Collect$$$$00000008)
    _main_init                               0x08000159   Thumb Code     0  entry8.o(.ARM.Collect$$$$00000009)
    fputc                                    0x08000265   Thumb Code    32  http_demo.o(.text)
    LED_out                                  0x08000285   Thumb Code    70  http_demo.o(.text)
    AD_in                                    0x080002cb   Thumb Code    18  http_demo.o(.text)
    get_button                               0x080002dd   Thumb Code    28  http_demo.o(.text)
    send_data                                0x080002f9   Thumb Code   146  http_demo.o(.text)
    tcp_callback                             0x0800038b   Thumb Code    26  http_demo.o(.text)
    main                                     0x080003a5   Thumb Code    66  http_demo.o(.text)
    send_datalog                             0x080003e7   Thumb Code    50  http_demo.o(.text)
    sys_error                                0x080004f5   Thumb Code     2  net_config.o(.text)
    init_system                              0x080004f7   Thumb Code    34  net_config.o(.text)
    run_system                               0x08000519   Thumb Code    22  net_config.o(.text)
    igmp_is_member                           0x0800052f   Thumb Code     4  net_config.o(.text)
    igmp_process                             0x08000533   Thumb Code     2  net_config.o(.text)
    dhcp_disable                             0x08000535   Thumb Code     2  net_config.o(.text)
    ppp_send_frame                           0x08000537   Thumb Code     4  net_config.o(.text)
    slip_send_frame                          0x0800053b   Thumb Code     4  net_config.o(.text)
    Reset_Handler                            0x08000541   Thumb Code     4  startup_stm32f10x_cl.o(.text)
    NMI_Handler                              0x08000545   Thumb Code     2  startup_stm32f10x_cl.o(.text)
    HardFault_Handler                        0x08000547   Thumb Code     2  startup_stm32f10x_cl.o(.text)
    MemManage_Handler                        0x08000549   Thumb Code     2  startup_stm32f10x_cl.o(.text)
    BusFault_Handler                         0x0800054b   Thumb Code     2  startup_stm32f10x_cl.o(.text)
    UsageFault_Handler                       0x0800054d   Thumb Code     2  startup_stm32f10x_cl.o(.text)
    SVC_Handler                              0x0800054f   Thumb Code     2  startup_stm32f10x_cl.o(.text)
    DebugMon_Handler                         0x08000551   Thumb Code     2  startup_stm32f10x_cl.o(.text)
    PendSV_Handler                           0x08000553   Thumb Code     2  startup_stm32f10x_cl.o(.text)
    SysTick_Handler                          0x08000555   Thumb Code     2  startup_stm32f10x_cl.o(.text)
    ADC1_2_IRQHandler                        0x08000557   Thumb Code     0  startup_stm32f10x_cl.o(.text)
    CAN1_RX0_IRQHandler                      0x08000557   Thumb Code     0  startup_stm32f10x_cl.o(.text)
    CAN1_RX1_IRQHandler                      0x08000557   Thumb Code     0  startup_stm32f10x_cl.o(.text)
    CAN1_SCE_IRQHandler                      0x08000557   Thumb Code     0  startup_stm32f10x_cl.o(.text)
    CAN1_TX_IRQHandler                       0x08000557   Thumb Code     0  startup_stm32f10x_cl.o(.text)
    CAN2_RX0_IRQHandler                      0x08000557   Thumb Code     0  startup_stm32f10x_cl.o(.text)
    CAN2_RX1_IRQHandler                      0x08000557   Thumb Code     0  startup_stm32f10x_cl.o(.text)
    CAN2_SCE_IRQHandler                      0x08000557   Thumb Code     0  startup_stm32f10x_cl.o(.text)
    CAN2_TX_IRQHandler                       0x08000557   Thumb Code     0  startup_stm32f10x_cl.o(.text)
    DMA1_Channel1_IRQHandler                 0x08000557   Thumb Code     0  startup_stm32f10x_cl.o(.text)
    DMA1_Channel2_IRQHandler                 0x08000557   Thumb Code     0  startup_stm32f10x_cl.o(.text)
    DMA1_Channel3_IRQHandler                 0x08000557   Thumb Code     0  startup_stm32f10x_cl.o(.text)
    DMA1_Channel4_IRQHandler                 0x08000557   Thumb Code     0  startup_stm32f10x_cl.o(.text)
    DMA1_Channel5_IRQHandler                 0x08000557   Thumb Code     0  startup_stm32f10x_cl.o(.text)
    DMA1_Channel6_IRQHandler                 0x08000557   Thumb Code     0  startup_stm32f10x_cl.o(.text)
    DMA1_Channel7_IRQHandler                 0x08000557   Thumb Code     0  startup_stm32f10x_cl.o(.text)
    DMA2_Channel1_IRQHandler                 0x08000557   Thumb Code     0  startup_stm32f10x_cl.o(.text)
    DMA2_Channel2_IRQHandler                 0x08000557   Thumb Code     0  startup_stm32f10x_cl.o(.text)
    DMA2_Channel3_IRQHandler                 0x08000557   Thumb Code     0  startup_stm32f10x_cl.o(.text)
    DMA2_Channel4_IRQHandler                 0x08000557   Thumb Code     0  startup_stm32f10x_cl.o(.text)
    DMA2_Channel5_IRQHandler                 0x08000557   Thumb Code     0  startup_stm32f10x_cl.o(.text)
    ETH_WKUP_IRQHandler                      0x08000557   Thumb Code     0  startup_stm32f10x_cl.o(.text)
    EXTI0_IRQHandler                         0x08000557   Thumb Code     0  startup_stm32f10x_cl.o(.text)
    EXTI15_10_IRQHandler                     0x08000557   Thumb Code     0  startup_stm32f10x_cl.o(.text)
    EXTI1_IRQHandler                         0x08000557   Thumb Code     0  startup_stm32f10x_cl.o(.text)
    EXTI2_IRQHandler                         0x08000557   Thumb Code     0  startup_stm32f10x_cl.o(.text)
    EXTI3_IRQHandler                         0x08000557   Thumb Code     0  startup_stm32f10x_cl.o(.text)
    EXTI4_IRQHandler                         0x08000557   Thumb Code     0  startup_stm32f10x_cl.o(.text)
    EXTI9_5_IRQHandler                       0x08000557   Thumb Code     0  startup_stm32f10x_cl.o(.text)
    FLASH_IRQHandler                         0x08000557   Thumb Code     0  startup_stm32f10x_cl.o(.text)
    I2C1_ER_IRQHandler                       0x08000557   Thumb Code     0  startup_stm32f10x_cl.o(.text)
    I2C1_EV_IRQHandler                       0x08000557   Thumb Code     0  startup_stm32f10x_cl.o(.text)
    I2C2_ER_IRQHandler                       0x08000557   Thumb Code     0  startup_stm32f10x_cl.o(.text)
    I2C2_EV_IRQHandler                       0x08000557   Thumb Code     0  startup_stm32f10x_cl.o(.text)
    OTG_FS_IRQHandler                        0x08000557   Thumb Code     0  startup_stm32f10x_cl.o(.text)
    OTG_FS_WKUP_IRQHandler                   0x08000557   Thumb Code     0  startup_stm32f10x_cl.o(.text)
    PVD_IRQHandler                           0x08000557   Thumb Code     0  startup_stm32f10x_cl.o(.text)
    RCC_IRQHandler                           0x08000557   Thumb Code     0  startup_stm32f10x_cl.o(.text)
    RTCAlarm_IRQHandler                      0x08000557   Thumb Code     0  startup_stm32f10x_cl.o(.text)
    RTC_IRQHandler                           0x08000557   Thumb Code     0  startup_stm32f10x_cl.o(.text)
    SPI1_IRQHandler                          0x08000557   Thumb Code     0  startup_stm32f10x_cl.o(.text)
    SPI2_IRQHandler                          0x08000557   Thumb Code     0  startup_stm32f10x_cl.o(.text)
    SPI3_IRQHandler                          0x08000557   Thumb Code     0  startup_stm32f10x_cl.o(.text)
    TAMPER_IRQHandler                        0x08000557   Thumb Code     0  startup_stm32f10x_cl.o(.text)
    TIM1_BRK_IRQHandler                      0x08000557   Thumb Code     0  startup_stm32f10x_cl.o(.text)
    TIM1_CC_IRQHandler                       0x08000557   Thumb Code     0  startup_stm32f10x_cl.o(.text)
    TIM1_TRG_COM_IRQHandler                  0x08000557   Thumb Code     0  startup_stm32f10x_cl.o(.text)
    TIM1_UP_IRQHandler                       0x08000557   Thumb Code     0  startup_stm32f10x_cl.o(.text)
    TIM2_IRQHandler                          0x08000557   Thumb Code     0  startup_stm32f10x_cl.o(.text)
    TIM3_IRQHandler                          0x08000557   Thumb Code     0  startup_stm32f10x_cl.o(.text)
    TIM4_IRQHandler                          0x08000557   Thumb Code     0  startup_stm32f10x_cl.o(.text)
    TIM5_IRQHandler                          0x08000557   Thumb Code     0  startup_stm32f10x_cl.o(.text)
    TIM6_IRQHandler                          0x08000557   Thumb Code     0  startup_stm32f10x_cl.o(.text)
    TIM7_IRQHandler                          0x08000557   Thumb Code     0  startup_stm32f10x_cl.o(.text)
    UART4_IRQHandler                         0x08000557   Thumb Code     0  startup_stm32f10x_cl.o(.text)
    UART5_IRQHandler                         0x08000557   Thumb Code     0  startup_stm32f10x_cl.o(.text)
    USART1_IRQHandler                        0x08000557   Thumb Code     0  startup_stm32f10x_cl.o(.text)
    USART2_IRQHandler                        0x08000557   Thumb Code     0  startup_stm32f10x_cl.o(.text)
    USART3_IRQHandler                        0x08000557   Thumb Code     0  startup_stm32f10x_cl.o(.text)
    WWDG_IRQHandler                          0x08000557   Thumb Code     0  startup_stm32f10x_cl.o(.text)
    init_ethernet                            0x0800055d   Thumb Code   458  eth_stm32x.o(.text)
    int_enable_eth                           0x08000727   Thumb Code    10  eth_stm32x.o(.text)
    int_disable_eth                          0x08000731   Thumb Code    10  eth_stm32x.o(.text)
    send_frame                               0x0800073b   Thumb Code    76  eth_stm32x.o(.text)
    ETH_IRQHandler                           0x08000787   Thumb Code   134  eth_stm32x.o(.text)
    SystemInit                               0x0800091d   Thumb Code   274  system_stm32f10x_cl.o(.text)
    GLCD_init                                0x08000b2d   Thumb Code   470  glcd.o(.text)
    GLCD_SetCursor                           0x08000d03   Thumb Code     8  glcd.o(.text)
    GLCD_putPixel                            0x08000d0b   Thumb Code    20  glcd.o(.text)
    GLCD_setTextColor                        0x08000d1f   Thumb Code     6  glcd.o(.text)
    GLCD_setBackColor                        0x08000d25   Thumb Code     6  glcd.o(.text)
    GLCD_clear                               0x08000d2b   Thumb Code    38  glcd.o(.text)
    GLCD_drawChar                            0x08000d51   Thumb Code    76  glcd.o(.text)
    GLCD_displayChar                         0x08000d9d   Thumb Code    18  glcd.o(.text)
    GLCD_displayStringLn                     0x08000daf   Thumb Code    40  glcd.o(.text)
    GLCD_clearLn                             0x08000dd7   Thumb Code     4  glcd.o(.text)
    GLCD_bitmap                              0x08000ddb   Thumb Code    50  glcd.o(.text)
    __aeabi_memcpy                           0x08000e7d   Thumb Code    36  memcpya.o(.text)
    __aeabi_memcpy4                          0x08000e7d   Thumb Code     0  memcpya.o(.text)
    __aeabi_memcpy8                          0x08000e7d   Thumb Code     0  memcpya.o(.text)
    __aeabi_dmul                             0x08000ea1   Thumb Code   224  dmul.o(.text)
    __aeabi_i2d                              0x08000f81   Thumb Code    34  dflti.o(.text)
    __aeabi_d2uiz                            0x08000fa3   Thumb Code    46  dfixui.o(.text)
    __aeabi_uldivmod                         0x08000fd1   Thumb Code    98  uldiv.o(.text)
    __aeabi_llsr                             0x08001033   Thumb Code    32  llushr.o(.text)
    _ll_ushift_r                             0x08001033   Thumb Code     0  llushr.o(.text)
    __I$use$fp                               0x08001053   Thumb Code     0  iusefp.o(.text)
    _double_round                            0x08001053   Thumb Code    26  depilogue.o(.text)
    _double_epilogue                         0x0800106d   Thumb Code   164  depilogue.o(.text)
    __scatterload                            0x08001111   Thumb Code    28  init.o(.text)
    __scatterload_rt2                        0x08001111   Thumb Code     0  init.o(.text)
    __aeabi_llsl                             0x08001135   Thumb Code    30  llshl.o(.text)
    _ll_shift_l                              0x08001135   Thumb Code     0  llshl.o(.text)
    __decompress                             0x08001153   Thumb Code     0  __dclz77c.o(.text)
    __decompress2                            0x08001153   Thumb Code    96  __dclz77c.o(.text)
    __0printf$5                              0x080011b5   Thumb Code    22  printf5.o(i.__0printf$5)
    __1printf$5                              0x080011b5   Thumb Code     0  printf5.o(i.__0printf$5)
    __2printf                                0x080011b5   Thumb Code     0  printf5.o(i.__0printf$5)
    __scatterload_copy                       0x080011d5   Thumb Code    14  handlers.o(i.__scatterload_copy)
    __scatterload_null                       0x080011e3   Thumb Code     2  handlers.o(i.__scatterload_null)
    __scatterload_zeroinit                   0x080011e5   Thumb Code    14  handlers.o(i.__scatterload_zeroinit)
    alloc_mem                                0x080014c5   Thumb Code   180  at_mem.o(i.alloc_mem)
    arp_cache_add                            0x08001581   Thumb Code   174  at_arp.o(i.arp_cache_add)
    arp_cache_early                          0x080016cd   Thumb Code   142  at_arp.o(i.arp_cache_early)
    arp_cache_find                           0x08001765   Thumb Code   168  at_arp.o(i.arp_cache_find)
    arp_cache_update                         0x08001819   Thumb Code   228  at_arp.o(i.arp_cache_update)
    arp_init                                 0x0800190d   Thumb Code    30  at_arp.o(i.arp_init)
    arp_notify                               0x08001965   Thumb Code    20  at_arp.o(i.arp_notify)
    arp_process                              0x08001a09   Thumb Code   272  at_arp.o(i.arp_process)
    calc_chksum16be                          0x08001c81   Thumb Code    18  at_lib.o(i.calc_chksum16be)
    chksum16_buf                             0x08001c95   Thumb Code    40  at_lib.o(i.chksum16_buf)
    chksum16_val                             0x08001cbd   Thumb Code    10  at_lib.o(i.chksum16_val)
    eth_chk_adr                              0x08001cc9   Thumb Code    10  at_ethernet.o(i.eth_chk_adr)
    eth_init_link                            0x08001cd9   Thumb Code    40  at_ethernet.o(i.eth_init_link)
    eth_run_link                             0x08001d0d   Thumb Code   194  at_ethernet.o(i.eth_run_link)
    eth_send_frame                           0x08001de1   Thumb Code   150  at_ethernet.o(i.eth_send_frame)
    free_mem                                 0x08001e89   Thumb Code   124  at_mem.o(i.free_mem)
    get_rnd32                                0x08001f35   Thumb Code    18  at_system.o(i.get_rnd32)
    icmp_init                                0x08001f51   Thumb Code    10  at_icmp.o(i.icmp_init)
    icmp_process                             0x08001f61   Thumb Code   198  at_icmp.o(i.icmp_process)
    icmp_run_engine                          0x0800202d   Thumb Code    58  at_icmp.o(i.icmp_run_engine)
    ifree_mem                                0x080020e5   Thumb Code    48  at_mem.o(i.ifree_mem)
    init_TcpNet                              0x0800211d   Thumb Code    34  at_system.o(i.init_TcpNet)
    init_mem                                 0x08002149   Thumb Code    36  at_mem.o(i.init_mem)
    ip_chk_frame                             0x08002175   Thumb Code   190  at_ip.o(i.ip_chk_frame)
    ip_get_locadr                            0x08002249   Thumb Code   166  at_ip.o(i.ip_get_locadr)
    ip_init                                  0x08002301   Thumb Code     8  at_ip.o(i.ip_init)
    ip_run_local                             0x0800230d   Thumb Code    82  at_ip.o(i.ip_run_local)
    ip_send_frame                            0x08002369   Thumb Code   324  at_ip.o(i.ip_send_frame)
    is_subnet                                0x080024b5   Thumb Code    20  at_lib.o(i.is_subnet)
    main_TcpNet                              0x080024c9   Thumb Code    86  at_system.o(i.main_TcpNet)
    mem_comp                                 0x0800252d   Thumb Code    22  at_lib.o(i.mem_comp)
    mem_copy                                 0x08002543   Thumb Code    22  at_lib.o(i.mem_copy)
    mem_crc32                                0x08002559   Thumb Code    32  at_lib.o(i.mem_crc32)
    mem_set                                  0x08002579   Thumb Code    10  at_lib.o(i.mem_set)
    mem_test                                 0x08002583   Thumb Code    18  at_lib.o(i.mem_test)
    nbns_init                                0x08002595   Thumb Code    32  at_nbns.o(i.nbns_init)
    nrd_u32be                                0x0800270d   Thumb Code    22  at_lib.o(i.nrd_u32be)
    nwr_u32be                                0x08002723   Thumb Code    16  at_lib.o(i.nwr_u32be)
    put_in_queue                             0x08002735   Thumb Code    36  at_ethernet.o(i.put_in_queue)
    resize_mem                               0x0800275d   Thumb Code    68  at_mem.o(i.resize_mem)
    str_up_case                              0x080027a5   Thumb Code    26  at_lib.o(i.str_up_case)
    tcp_check_send                           0x080027c1   Thumb Code    58  at_tcp.o(i.tcp_check_send)
    tcp_close                                0x08002801   Thumb Code   126  at_tcp.o(i.tcp_close)
    tcp_connect                              0x08002885   Thumb Code   160  at_tcp.o(i.tcp_connect)
    tcp_get_buf                              0x08002929   Thumb Code    16  at_tcp.o(i.tcp_get_buf)
    tcp_get_free_port                        0x08002939   Thumb Code    58  at_tcp.o(i.tcp_get_free_port)
    tcp_get_socket                           0x0800297d   Thumb Code    68  at_tcp.o(i.tcp_get_socket)
    tcp_init                                 0x080029c5   Thumb Code    16  at_tcp.o(i.tcp_init)
    tcp_max_dsize                            0x08002a75   Thumb Code    36  at_tcp.o(i.tcp_max_dsize)
    tcp_poll_sockets                         0x08002a9d   Thumb Code   526  at_tcp.o(i.tcp_poll_sockets)
    tcp_process                              0x08002cb9   Thumb Code  1134  at_tcp.o(i.tcp_process)
    tcp_send                                 0x080031a9   Thumb Code   264  at_tcp.o(i.tcp_send)
    timer_tick                               0x080034e9   Thumb Code     8  at_system.o(i.timer_tick)
    udp_get_buf                              0x080034f5   Thumb Code    16  at_udp.o(i.udp_get_buf)
    udp_get_socket                           0x08003505   Thumb Code    62  at_udp.o(i.udp_get_socket)
    udp_init                                 0x08003549   Thumb Code    18  at_udp.o(i.udp_init)
    udp_open                                 0x08003561   Thumb Code    96  at_udp.o(i.udp_open)
    udp_process                              0x080035f5   Thumb Code   178  at_udp.o(i.udp_process)
    udp_send                                 0x080036ad   Thumb Code   280  at_udp.o(i.udp_send)
    VBEBLogo                                 0x080037c8   Data        6650  http_demo.o(.constdata)
    nlocalm                                  0x080051c2   Data          60  net_config.o(.constdata)
    sys_config                               0x08005200   Data          16  net_config.o(.constdata)
    arp_config                               0x08005210   Data          12  net_config.o(.constdata)
    udp_config                               0x0800521c   Data           8  net_config.o(.constdata)
    tcp_config                               0x08005224   Data          20  net_config.o(.constdata)
    IP_Broadcast                             0x0800523e   Data           4  at_ip.o(.constdata)
    MAC_Broadcast                            0x0800524e   Data           6  at_ethernet.o(.constdata)
    Region$$Table$$Base                      0x08005268   Number         0  anon$$obj.o(Region$$Table)
    Region$$Table$$Limit                     0x08005288   Number         0  anon$$obj.o(Region$$Table)
    tcp_soc                                  0x20000000   Data           1  http_demo.o(.data)
    soc_state                                0x20000001   Data           1  http_demo.o(.data)
    data1_buf                                0x20000004   Data           4  http_demo.o(.data)
    tick                                     0x20000010   Data           4  http_demo.o(.data)
    wait_ack                                 0x20000014   Data           4  http_demo.o(.data)
    lhost_name                               0x20000018   Data          16  net_config.o(.data)
    own_hw_adr                               0x20000028   Data           6  net_config.o(.data)
    SystemFrequency                          0x20000030   Data           4  system_stm32f10x_cl.o(.data)
    SystemFrequency_SysClk                   0x20000034   Data           4  system_stm32f10x_cl.o(.data)
    SystemFrequency_AHBClk                   0x20000038   Data           4  system_stm32f10x_cl.o(.data)
    SystemFrequency_APB1Clk                  0x2000003c   Data           4  system_stm32f10x_cl.o(.data)
    SystemFrequency_APB2Clk                  0x20000040   Data           4  system_stm32f10x_cl.o(.data)
    ASCII_Table                              0x20000048   Data        5376  glcd.o(.data)
    __stdout                                 0x2000156c   Data           4  stdout.o(.data)
    localm                                   0x20005c68   Data          60  at_system.o(.bss)
    sys_control                              0x20005ca4   Data          12  at_system.o(.bss)
    __initial_sp                             0x20005eb0   Data           0  startup_stm32f10x_cl.o(STACK)



==============================================================================

Memory Map of the image

  Image Entry point : 0x08000151

  Load Region LR_IROM1 (Base: 0x08000000, Size: 0x000067f8, Max: 0x00040000, ABSOLUTE, COMPRESSED[0x00005a38])

    Execution Region ER_IROM1 (Base: 0x08000000, Size: 0x00005288, Max: 0x00040000, ABSOLUTE)

    Base Addr    Size         Type   Attr      Idx    E Section Name        Object

    0x08000000   0x00000150   Data   RO          107    RESET               startup_stm32f10x_cl.o
    0x08000150   0x00000000   Code   RO          422  * .ARM.Collect$$$$00000000  mc_w.l(entry.o)
    0x08000150   0x00000004   Code   RO          696    .ARM.Collect$$$$00000001  mc_w.l(entry2.o)
    0x08000154   0x00000004   Code   RO          699    .ARM.Collect$$$$00000004  mc_w.l(entry5.o)
    0x08000158   0x00000000   Code   RO          701    .ARM.Collect$$$$00000008  mc_w.l(entry7b.o)
    0x08000158   0x00000008   Code   RO          702    .ARM.Collect$$$$00000009  mc_w.l(entry8.o)
    0x08000160   0x00000004   Code   RO          697    .ARM.Collect$$$$00002712  mc_w.l(entry2.o)
    0x08000164   0x00000390   Code   RO            3    .text               http_demo.o
    0x080004f4   0x0000004a   Code   RO           71    .text               net_config.o
    0x0800053e   0x00000002   PAD
    0x08000540   0x0000001c   Code   RO          108    .text               startup_stm32f10x_cl.o
    0x0800055c   0x000003c0   Code   RO          114    .text               eth_stm32x.o
    0x0800091c   0x0000013c   Code   RO          141    .text               system_stm32f10x_cl.o
    0x08000a58   0x00000424   Code   RO          167    .text               glcd.o
    0x08000e7c   0x00000024   Code   RO          425    .text               mc_w.l(memcpya.o)
    0x08000ea0   0x000000e0   Code   RO          690    .text               mf_w.l(dmul.o)
    0x08000f80   0x00000022   Code   RO          692    .text               mf_w.l(dflti.o)
    0x08000fa2   0x0000002e   Code   RO          694    .text               mf_w.l(dfixui.o)
    0x08000fd0   0x00000062   Code   RO          706    .text               mc_w.l(uldiv.o)
    0x08001032   0x00000020   Code   RO          708    .text               mc_w.l(llushr.o)
    0x08001052   0x00000000   Code   RO          710    .text               mc_w.l(iusefp.o)
    0x08001052   0x000000be   Code   RO          711    .text               mf_w.l(depilogue.o)
    0x08001110   0x00000024   Code   RO          721    .text               mc_w.l(init.o)
    0x08001134   0x0000001e   Code   RO          723    .text               mc_w.l(llshl.o)
    0x08001152   0x00000060   Code   RO          735    .text               mc_w.l(__dclz77c.o)
    0x080011b2   0x00000002   PAD
    0x080011b4   0x00000020   Code   RO          562    i.__0printf$5       mc_w.l(printf5.o)
    0x080011d4   0x0000000e   Code   RO          729    i.__scatterload_copy  mc_w.l(handlers.o)
    0x080011e2   0x00000002   Code   RO          730    i.__scatterload_null  mc_w.l(handlers.o)
    0x080011e4   0x0000000e   Code   RO          731    i.__scatterload_zeroinit  mc_w.l(handlers.o)
    0x080011f2   0x00000002   PAD
    0x080011f4   0x000002d0   Code   RO          569    i._printf_core      mc_w.l(printf5.o)
    0x080014c4   0x000000bc   Code   RO          351    i.alloc_mem         TCP_CM3.lib(at_mem.o)
    0x08001580   0x000000b8   Code   RO          192    i.arp_cache_add     TCP_CM3.lib(at_arp.o)
    0x08001638   0x00000094   Code   RO          193    i.arp_cache_alloc   TCP_CM3.lib(at_arp.o)
    0x080016cc   0x00000098   Code   RO          194    i.arp_cache_early   TCP_CM3.lib(at_arp.o)
    0x08001764   0x000000b4   Code   RO          195    i.arp_cache_find    TCP_CM3.lib(at_arp.o)
    0x08001818   0x000000f4   Code   RO          198    i.arp_cache_update  TCP_CM3.lib(at_arp.o)
    0x0800190c   0x00000024   Code   RO          201    i.arp_init          TCP_CM3.lib(at_arp.o)
    0x08001930   0x00000034   Code   RO          202    i.arp_is_cacheable  TCP_CM3.lib(at_arp.o)
    0x08001964   0x0000001c   Code   RO          203    i.arp_notify        TCP_CM3.lib(at_arp.o)
    0x08001980   0x00000088   Code   RO          205    i.arp_proc_response  TCP_CM3.lib(at_arp.o)
    0x08001a08   0x00000120   Code   RO          206    i.arp_process       TCP_CM3.lib(at_arp.o)
    0x08001b28   0x000000a0   Code   RO          207    i.arp_send_reply    TCP_CM3.lib(at_arp.o)
    0x08001bc8   0x000000b8   Code   RO          208    i.arp_send_request  TCP_CM3.lib(at_arp.o)
    0x08001c80   0x00000012   Code   RO          375    i.calc_chksum16be   TCP_CM3.lib(at_lib.o)
    0x08001c92   0x00000002   PAD
    0x08001c94   0x00000028   Code   RO          376    i.chksum16_buf      TCP_CM3.lib(at_lib.o)
    0x08001cbc   0x0000000a   Code   RO          377    i.chksum16_val      TCP_CM3.lib(at_lib.o)
    0x08001cc6   0x00000002   PAD
    0x08001cc8   0x00000010   Code   RO          337    i.eth_chk_adr       TCP_CM3.lib(at_ethernet.o)
    0x08001cd8   0x00000034   Code   RO          339    i.eth_init_link     TCP_CM3.lib(at_ethernet.o)
    0x08001d0c   0x000000d4   Code   RO          340    i.eth_run_link      TCP_CM3.lib(at_ethernet.o)
    0x08001de0   0x000000a8   Code   RO          341    i.eth_send_frame    TCP_CM3.lib(at_ethernet.o)
    0x08001e88   0x00000084   Code   RO          352    i.free_mem          TCP_CM3.lib(at_mem.o)
    0x08001f0c   0x00000028   Code   RO          379    i.get_crc32         TCP_CM3.lib(at_lib.o)
    0x08001f34   0x0000001c   Code   RO          363    i.get_rnd32         TCP_CM3.lib(at_system.o)
    0x08001f50   0x00000010   Code   RO          242    i.icmp_init         TCP_CM3.lib(at_icmp.o)
    0x08001f60   0x000000cc   Code   RO          244    i.icmp_process      TCP_CM3.lib(at_icmp.o)
    0x0800202c   0x00000048   Code   RO          245    i.icmp_run_engine   TCP_CM3.lib(at_icmp.o)
    0x08002074   0x00000070   Code   RO          246    i.icmp_send_message  TCP_CM3.lib(at_icmp.o)
    0x080020e4   0x00000038   Code   RO          353    i.ifree_mem         TCP_CM3.lib(at_mem.o)
    0x0800211c   0x0000002c   Code   RO          364    i.init_TcpNet       TCP_CM3.lib(at_system.o)
    0x08002148   0x0000002c   Code   RO          354    i.init_mem          TCP_CM3.lib(at_mem.o)
    0x08002174   0x000000c8   Code   RO          228    i.ip_chk_frame      TCP_CM3.lib(at_ip.o)
    0x0800223c   0x0000000a   Code   RO          229    i.ip_get_chksum     TCP_CM3.lib(at_ip.o)
    0x08002246   0x00000002   PAD
    0x08002248   0x000000b8   Code   RO          230    i.ip_get_locadr     TCP_CM3.lib(at_ip.o)
    0x08002300   0x0000000c   Code   RO          231    i.ip_init           TCP_CM3.lib(at_ip.o)
    0x0800230c   0x0000005c   Code   RO          232    i.ip_run_local      TCP_CM3.lib(at_ip.o)
    0x08002368   0x0000014c   Code   RO          233    i.ip_send_frame     TCP_CM3.lib(at_ip.o)
    0x080024b4   0x00000014   Code   RO          380    i.is_subnet         TCP_CM3.lib(at_lib.o)
    0x080024c8   0x00000064   Code   RO          365    i.main_TcpNet       TCP_CM3.lib(at_system.o)
    0x0800252c   0x00000016   Code   RO          381    i.mem_comp          TCP_CM3.lib(at_lib.o)
    0x08002542   0x00000016   Code   RO          382    i.mem_copy          TCP_CM3.lib(at_lib.o)
    0x08002558   0x00000020   Code   RO          383    i.mem_crc32         TCP_CM3.lib(at_lib.o)
    0x08002578   0x0000000a   Code   RO          385    i.mem_set           TCP_CM3.lib(at_lib.o)
    0x08002582   0x00000012   Code   RO          386    i.mem_test          TCP_CM3.lib(at_lib.o)
    0x08002594   0x00000028   Code   RO          331    i.nbns_init         TCP_CM3.lib(at_nbns.o)
    0x080025bc   0x00000150   Code   RO          332    i.nbns_listener     TCP_CM3.lib(at_nbns.o)
    0x0800270c   0x00000016   Code   RO          388    i.nrd_u32be         TCP_CM3.lib(at_lib.o)
    0x08002722   0x00000010   Code   RO          390    i.nwr_u32be         TCP_CM3.lib(at_lib.o)
    0x08002732   0x00000002   PAD
    0x08002734   0x00000028   Code   RO          342    i.put_in_queue      TCP_CM3.lib(at_ethernet.o)
    0x0800275c   0x00000048   Code   RO          355    i.resize_mem        TCP_CM3.lib(at_mem.o)
    0x080027a4   0x0000001a   Code   RO          396    i.str_up_case       TCP_CM3.lib(at_lib.o)
    0x080027be   0x00000002   PAD
    0x080027c0   0x00000040   Code   RO          254    i.tcp_check_send    TCP_CM3.lib(at_tcp.o)
    0x08002800   0x00000084   Code   RO          255    i.tcp_close         TCP_CM3.lib(at_tcp.o)
    0x08002884   0x000000a4   Code   RO          256    i.tcp_connect       TCP_CM3.lib(at_tcp.o)
    0x08002928   0x00000010   Code   RO          258    i.tcp_get_buf       TCP_CM3.lib(at_tcp.o)
    0x08002938   0x00000044   Code   RO          259    i.tcp_get_free_port  TCP_CM3.lib(at_tcp.o)
    0x0800297c   0x00000048   Code   RO          260    i.tcp_get_socket    TCP_CM3.lib(at_tcp.o)
    0x080029c4   0x00000014   Code   RO          262    i.tcp_init          TCP_CM3.lib(at_tcp.o)
    0x080029d8   0x0000009c   Code   RO          265    i.tcp_map_socket    TCP_CM3.lib(at_tcp.o)
    0x08002a74   0x00000028   Code   RO          266    i.tcp_max_dsize     TCP_CM3.lib(at_tcp.o)
    0x08002a9c   0x0000021c   Code   RO          267    i.tcp_poll_sockets  TCP_CM3.lib(at_tcp.o)
    0x08002cb8   0x0000046e   Code   RO          268    i.tcp_process       TCP_CM3.lib(at_tcp.o)
    0x08003126   0x00000002   PAD
    0x08003128   0x00000080   Code   RO          269    i.tcp_process_opt   TCP_CM3.lib(at_tcp.o)
    0x080031a8   0x0000010c   Code   RO          273    i.tcp_send          TCP_CM3.lib(at_tcp.o)
    0x080032b4   0x00000022   Code   RO          274    i.tcp_send_ctrl     TCP_CM3.lib(at_tcp.o)
    0x080032d6   0x00000002   PAD
    0x080032d8   0x0000010c   Code   RO          275    i.tcp_send_frame    TCP_CM3.lib(at_tcp.o)
    0x080033e4   0x00000080   Code   RO          276    i.tcp_send_reset    TCP_CM3.lib(at_tcp.o)
    0x08003464   0x00000012   Code   RO          277    i.tcp_set_retransmit  TCP_CM3.lib(at_tcp.o)
    0x08003476   0x00000002   PAD
    0x08003478   0x00000070   Code   RO          278    i.tcp_transit       TCP_CM3.lib(at_tcp.o)
    0x080034e8   0x0000000c   Code   RO          366    i.timer_tick        TCP_CM3.lib(at_system.o)
    0x080034f4   0x00000010   Code   RO          308    i.udp_get_buf       TCP_CM3.lib(at_udp.o)
    0x08003504   0x00000044   Code   RO          309    i.udp_get_socket    TCP_CM3.lib(at_udp.o)
    0x08003548   0x00000018   Code   RO          310    i.udp_init          TCP_CM3.lib(at_udp.o)
    0x08003560   0x00000068   Code   RO          313    i.udp_open          TCP_CM3.lib(at_udp.o)
    0x080035c8   0x0000002c   Code   RO          314    i.udp_port_in_use   TCP_CM3.lib(at_udp.o)
    0x080035f4   0x000000b8   Code   RO          315    i.udp_process       TCP_CM3.lib(at_udp.o)
    0x080036ac   0x0000011c   Code   RO          317    i.udp_send          TCP_CM3.lib(at_udp.o)
    0x080037c8   0x000019fa   Data   RO            4    .constdata          http_demo.o
    0x080051c2   0x0000003c   Data   RO           76    .constdata          net_config.o
    0x080051fe   0x00000002   PAD
    0x08005200   0x00000010   Data   RO           77    .constdata          net_config.o
    0x08005210   0x0000000c   Data   RO           78    .constdata          net_config.o
    0x0800521c   0x00000008   Data   RO           79    .constdata          net_config.o
    0x08005224   0x00000014   Data   RO           80    .constdata          net_config.o
    0x08005238   0x00000006   Data   RO          209    .constdata          TCP_CM3.lib(at_arp.o)
    0x0800523e   0x00000008   Data   RO          234    .constdata          TCP_CM3.lib(at_ip.o)
    0x08005246   0x00000008   Data   RO          333    .constdata          TCP_CM3.lib(at_nbns.o)
    0x0800524e   0x00000006   Data   RO          344    .constdata          TCP_CM3.lib(at_ethernet.o)
    0x08005254   0x00000012   Data   RO            5    .conststring        http_demo.o
    0x08005266   0x00000002   PAD
    0x08005268   0x00000020   Data   RO          727    Region$$Table       anon$$obj.o


    Execution Region RW_IRAM1 (Base: 0x20000000, Size: 0x00005eb0, Max: 0x00010000, ABSOLUTE, COMPRESSED[0x000007b0])

    Base Addr    Size         Type   Attr      Idx    E Section Name        Object

    0x20000000   0x00000018   Data   RW            7    .data               http_demo.o
    0x20000018   0x00000010   Data   RW           81    .data               net_config.o
    0x20000028   0x00000006   Data   RW           82    .data               net_config.o
    0x2000002e   0x00000002   Data   RW          116    .data               eth_stm32x.o
    0x20000030   0x00000014   Data   RW          142    .data               system_stm32f10x_cl.o
    0x20000044   0x00001504   Data   RW          168    .data               glcd.o
    0x20001548   0x00000008   Data   RW          210    .data               TCP_CM3.lib(at_arp.o)
    0x20001550   0x0000000c   Data   RW          235    .data               TCP_CM3.lib(at_ip.o)
    0x2000155c   0x00000004   Data   RW          279    .data               TCP_CM3.lib(at_tcp.o)
    0x20001560   0x00000002   Data   RW          318    .data               TCP_CM3.lib(at_udp.o)
    0x20001562   0x00000001   Data   RW          334    .data               TCP_CM3.lib(at_nbns.o)
    0x20001563   0x00000001   PAD
    0x20001564   0x00000008   Data   RW          356    .data               TCP_CM3.lib(at_mem.o)
    0x2000156c   0x00000004   Data   RW          703    .data               mc_w.l(stdout.o)
    0x20001570   0x00002000   Zero   RW           72    .bss                net_config.o
    0x20003570   0x0000008c   Zero   RW           73    .bss                net_config.o
    0x200035fc   0x00000018   Zero   RW           74    .bss                net_config.o
    0x20003614   0x00000160   Zero   RW           75    .bss                net_config.o
    0x20003774   0x00002460   Zero   RW          115    .bss                eth_stm32x.o
    0x20005bd4   0x00000010   Zero   RW          247    .bss                TCP_CM3.lib(at_icmp.o)
    0x20005be4   0x00000084   Zero   RW          343    .bss                TCP_CM3.lib(at_ethernet.o)
    0x20005c68   0x00000048   Zero   RW          367    .bss                TCP_CM3.lib(at_system.o)
    0x20005cb0   0x00000200   Zero   RW          105    STACK               startup_stm32f10x_cl.o


==============================================================================

Image component sizes


      Code (inc. data)   RO Data    RW Data    ZI Data      Debug   Object Name

       960        132          0          2       9312       9262   eth_stm32x.o
      1060         88          0       5380          0       5561   glcd.o
       912        130       6668         24          0      22184   http_demo.o
        74          0        116         22       8708      15491   net_config.o
        28          4        336          0        512        772   startup_stm32f10x_cl.o
       316         42          0         20          0       1353   system_stm32f10x_cl.o

    ----------------------------------------------------------------------
      3352        396       7156       5448      18532      54623   Object Totals
         0          0         32          0          0          0   (incl. Generated)
         2          0          4          0          0          0   (incl. Padding)

    ----------------------------------------------------------------------

      Code (inc. data)   RO Data    RW Data    ZI Data      Debug   Library Member Name

      1792        118          6          8          0       1044   at_arp.o
       488         58          6          0        132        404   at_ethernet.o
       404         30          0          0         16        308   at_icmp.o
       830         56          8         12          0        520   at_ip.o
       296          4          0          0          0        928   at_lib.o
       492         36          0          8          0        452   at_mem.o
       376         26          8          1          0        184   at_nbns.o
       184         38          0          0         72        292   at_system.o
      3362        132          0          4          0       1560   at_tcp.o
       724         34          0          2          0        556   at_udp.o
        96          0          0          0          0          0   __dclz77c.o
         0          0          0          0          0          0   entry.o
         8          4          0          0          0          0   entry2.o
         4          0          0          0          0          0   entry5.o
         0          0          0          0          0          0   entry7b.o
         8          4          0          0          0          0   entry8.o
        30          0          0          0          0          0   handlers.o
        36          8          0          0          0         68   init.o
         0          0          0          0          0          0   iusefp.o
        30          0          0          0          0         68   llshl.o
        32          0          0          0          0         68   llushr.o
        36          0          0          0          0         68   memcpya.o
       752         54          0          0          0        184   printf5.o
         0          0          0          4          0          0   stdout.o
        98          0          0          0          0         92   uldiv.o
       190          0          0          0          0        176   depilogue.o
        46          0          0          0          0         68   dfixui.o
        34          0          0          0          0         76   dflti.o
       224          0          0          0          0         96   dmul.o

    ----------------------------------------------------------------------
     10592        602         28         40        220       7212   Library Totals
        20          0          0          1          0          0   (incl. Padding)

    ----------------------------------------------------------------------

      Code (inc. data)   RO Data    RW Data    ZI Data      Debug   Library Name

      8948        532         28         35        220       6248   TCP_CM3.lib
      1130         70          0          4          0        548   mc_w.l
       494          0          0          0          0        416   mf_w.l

    ----------------------------------------------------------------------
     10592        602         28         40        220       7212   Library Totals

    ----------------------------------------------------------------------

==============================================================================


      Code (inc. data)   RO Data    RW Data    ZI Data      Debug   

     13944        998       7184       5488      18752      56843   Grand Totals
     13944        998       7184       1968      18752      56843   ELF Image Totals (compressed)
     13944        998       7184       1968          0          0   ROM Totals

==============================================================================

    Total RO  Size (Code + RO Data)                21128 (  20.63kB)
    Total RW  Size (RW Data + ZI Data)             24240 (  23.67kB)
    Total ROM Size (Code + RO Data + RW Data)      23096 (  22.55kB)

==============================================================================

