<html>
<body>
<pre>
<h1>µVision Build Log</h1>
<h2>Project:</h2>
D:\VBEB\Project\Understanding_STM32F107\trunk\LEDToggle\LEDToggle.uvproj
Project File Date:  08/20/2012

<h2>Output:</h2>
Build target 'Target 1'
compiling main.c...
App\main.c(1): warning:  #1-D: last line of file ends without a newline
compiling misc.c...
..\Libraries\STM32F10x_StdPeriph_Driver\src\misc.c(99): warning:  #223-D: function "assert_param" declared implicitly
..\Libraries\STM32F10x_StdPeriph_Driver\src\misc.c(117): warning:  #223-D: function "assert_param" declared implicitly
..\Libraries\STM32F10x_StdPeriph_Driver\src\misc.c(159): warning:  #223-D: function "assert_param" declared implicitly
..\Libraries\STM32F10x_StdPeriph_Driver\src\misc.c(178): warning:  #223-D: function "assert_param" declared implicitly
..\Libraries\STM32F10x_StdPeriph_Driver\src\misc.c(202): warning:  #223-D: function "assert_param" declared implicitly
compiling stm32f10x_gpio.c...
..\Libraries\STM32F10x_StdPeriph_Driver\src\stm32f10x_gpio.c(111): warning:  #223-D: function "assert_param" declared implicitly
..\Libraries\STM32F10x_StdPeriph_Driver\src\stm32f10x_gpio.c(178): warning:  #223-D: function "assert_param" declared implicitly
..\Libraries\STM32F10x_StdPeriph_Driver\src\stm32f10x_gpio.c(286): warning:  #223-D: function "assert_param" declared implicitly
..\Libraries\STM32F10x_StdPeriph_Driver\src\stm32f10x_gpio.c(308): warning:  #223-D: function "assert_param" declared implicitly
..\Libraries\STM32F10x_StdPeriph_Driver\src\stm32f10x_gpio.c(324): warning:  #223-D: function "assert_param" declared implicitly
..\Libraries\STM32F10x_StdPeriph_Driver\src\stm32f10x_gpio.c(346): warning:  #223-D: function "assert_param" declared implicitly
..\Libraries\STM32F10x_StdPeriph_Driver\src\stm32f10x_gpio.c(361): warning:  #223-D: function "assert_param" declared implicitly
..\Libraries\STM32F10x_StdPeriph_Driver\src\stm32f10x_gpio.c(377): warning:  #223-D: function "assert_param" declared implicitly
..\Libraries\STM32F10x_StdPeriph_Driver\src\stm32f10x_gpio.c(397): warning:  #223-D: function "assert_param" declared implicitly
..\Libraries\STM32F10x_StdPeriph_Driver\src\stm32f10x_gpio.c(420): warning:  #223-D: function "assert_param" declared implicitly
..\Libraries\STM32F10x_StdPeriph_Driver\src\stm32f10x_gpio.c(437): warning:  #223-D: function "assert_param" declared implicitly
..\Libraries\STM32F10x_StdPeriph_Driver\src\stm32f10x_gpio.c(466): warning:  #223-D: function "assert_param" declared implicitly
..\Libraries\STM32F10x_StdPeriph_Driver\src\stm32f10x_gpio.c(486): warning:  #223-D: function "assert_param" declared implicitly
..\Libraries\STM32F10x_StdPeriph_Driver\src\stm32f10x_gpio.c(554): warning:  #223-D: function "assert_param" declared implicitly
..\Libraries\STM32F10x_StdPeriph_Driver\src\stm32f10x_gpio.c(613): warning:  #223-D: function "assert_param" declared implicitly
..\Libraries\STM32F10x_StdPeriph_Driver\src\stm32f10x_gpio.c(632): warning:  #223-D: function "assert_param" declared implicitly
compiling stm32f10x_rcc.c...
..\Libraries\STM32F10x_StdPeriph_Driver\src\stm32f10x_rcc.c(273): warning:  #223-D: function "assert_param" declared implicitly
..\Libraries\STM32F10x_StdPeriph_Driver\src\stm32f10x_rcc.c(338): warning:  #223-D: function "assert_param" declared implicitly
..\Libraries\STM32F10x_StdPeriph_Driver\src\stm32f10x_rcc.c(357): warning:  #223-D: function "assert_param" declared implicitly
..\Libraries\STM32F10x_StdPeriph_Driver\src\stm32f10x_rcc.c(383): warning:  #223-D: function "assert_param" declared implicitly
..\Libraries\STM32F10x_StdPeriph_Driver\src\stm32f10x_rcc.c(404): warning:  #223-D: function "assert_param" declared implicitly
..\Libraries\STM32F10x_StdPeriph_Driver\src\stm32f10x_rcc.c(431): warning:  #223-D: function "assert_param" declared implicitly
..\Libraries\STM32F10x_StdPeriph_Driver\src\stm32f10x_rcc.c(459): warning:  #223-D: function "assert_param" declared implicitly
..\Libraries\STM32F10x_StdPeriph_Driver\src\stm32f10x_rcc.c(484): warning:  #223-D: function "assert_param" declared implicitly
..\Libraries\STM32F10x_StdPeriph_Driver\src\stm32f10x_rcc.c(508): warning:  #223-D: function "assert_param" declared implicitly
..\Libraries\STM32F10x_StdPeriph_Driver\src\stm32f10x_rcc.c(528): warning:  #223-D: function "assert_param" declared implicitly
..\Libraries\STM32F10x_StdPeriph_Driver\src\stm32f10x_rcc.c(550): warning:  #223-D: function "assert_param" declared implicitly
..\Libraries\STM32F10x_StdPeriph_Driver\src\stm32f10x_rcc.c(568): warning:  #223-D: function "assert_param" declared implicitly
..\Libraries\STM32F10x_StdPeriph_Driver\src\stm32f10x_rcc.c(612): warning:  #223-D: function "assert_param" declared implicitly
..\Libraries\STM32F10x_StdPeriph_Driver\src\stm32f10x_rcc.c(638): warning:  #223-D: function "assert_param" declared implicitly
..\Libraries\STM32F10x_StdPeriph_Driver\src\stm32f10x_rcc.c(664): warning:  #223-D: function "assert_param" declared implicitly
..\Libraries\STM32F10x_StdPeriph_Driver\src\stm32f10x_rcc.c(703): warning:  #223-D: function "assert_param" declared implicitly
..\Libraries\STM32F10x_StdPeriph_Driver\src\stm32f10x_rcc.c(749): warning:  #223-D: function "assert_param" declared implicitly
..\Libraries\STM32F10x_StdPeriph_Driver\src\stm32f10x_rcc.c(770): warning:  #223-D: function "assert_param" declared implicitly
..\Libraries\STM32F10x_StdPeriph_Driver\src\stm32f10x_rcc.c(795): warning:  #223-D: function "assert_param" declared implicitly
..\Libraries\STM32F10x_StdPeriph_Driver\src\stm32f10x_rcc.c(814): warning:  #223-D: function "assert_param" declared implicitly
..\Libraries\STM32F10x_StdPeriph_Driver\src\stm32f10x_rcc.c(832): warning:  #223-D: function "assert_param" declared implicitly
..\Libraries\STM32F10x_StdPeriph_Driver\src\stm32f10x_rcc.c(865): warning:  #223-D: function "assert_param" declared implicitly
..\Libraries\STM32F10x_StdPeriph_Driver\src\stm32f10x_rcc.c(882): warning:  #223-D: function "assert_param" declared implicitly
..\Libraries\STM32F10x_StdPeriph_Driver\src\stm32f10x_rcc.c(896): warning:  #223-D: function "assert_param" declared implicitly
..\Libraries\STM32F10x_StdPeriph_Driver\src\stm32f10x_rcc.c(1067): warning:  #223-D: function "assert_param" declared implicitly
..\Libraries\STM32F10x_StdPeriph_Driver\src\stm32f10x_rcc.c(1098): warning:  #223-D: function "assert_param" declared implicitly
..\Libraries\STM32F10x_StdPeriph_Driver\src\stm32f10x_rcc.c(1129): warning:  #223-D: function "assert_param" declared implicitly
..\Libraries\STM32F10x_StdPeriph_Driver\src\stm32f10x_rcc.c(1156): warning:  #223-D: function "assert_param" declared implicitly
..\Libraries\STM32F10x_StdPeriph_Driver\src\stm32f10x_rcc.c(1188): warning:  #223-D: function "assert_param" declared implicitly
..\Libraries\STM32F10x_StdPeriph_Driver\src\stm32f10x_rcc.c(1219): warning:  #223-D: function "assert_param" declared implicitly
..\Libraries\STM32F10x_StdPeriph_Driver\src\stm32f10x_rcc.c(1240): warning:  #223-D: function "assert_param" declared implicitly
..\Libraries\STM32F10x_StdPeriph_Driver\src\stm32f10x_rcc.c(1253): warning:  #223-D: function "assert_param" declared implicitly
..\Libraries\STM32F10x_StdPeriph_Driver\src\stm32f10x_rcc.c(1285): warning:  #223-D: function "assert_param" declared implicitly
..\Libraries\STM32F10x_StdPeriph_Driver\src\stm32f10x_rcc.c(1332): warning:  #223-D: function "assert_param" declared implicitly
..\Libraries\STM32F10x_StdPeriph_Driver\src\stm32f10x_rcc.c(1406): warning:  #223-D: function "assert_param" declared implicitly
..\Libraries\STM32F10x_StdPeriph_Driver\src\stm32f10x_rcc.c(1451): warning:  #223-D: function "assert_param" declared implicitly
compiling system_stm32f10x.c...
linking...
LEDToggle.axf: Error: L6218E: Undefined symbol assert_param (referred from misc.o).
LEDToggle.axf: Error: L6218E: Undefined symbol main (referred from rtentry2.o).
Target not created
Rebuild target 'Target 1'
assembling startup_stm32f10x_cl.s...
compiling main.c...
App\main.c(2): error:  #5: cannot open source input file "stm32f10x_conf": No such file or directory
compiling misc.c...
..\Libraries\STM32F10x_StdPeriph_Driver\src\misc.c(99): warning:  #223-D: function "assert_param" declared implicitly
..\Libraries\STM32F10x_StdPeriph_Driver\src\misc.c(117): warning:  #223-D: function "assert_param" declared implicitly
..\Libraries\STM32F10x_StdPeriph_Driver\src\misc.c(159): warning:  #223-D: function "assert_param" declared implicitly
..\Libraries\STM32F10x_StdPeriph_Driver\src\misc.c(178): warning:  #223-D: function "assert_param" declared implicitly
..\Libraries\STM32F10x_StdPeriph_Driver\src\misc.c(202): warning:  #223-D: function "assert_param" declared implicitly
compiling stm32f10x_gpio.c...
..\Libraries\STM32F10x_StdPeriph_Driver\src\stm32f10x_gpio.c(111): warning:  #223-D: function "assert_param" declared implicitly
..\Libraries\STM32F10x_StdPeriph_Driver\src\stm32f10x_gpio.c(178): warning:  #223-D: function "assert_param" declared implicitly
..\Libraries\STM32F10x_StdPeriph_Driver\src\stm32f10x_gpio.c(286): warning:  #223-D: function "assert_param" declared implicitly
..\Libraries\STM32F10x_StdPeriph_Driver\src\stm32f10x_gpio.c(308): warning:  #223-D: function "assert_param" declared implicitly
..\Libraries\STM32F10x_StdPeriph_Driver\src\stm32f10x_gpio.c(324): warning:  #223-D: function "assert_param" declared implicitly
..\Libraries\STM32F10x_StdPeriph_Driver\src\stm32f10x_gpio.c(346): warning:  #223-D: function "assert_param" declared implicitly
..\Libraries\STM32F10x_StdPeriph_Driver\src\stm32f10x_gpio.c(361): warning:  #223-D: function "assert_param" declared implicitly
..\Libraries\STM32F10x_StdPeriph_Driver\src\stm32f10x_gpio.c(377): warning:  #223-D: function "assert_param" declared implicitly
..\Libraries\STM32F10x_StdPeriph_Driver\src\stm32f10x_gpio.c(397): warning:  #223-D: function "assert_param" declared implicitly
..\Libraries\STM32F10x_StdPeriph_Driver\src\stm32f10x_gpio.c(420): warning:  #223-D: function "assert_param" declared implicitly
..\Libraries\STM32F10x_StdPeriph_Driver\src\stm32f10x_gpio.c(437): warning:  #223-D: function "assert_param" declared implicitly
..\Libraries\STM32F10x_StdPeriph_Driver\src\stm32f10x_gpio.c(466): warning:  #223-D: function "assert_param" declared implicitly
..\Libraries\STM32F10x_StdPeriph_Driver\src\stm32f10x_gpio.c(486): warning:  #223-D: function "assert_param" declared implicitly
..\Libraries\STM32F10x_StdPeriph_Driver\src\stm32f10x_gpio.c(554): warning:  #223-D: function "assert_param" declared implicitly
..\Libraries\STM32F10x_StdPeriph_Driver\src\stm32f10x_gpio.c(613): warning:  #223-D: function "assert_param" declared implicitly
..\Libraries\STM32F10x_StdPeriph_Driver\src\stm32f10x_gpio.c(632): warning:  #223-D: function "assert_param" declared implicitly
compiling stm32f10x_rcc.c...
..\Libraries\STM32F10x_StdPeriph_Driver\src\stm32f10x_rcc.c(273): warning:  #223-D: function "assert_param" declared implicitly
..\Libraries\STM32F10x_StdPeriph_Driver\src\stm32f10x_rcc.c(338): warning:  #223-D: function "assert_param" declared implicitly
..\Libraries\STM32F10x_StdPeriph_Driver\src\stm32f10x_rcc.c(357): warning:  #223-D: function "assert_param" declared implicitly
..\Libraries\STM32F10x_StdPeriph_Driver\src\stm32f10x_rcc.c(383): warning:  #223-D: function "assert_param" declared implicitly
..\Libraries\STM32F10x_StdPeriph_Driver\src\stm32f10x_rcc.c(404): warning:  #223-D: function "assert_param" declared implicitly
..\Libraries\STM32F10x_StdPeriph_Driver\src\stm32f10x_rcc.c(431): warning:  #223-D: function "assert_param" declared implicitly
..\Libraries\STM32F10x_StdPeriph_Driver\src\stm32f10x_rcc.c(459): warning:  #223-D: function "assert_param" declared implicitly
..\Libraries\STM32F10x_StdPeriph_Driver\src\stm32f10x_rcc.c(484): warning:  #223-D: function "assert_param" declared implicitly
..\Libraries\STM32F10x_StdPeriph_Driver\src\stm32f10x_rcc.c(508): warning:  #223-D: function "assert_param" declared implicitly
..\Libraries\STM32F10x_StdPeriph_Driver\src\stm32f10x_rcc.c(528): warning:  #223-D: function "assert_param" declared implicitly
..\Libraries\STM32F10x_StdPeriph_Driver\src\stm32f10x_rcc.c(550): warning:  #223-D: function "assert_param" declared implicitly
..\Libraries\STM32F10x_StdPeriph_Driver\src\stm32f10x_rcc.c(568): warning:  #223-D: function "assert_param" declared implicitly
..\Libraries\STM32F10x_StdPeriph_Driver\src\stm32f10x_rcc.c(612): warning:  #223-D: function "assert_param" declared implicitly
..\Libraries\STM32F10x_StdPeriph_Driver\src\stm32f10x_rcc.c(638): warning:  #223-D: function "assert_param" declared implicitly
..\Libraries\STM32F10x_StdPeriph_Driver\src\stm32f10x_rcc.c(664): warning:  #223-D: function "assert_param" declared implicitly
..\Libraries\STM32F10x_StdPeriph_Driver\src\stm32f10x_rcc.c(703): warning:  #223-D: function "assert_param" declared implicitly
..\Libraries\STM32F10x_StdPeriph_Driver\src\stm32f10x_rcc.c(749): warning:  #223-D: function "assert_param" declared implicitly
..\Libraries\STM32F10x_StdPeriph_Driver\src\stm32f10x_rcc.c(770): warning:  #223-D: function "assert_param" declared implicitly
..\Libraries\STM32F10x_StdPeriph_Driver\src\stm32f10x_rcc.c(795): warning:  #223-D: function "assert_param" declared implicitly
..\Libraries\STM32F10x_StdPeriph_Driver\src\stm32f10x_rcc.c(814): warning:  #223-D: function "assert_param" declared implicitly
..\Libraries\STM32F10x_StdPeriph_Driver\src\stm32f10x_rcc.c(832): warning:  #223-D: function "assert_param" declared implicitly
..\Libraries\STM32F10x_StdPeriph_Driver\src\stm32f10x_rcc.c(865): warning:  #223-D: function "assert_param" declared implicitly
..\Libraries\STM32F10x_StdPeriph_Driver\src\stm32f10x_rcc.c(882): warning:  #223-D: function "assert_param" declared implicitly
..\Libraries\STM32F10x_StdPeriph_Driver\src\stm32f10x_rcc.c(896): warning:  #223-D: function "assert_param" declared implicitly
..\Libraries\STM32F10x_StdPeriph_Driver\src\stm32f10x_rcc.c(1067): warning:  #223-D: function "assert_param" declared implicitly
..\Libraries\STM32F10x_StdPeriph_Driver\src\stm32f10x_rcc.c(1098): warning:  #223-D: function "assert_param" declared implicitly
..\Libraries\STM32F10x_StdPeriph_Driver\src\stm32f10x_rcc.c(1129): warning:  #223-D: function "assert_param" declared implicitly
..\Libraries\STM32F10x_StdPeriph_Driver\src\stm32f10x_rcc.c(1156): warning:  #223-D: function "assert_param" declared implicitly
..\Libraries\STM32F10x_StdPeriph_Driver\src\stm32f10x_rcc.c(1188): warning:  #223-D: function "assert_param" declared implicitly
..\Libraries\STM32F10x_StdPeriph_Driver\src\stm32f10x_rcc.c(1219): warning:  #223-D: function "assert_param" declared implicitly
..\Libraries\STM32F10x_StdPeriph_Driver\src\stm32f10x_rcc.c(1240): warning:  #223-D: function "assert_param" declared implicitly
..\Libraries\STM32F10x_StdPeriph_Driver\src\stm32f10x_rcc.c(1253): warning:  #223-D: function "assert_param" declared implicitly
..\Libraries\STM32F10x_StdPeriph_Driver\src\stm32f10x_rcc.c(1285): warning:  #223-D: function "assert_param" declared implicitly
..\Libraries\STM32F10x_StdPeriph_Driver\src\stm32f10x_rcc.c(1332): warning:  #223-D: function "assert_param" declared implicitly
..\Libraries\STM32F10x_StdPeriph_Driver\src\stm32f10x_rcc.c(1406): warning:  #223-D: function "assert_param" declared implicitly
..\Libraries\STM32F10x_StdPeriph_Driver\src\stm32f10x_rcc.c(1451): warning:  #223-D: function "assert_param" declared implicitly
compiling system_stm32f10x.c...
compiling core_cm3.c...
Target not created
Build target 'Target 1'
compiling main.c...
linking...
LEDToggle.axf: Error: L6218E: Undefined symbol assert_param (referred from misc.o).
LEDToggle.axf: Error: L6218E: Undefined symbol main (referred from rtentry2.o).
Target not created
Build target 'Target 1'
compiling main.c...
linking...
LEDToggle.axf: Error: L6218E: Undefined symbol assert_param (referred from misc.o).
LEDToggle.axf: Error: L6218E: Undefined symbol main (referred from rtentry2.o).
Target not created
Rebuild target 'Target 1'
assembling startup_stm32f10x_cl.s...
compiling main.c...
compiling misc.c...
..\Libraries\STM32F10x_StdPeriph_Driver\src\misc.c(99): warning:  #223-D: function "assert_param" declared implicitly
..\Libraries\STM32F10x_StdPeriph_Driver\src\misc.c(117): warning:  #223-D: function "assert_param" declared implicitly
..\Libraries\STM32F10x_StdPeriph_Driver\src\misc.c(159): warning:  #223-D: function "assert_param" declared implicitly
..\Libraries\STM32F10x_StdPeriph_Driver\src\misc.c(178): warning:  #223-D: function "assert_param" declared implicitly
..\Libraries\STM32F10x_StdPeriph_Driver\src\misc.c(202): warning:  #223-D: function "assert_param" declared implicitly
compiling stm32f10x_gpio.c...
..\Libraries\STM32F10x_StdPeriph_Driver\src\stm32f10x_gpio.c(111): warning:  #223-D: function "assert_param" declared implicitly
..\Libraries\STM32F10x_StdPeriph_Driver\src\stm32f10x_gpio.c(178): warning:  #223-D: function "assert_param" declared implicitly
..\Libraries\STM32F10x_StdPeriph_Driver\src\stm32f10x_gpio.c(286): warning:  #223-D: function "assert_param" declared implicitly
..\Libraries\STM32F10x_StdPeriph_Driver\src\stm32f10x_gpio.c(308): warning:  #223-D: function "assert_param" declared implicitly
..\Libraries\STM32F10x_StdPeriph_Driver\src\stm32f10x_gpio.c(324): warning:  #223-D: function "assert_param" declared implicitly
..\Libraries\STM32F10x_StdPeriph_Driver\src\stm32f10x_gpio.c(346): warning:  #223-D: function "assert_param" declared implicitly
..\Libraries\STM32F10x_StdPeriph_Driver\src\stm32f10x_gpio.c(361): warning:  #223-D: function "assert_param" declared implicitly
..\Libraries\STM32F10x_StdPeriph_Driver\src\stm32f10x_gpio.c(377): warning:  #223-D: function "assert_param" declared implicitly
..\Libraries\STM32F10x_StdPeriph_Driver\src\stm32f10x_gpio.c(397): warning:  #223-D: function "assert_param" declared implicitly
..\Libraries\STM32F10x_StdPeriph_Driver\src\stm32f10x_gpio.c(420): warning:  #223-D: function "assert_param" declared implicitly
..\Libraries\STM32F10x_StdPeriph_Driver\src\stm32f10x_gpio.c(437): warning:  #223-D: function "assert_param" declared implicitly
..\Libraries\STM32F10x_StdPeriph_Driver\src\stm32f10x_gpio.c(466): warning:  #223-D: function "assert_param" declared implicitly
..\Libraries\STM32F10x_StdPeriph_Driver\src\stm32f10x_gpio.c(486): warning:  #223-D: function "assert_param" declared implicitly
..\Libraries\STM32F10x_StdPeriph_Driver\src\stm32f10x_gpio.c(554): warning:  #223-D: function "assert_param" declared implicitly
..\Libraries\STM32F10x_StdPeriph_Driver\src\stm32f10x_gpio.c(613): warning:  #223-D: function "assert_param" declared implicitly
..\Libraries\STM32F10x_StdPeriph_Driver\src\stm32f10x_gpio.c(632): warning:  #223-D: function "assert_param" declared implicitly
compiling stm32f10x_rcc.c...
..\Libraries\STM32F10x_StdPeriph_Driver\src\stm32f10x_rcc.c(273): warning:  #223-D: function "assert_param" declared implicitly
..\Libraries\STM32F10x_StdPeriph_Driver\src\stm32f10x_rcc.c(338): warning:  #223-D: function "assert_param" declared implicitly
..\Libraries\STM32F10x_StdPeriph_Driver\src\stm32f10x_rcc.c(357): warning:  #223-D: function "assert_param" declared implicitly
..\Libraries\STM32F10x_StdPeriph_Driver\src\stm32f10x_rcc.c(383): warning:  #223-D: function "assert_param" declared implicitly
..\Libraries\STM32F10x_StdPeriph_Driver\src\stm32f10x_rcc.c(404): warning:  #223-D: function "assert_param" declared implicitly
..\Libraries\STM32F10x_StdPeriph_Driver\src\stm32f10x_rcc.c(431): warning:  #223-D: function "assert_param" declared implicitly
..\Libraries\STM32F10x_StdPeriph_Driver\src\stm32f10x_rcc.c(459): warning:  #223-D: function "assert_param" declared implicitly
..\Libraries\STM32F10x_StdPeriph_Driver\src\stm32f10x_rcc.c(484): warning:  #223-D: function "assert_param" declared implicitly
..\Libraries\STM32F10x_StdPeriph_Driver\src\stm32f10x_rcc.c(508): warning:  #223-D: function "assert_param" declared implicitly
..\Libraries\STM32F10x_StdPeriph_Driver\src\stm32f10x_rcc.c(528): warning:  #223-D: function "assert_param" declared implicitly
..\Libraries\STM32F10x_StdPeriph_Driver\src\stm32f10x_rcc.c(550): warning:  #223-D: function "assert_param" declared implicitly
..\Libraries\STM32F10x_StdPeriph_Driver\src\stm32f10x_rcc.c(568): warning:  #223-D: function "assert_param" declared implicitly
..\Libraries\STM32F10x_StdPeriph_Driver\src\stm32f10x_rcc.c(612): warning:  #223-D: function "assert_param" declared implicitly
..\Libraries\STM32F10x_StdPeriph_Driver\src\stm32f10x_rcc.c(638): warning:  #223-D: function "assert_param" declared implicitly
..\Libraries\STM32F10x_StdPeriph_Driver\src\stm32f10x_rcc.c(664): warning:  #223-D: function "assert_param" declared implicitly
..\Libraries\STM32F10x_StdPeriph_Driver\src\stm32f10x_rcc.c(703): warning:  #223-D: function "assert_param" declared implicitly
..\Libraries\STM32F10x_StdPeriph_Driver\src\stm32f10x_rcc.c(749): warning:  #223-D: function "assert_param" declared implicitly
..\Libraries\STM32F10x_StdPeriph_Driver\src\stm32f10x_rcc.c(770): warning:  #223-D: function "assert_param" declared implicitly
..\Libraries\STM32F10x_StdPeriph_Driver\src\stm32f10x_rcc.c(795): warning:  #223-D: function "assert_param" declared implicitly
..\Libraries\STM32F10x_StdPeriph_Driver\src\stm32f10x_rcc.c(814): warning:  #223-D: function "assert_param" declared implicitly
..\Libraries\STM32F10x_StdPeriph_Driver\src\stm32f10x_rcc.c(832): warning:  #223-D: function "assert_param" declared implicitly
..\Libraries\STM32F10x_StdPeriph_Driver\src\stm32f10x_rcc.c(865): warning:  #223-D: function "assert_param" declared implicitly
..\Libraries\STM32F10x_StdPeriph_Driver\src\stm32f10x_rcc.c(882): warning:  #223-D: function "assert_param" declared implicitly
..\Libraries\STM32F10x_StdPeriph_Driver\src\stm32f10x_rcc.c(896): warning:  #223-D: function "assert_param" declared implicitly
..\Libraries\STM32F10x_StdPeriph_Driver\src\stm32f10x_rcc.c(1067): warning:  #223-D: function "assert_param" declared implicitly
..\Libraries\STM32F10x_StdPeriph_Driver\src\stm32f10x_rcc.c(1098): warning:  #223-D: function "assert_param" declared implicitly
..\Libraries\STM32F10x_StdPeriph_Driver\src\stm32f10x_rcc.c(1129): warning:  #223-D: function "assert_param" declared implicitly
..\Libraries\STM32F10x_StdPeriph_Driver\src\stm32f10x_rcc.c(1156): warning:  #223-D: function "assert_param" declared implicitly
..\Libraries\STM32F10x_StdPeriph_Driver\src\stm32f10x_rcc.c(1188): warning:  #223-D: function "assert_param" declared implicitly
..\Libraries\STM32F10x_StdPeriph_Driver\src\stm32f10x_rcc.c(1219): warning:  #223-D: function "assert_param" declared implicitly
..\Libraries\STM32F10x_StdPeriph_Driver\src\stm32f10x_rcc.c(1240): warning:  #223-D: function "assert_param" declared implicitly
..\Libraries\STM32F10x_StdPeriph_Driver\src\stm32f10x_rcc.c(1253): warning:  #223-D: function "assert_param" declared implicitly
..\Libraries\STM32F10x_StdPeriph_Driver\src\stm32f10x_rcc.c(1285): warning:  #223-D: function "assert_param" declared implicitly
..\Libraries\STM32F10x_StdPeriph_Driver\src\stm32f10x_rcc.c(1332): warning:  #223-D: function "assert_param" declared implicitly
..\Libraries\STM32F10x_StdPeriph_Driver\src\stm32f10x_rcc.c(1406): warning:  #223-D: function "assert_param" declared implicitly
..\Libraries\STM32F10x_StdPeriph_Driver\src\stm32f10x_rcc.c(1451): warning:  #223-D: function "assert_param" declared implicitly
compiling system_stm32f10x.c...
compiling core_cm3.c...
linking...
LEDToggle.axf: Error: L6218E: Undefined symbol assert_param (referred from misc.o).
LEDToggle.axf: Error: L6218E: Undefined symbol main (referred from rtentry2.o).
Target not created
Build target 'Target 1'
compiling main.c...
compiling misc.c...
compiling stm32f10x_gpio.c...
compiling stm32f10x_rcc.c...
compiling system_stm32f10x.c...
compiling core_cm3.c...
linking...
LEDToggle.axf: Error: L6218E: Undefined symbol main (referred from rtentry2.o).
Target not created
Build target 'Target 1'
compiling main.c...
compiling misc.c...
compiling stm32f10x_gpio.c...
compiling stm32f10x_rcc.c...
compiling system_stm32f10x.c...
compiling core_cm3.c...
linking...
LEDToggle.axf: Error: L6218E: Undefined symbol main (referred from rtentry2.o).
Target not created
Rebuild target 'Target 1'
assembling startup_stm32f10x_cl.s...
compiling main.c...
compiling misc.c...
compiling stm32f10x_gpio.c...
compiling stm32f10x_rcc.c...
compiling core_cm3.c...
compiling system_stm32f10x.c...
linking...
LEDToggle.axf: Error: L6218E: Undefined symbol main (referred from rtentry2.o).
Target not created
Rebuild target 'Target 1'
assembling startup_stm32f10x_cl.s...
compiling main.c...
compiling misc.c...
compiling stm32f10x_gpio.c...
compiling stm32f10x_rcc.c...
compiling core_cm3.c...
compiling system_stm32f10x.c...
linking...
LEDToggle.axf: Error: L6218E: Undefined symbol main (referred from rtentry2.o).
Target not created
Build target 'Target 1'
linking...
LEDToggle.axf: Error: L6218E: Undefined symbol main (referred from rtentry2.o).
Target not created
Build target 'Target 1'
compiling main.c...
App\main.c(3): warning:  #951-D: return type of function "main" must be "int"
App\main.c(5): warning:  #1-D: last line of file ends without a newline
linking...
Program Size: Code=736 RO-data=368 RW-data=20 ZI-data=1636  
FromELF: creating hex file...
"LEDToggle.axf" - 0 Error(s), 2 Warning(s).
Rebuild target 'Target 1'
assembling startup_stm32f10x_cl.s...
compiling main.c...
App\main.c(3): warning:  #951-D: return type of function "main" must be "int"
App\main.c(5): warning:  #1-D: last line of file ends without a newline
compiling misc.c...
compiling stm32f10x_gpio.c...
compiling stm32f10x_rcc.c...
compiling core_cm3.c...
compiling system_stm32f10x.c...
linking...
Program Size: Code=736 RO-data=368 RW-data=20 ZI-data=1636  
FromELF: creating hex file...
"LEDToggle.axf" - 0 Error(s), 2 Warning(s).
Rebuild target 'Target 1'
assembling startup_stm32f10x_cl.s...
compiling main.c...
App\main.c(3): warning:  #951-D: return type of function "main" must be "int"
App\main.c(5): warning:  #1-D: last line of file ends without a newline
compiling misc.c...
compiling stm32f10x_gpio.c...
compiling stm32f10x_rcc.c...
compiling core_cm3.c...
compiling system_stm32f10x.c...
linking...
Program Size: Code=736 RO-data=368 RW-data=20 ZI-data=1636  
FromELF: creating hex file...
"LEDToggle.axf" - 0 Error(s), 2 Warning(s).
Build target 'Target 1'
compiling main.c...
App\main.c(10): warning:  #951-D: return type of function "main" must be "int"
compiling misc.c...
compiling stm32f10x_gpio.c...
compiling stm32f10x_rcc.c...
compiling system_stm32f10x.c...
linking...
Program Size: Code=748 RO-data=368 RW-data=20 ZI-data=1636  
FromELF: creating hex file...
"LEDToggle.axf" - 0 Error(s), 1 Warning(s).
Build target 'Target 1'
compiling main.c...
linking...
Program Size: Code=748 RO-data=368 RW-data=20 ZI-data=1636  
FromELF: creating hex file...
"LEDToggle.axf" - 0 Error(s), 0 Warning(s).
Build target 'Target 1'
compiling main.c...
App\main.c(22): warning:  #223-D: function "RCC_AHB1PeriphClockCmd" declared implicitly
App\main.c(22): error:  #20: identifier "RCC_AHB1Periph_GPIOD" is undefined
App\main.c(26): error:  #20: identifier "GPIO_Mode_OUT" is undefined
App\main.c(27): error:  #136: struct "<unnamed>" has no field "GPIO_OType"
App\main.c(27): error:  #20: identifier "GPIO_OType_PP" is undefined
App\main.c(28): error:  #20: identifier "GPIO_Speed_100MHz" is undefined
App\main.c(29): error:  #136: struct "<unnamed>" has no field "GPIO_PuPd"
App\main.c(29): error:  #20: identifier "GPIO_PuPd_NOPULL" is undefined
App\main.c(63): warning:  #111-D: statement is unreachable
Target not created
Build target 'Target 1'
compiling main.c...
App\main.c(27): error:  #20: identifier "GPIO_Mode_OUT" is undefined
App\main.c(28): error:  #136: struct "<unnamed>" has no field "GPIO_OType"
App\main.c(28): error:  #20: identifier "GPIO_OType_PP" is undefined
App\main.c(29): error:  #20: identifier "GPIO_Speed_100MHz" is undefined
App\main.c(30): error:  #136: struct "<unnamed>" has no field "GPIO_PuPd"
App\main.c(30): error:  #20: identifier "GPIO_PuPd_NOPULL" is undefined
App\main.c(64): warning:  #111-D: statement is unreachable
Target not created
Build target 'Target 1'
compiling main.c...
App\main.c(64): warning:  #111-D: statement is unreachable
linking...
Program Size: Code=2680 RO-data=368 RW-data=44 ZI-data=1636  
FromELF: creating hex file...
"LEDToggle.axf" - 0 Error(s), 1 Warning(s).
Load "D:\\VBEB\\Project\\Understanding_STM32F107\\trunk\\LEDToggle\\LEDToggle.AXF" 
* JLink Info: Device "STM32F107VC" selected (256 KB flash, 20 KB RAM).
Set JLink Project File to "D:\VBEB\Project\Understanding_STM32F107\trunk\LEDToggle\JLinkSettings.ini"
 
JLink info:
------------
DLL: V4.50j, compiled Jun 26 2012 09:19:07
Firmware: J-Link ARM V7 compiled Jun 20 2012 19:45:53
Hardware: V7.00
S/N : 11111117 
Feature(s) : RDI, FlashBP, FlashDL, JFlash, GDBFull 
 
* JLink Info: TotalIRLen = 9, IRPrint = 0x0011
* JLink Info: TotalIRLen = 9, IRPrint = 0x0011
* JLink Info: Found Cortex-M3 r1p1, Little endian.
* JLink Info: TPIU fitted.
* JLink Info: ETM fitted.
* JLink Info: FPUnit: 6 code (BP) slots and 2 literal slots
ROMTableAddr = 0xE00FF003
* JLink Info: Found Cortex-M3 r1p1, Little endian.
* JLink Info: TPIU fitted.
* JLink Info: ETM fitted.
* JLink Info: FPUnit: 6 code (BP) slots and 2 literal slots
 
Target info:
------------
Device: STM32F107VC
VTarget = 3.196V
State of Pins: 
TCK: 1, TDI: 0, TDO: 1, TMS: 0, TRES: 1, TRST: 1
Hardware-Breakpoints: 6
Software-Breakpoints: 8192
Watchpoints:          4
JTAG speed: 2000 kHz
 
Erase Done.
Programming Done.
Verify OK.
Build target 'Target 1'
compiling main.c...
App\main.c(64): warning:  #111-D: statement is unreachable
linking...
Program Size: Code=2680 RO-data=368 RW-data=44 ZI-data=1636  
FromELF: creating hex file...
"LEDToggle.axf" - 0 Error(s), 1 Warning(s).
Rebuild target 'Target 1'
assembling startup_stm32f10x_cl.s...
compiling main.c...
App\main.c(64): warning:  #111-D: statement is unreachable
compiling misc.c...
compiling stm32f10x_gpio.c...
compiling stm32f10x_rcc.c...
compiling core_cm3.c...
compiling system_stm32f10x.c...
linking...
Program Size: Code=2680 RO-data=368 RW-data=44 ZI-data=1636  
FromELF: creating hex file...
"LEDToggle.axf" - 0 Error(s), 1 Warning(s).
Load "D:\\VBEB\\Project\\Understanding_STM32F107\\trunk\\LEDToggle\\LEDToggle.AXF" 
* JLink Info: Device "STM32F107VC" selected (256 KB flash, 20 KB RAM).
Set JLink Project File to "D:\VBEB\Project\Understanding_STM32F107\trunk\LEDToggle\JLinkSettings.ini"
 
JLink info:
------------
DLL: V4.50j, compiled Jun 26 2012 09:19:07
Firmware: J-Link ARM V7 compiled Jun 20 2012 19:45:53
Hardware: V7.00
S/N : 11111117 
Feature(s) : RDI, FlashBP, FlashDL, JFlash, GDBFull 
 
* JLink Info: TotalIRLen = 9, IRPrint = 0x0011
* JLink Info: TotalIRLen = 9, IRPrint = 0x0011
* JLink Info: Found Cortex-M3 r1p1, Little endian.
* JLink Info: TPIU fitted.
* JLink Info: ETM fitted.
* JLink Info: FPUnit: 6 code (BP) slots and 2 literal slots
ROMTableAddr = 0xE00FF003
* JLink Info: Found Cortex-M3 r1p1, Little endian.
* JLink Info: TPIU fitted.
* JLink Info: ETM fitted.
* JLink Info: FPUnit: 6 code (BP) slots and 2 literal slots
 
Target info:
------------
Device: STM32F107VC
VTarget = 3.196V
State of Pins: 
TCK: 1, TDI: 0, TDO: 1, TMS: 0, TRES: 1, TRST: 1
Hardware-Breakpoints: 6
Software-Breakpoints: 8192
Watchpoints:          4
JTAG speed: 2000 kHz
 
Erase Done.
Programming Done.
Verify OK.
